;\Patchwork\CodeManipulation\Stream::reinstateWrapper();PHPUnit 9.6.34 by Sebastian Bergmann and contributors.

Runtime:       PHP 8.3.30
Configuration: D:\meowseo\phpunit.xml

..........................SSS................................   61 / 1389 (  4%)
...................................................R
=== Bug Condition Exploration Results ===
Total MeowSEO admin_menu callbacks: 2
  - Class: MeowSEO\Admin, Method: register_admin_menu
  - Class: MeowSEO\Admin\Log_Viewer, Method: register_admin_menu
=========================================

.........  122 / 1389 (  8%)
....................................SSSSSSSSSSSSSSSS.........  183 / 1389 ( 13%)
............I................SSSSSSSSSSSSSSSSSSSSSSS.........  244 / 1389 ( 17%)
.......SSSS..................................................  305 / 1389 ( 21%)
...................................................SSSS....SS  366 / 1389 ( 26%)
SSS...S.SSSSSSSSSSSS.........................................  427 / 1389 ( 30%)
.............................................................  488 / 1389 ( 35%)
.............................................................  549 / 1389 ( 39%)
..............................................S....SS........  610 / 1389 ( 43%)
...................SSSSSSSSSS...............SSSSSSSSSS.......  671 / 1389 ( 48%)
.............................................................  732 / 1389 ( 52%)
.............................................................  793 / 1389 ( 57%)
.............................................................  854 / 1389 ( 61%)
......SSSSS.........SSSSSS.........SSSSSSSS.SSSSS...SSSSSSSSS  915 / 1389 ( 65%)
SS..SSSS.SSSSS.SSSSSSSSS...............................SSS...  976 / 1389 ( 70%)
..SS..SSSSSSSSSSSSSSS.....................F
Reproduce with:
ERIS_SEED=1776673288221130 vendor/bin/phpunit --filter 'MeowSEO\\Tests\\ModuleLoadingPropertyTest::test_module_manager_loads_exactly_enabled_set'
.F
Reproduce with:
ERIS_SEED=1776673288287186 vendor/bin/phpunit --filter 'MeowSEO\\Tests\\ModuleLoadingPropertyTest::test_module_manager_loads_all_enabled_modules'
F
Reproduce with:
ERIS_SEED=1776673288290924 vendor/bin/phpunit --filter 'MeowSEO\\Tests\\ModuleLoadingPropertyTest::test_module_manager_respects_options_on_each_boot'
............... 1037 / 1389 ( 74%)
............F
Reproduce with:
ERIS_SEED=1776673288497580 vendor/bin/phpunit --filter 'MeowSEO\\Tests\\Property10LogEntryLimitTest::test_cleanup_triggered_after_exceeding_limit'
.........F
Reproduce with:
ERIS_SEED=1776673289642302 vendor/bin/phpunit --filter 'MeowSEO\\Tests\\Property11CleanupTriggerTest::test_cleanup_triggered_when_limit_exceeded'
F
Reproduce with:
ERIS_SEED=1776673289642777 vendor/bin/phpunit --filter 'MeowSEO\\Tests\\Property11CleanupTriggerTest::test_cleanup_not_triggered_when_under_limit'
...SSSSSSSF
Reproduce with:
ERIS_SEED=1776673293142110 vendor/bin/phpunit --filter 'MeowSEO\\Tests\\Property12DeduplicationTest::test_duplicate_entries_increment_hit_count'
........................F
Reproduce with:
ERIS_SEED=1776673293276276 vendor/bin/phpunit --filter 'MeowSEO\\Tests\\Property14PaginationTest::test_pagination_pages_calculated_correctly'
. 1098 / 1389 ( 79%)
F
Reproduce with:
ERIS_SEED=1776673293536518 vendor/bin/phpunit --filter 'MeowSEO\\Tests\\Property14PaginationTest::test_all_pages_except_last_contain_exactly_p_entries'
.F
Reproduce with:
ERIS_SEED=1776673293752491 vendor/bin/phpunit --filter 'MeowSEO\\Tests\\Property14PaginationTest::test_last_page_contains_remainder_entries'
F
Reproduce with:
ERIS_SEED=1776673293757665 vendor/bin/phpunit --filter 'MeowSEO\\Tests\\Property14PaginationTest::test_edge_case_zero_entries_returns_one_page'
F
Reproduce with:
ERIS_SEED=1776673293759665 vendor/bin/phpunit --filter 'MeowSEO\\Tests\\Property14PaginationTest::test_edge_case_one_entry_returns_one_page'
F
Reproduce with:
ERIS_SEED=1776673293761358 vendor/bin/phpunit --filter 'MeowSEO\\Tests\\Property14PaginationTest::test_edge_case_exactly_p_entries_returns_one_page'
F
Reproduce with:
ERIS_SEED=1776673293805470 vendor/bin/phpunit --filter 'MeowSEO\\Tests\\Property14PaginationTest::test_edge_case_p_plus_one_entries_returns_two_pages'
F
Warning: Undefined property: class@anonymous::$insert_id in D:\meowseo\tests\properties\Property14RedirectMatchingCorrectnessTest.php on line 558

Warning: Undefined property: class@anonymous::$insert_id in D:\meowseo\tests\properties\Property14RedirectMatchingCorrectnessTest.php on line 558

Reproduce with:
ERIS_SEED=1776673293816881 vendor/bin/phpunit --filter 'MeowSEO\\Tests\\Property14RedirectMatchingCorrectnessTest::test_redirect_matching_algorithm_correctness'
F
Warning: Undefined property: class@anonymous::$insert_id in D:\meowseo\tests\properties\Property14RedirectMatchingCorrectnessTest.php on line 558

Warning: Undefined property: class@anonymous::$insert_id in D:\meowseo\tests\properties\Property14RedirectMatchingCorrectnessTest.php on line 558

Warning: Undefined property: class@anonymous::$insert_id in D:\meowseo\tests\properties\Property14RedirectMatchingCorrectnessTest.php on line 558

Warning: Undefined property: class@anonymous::$insert_id in D:\meowseo\tests\properties\Property14RedirectMatchingCorrectnessTest.php on line 558

Warning: Undefined property: class@anonymous::$insert_id in D:\meowseo\tests\properties\Property14RedirectMatchingCorrectnessTest.php on line 558

Warning: Undefined property: class@anonymous::$insert_id in D:\meowseo\tests\properties\Property14RedirectMatchingCorrectnessTest.php on line 558

Warning: Undefined property: class@anonymous::$insert_id in D:\meowseo\tests\properties\Property14RedirectMatchingCorrectnessTest.php on line 558

Warning: Undefined property: class@anonymous::$insert_id in D:\meowseo\tests\properties\Property14RedirectMatchingCorrectnessTest.php on line 558

Warning: Undefined property: class@anonymous::$insert_id in D:\meowseo\tests\properties\Property14RedirectMatchingCorrectnessTest.php on line 558

Warning: Undefined property: class@anonymous::$insert_id in D:\meowseo\tests\properties\Property14RedirectMatchingCorrectnessTest.php on line 558

Warning: Undefined property: class@anonymous::$insert_id in D:\meowseo\tests\properties\Property14RedirectMatchingCorrectnessTest.php on line 558

Warning: Undefined property: class@anonymous::$insert_id in D:\meowseo\tests\properties\Property14RedirectMatchingCorrectnessTest.php on line 558

Reproduce with:
ERIS_SEED=1776673293819633 vendor/bin/phpunit --filter 'MeowSEO\\Tests\\Property14RedirectMatchingCorrectnessTest::test_exact_match_precedence_over_regex'
F
Warning: Undefined property: class@anonymous::$insert_id in D:\meowseo\tests\properties\Property14RedirectMatchingCorrectnessTest.php on line 558

Warning: Undefined property: class@anonymous::$insert_id in D:\meowseo\tests\properties\Property14RedirectMatchingCorrectnessTest.php on line 558

Warning: Undefined property: class@anonymous::$insert_id in D:\meowseo\tests\properties\Property14RedirectMatchingCorrectnessTest.php on line 558

Warning: Undefined property: class@anonymous::$insert_id in D:\meowseo\tests\properties\Property14RedirectMatchingCorrectnessTest.php on line 558

Warning: Undefined property: class@anonymous::$insert_id in D:\meowseo\tests\properties\Property14RedirectMatchingCorrectnessTest.php on line 558

Warning: Undefined property: class@anonymous::$insert_id in D:\meowseo\tests\properties\Property14RedirectMatchingCorrectnessTest.php on line 558

Warning: Undefined property: class@anonymous::$insert_id in D:\meowseo\tests\properties\Property14RedirectMatchingCorrectnessTest.php on line 558

Warning: Undefined property: class@anonymous::$insert_id in D:\meowseo\tests\properties\Property14RedirectMatchingCorrectnessTest.php on line 558

Warning: Undefined property: class@anonymous::$insert_id in D:\meowseo\tests\properties\Property14RedirectMatchingCorrectnessTest.php on line 558

Reproduce with:
ERIS_SEED=1776673293823964 vendor/bin/phpunit --filter 'MeowSEO\\Tests\\Property14RedirectMatchingCorrectnessTest::test_regex_rules_only_loaded_when_needed'
R
Warning: Undefined property: class@anonymous::$insert_id in D:\meowseo\tests\properties\Property14RedirectMatchingCorrectnessTest.php on line 558

Warning: Undefined property: class@anonymous::$insert_id in D:\meowseo\tests\properties\Property14RedirectMatchingCorrectnessTest.php on line 558

Warning: Undefined property: class@anonymous::$insert_id in D:\meowseo\tests\properties\Property14RedirectMatchingCorrectnessTest.php on line 558

Warning: Undefined property: class@anonymous::$insert_id in D:\meowseo\tests\properties\Property14RedirectMatchingCorrectnessTest.php on line 558

Warning: Undefined property: class@anonymous::$insert_id in D:\meowseo\tests\properties\Property14RedirectMatchingCorrectnessTest.php on line 558

Warning: Undefined property: class@anonymous::$insert_id in D:\meowseo\tests\properties\Property14RedirectMatchingCorrectnessTest.php on line 558

Warning: Undefined property: class@anonymous::$insert_id in D:\meowseo\tests\properties\Property14RedirectMatchingCorrectnessTest.php on line 558

Warning: Undefined property: class@anonymous::$insert_id in D:\meowseo\tests\properties\Property14RedirectMatchingCorrectnessTest.php on line 558

Warning: Undefined property: class@anonymous::$insert_id in D:\meowseo\tests\properties\Property14RedirectMatchingCorrectnessTest.php on line 558

Warning: Undefined property: class@anonymous::$insert_id in D:\meowseo\tests\properties\Property14RedirectMatchingCorrectnessTest.php on line 558

Warning: Undefined property: class@anonymous::$insert_id in D:\meowseo\tests\properties\Property14RedirectMatchingCorrectnessTest.php on line 558

Warning: Undefined property: class@anonymous::$insert_id in D:\meowseo\tests\properties\Property14RedirectMatchingCorrectnessTest.php on line 558

Warning: Undefined property: class@anonymous::$insert_id in D:\meowseo\tests\properties\Property14RedirectMatchingCorrectnessTest.php on line 558

Warning: Undefined property: class@anonymous::$insert_id in D:\meowseo\tests\properties\Property14RedirectMatchingCorrectnessTest.php on line 558

Warning: Undefined property: class@anonymous::$insert_id in D:\meowseo\tests\properties\Property14RedirectMatchingCorrectnessTest.php on line 558

Warning: Undefined property: class@anonymous::$insert_id in D:\meowseo\tests\properties\Property14RedirectMatchingCorrectnessTest.php on line 558

Warning: Undefined property: class@anonymous::$insert_id in D:\meowseo\tests\properties\Property14RedirectMatchingCorrectnessTest.php on line 558

Warning: Undefined property: class@anonymous::$insert_id in D:\meowseo\tests\properties\Property14RedirectMatchingCorrectnessTest.php on line 558

Warning: Undefined property: class@anonymous::$insert_id in D:\meowseo\tests\properties\Property14RedirectMatchingCorrectnessTest.php on line 558

Warning: Undefined property: class@anonymous::$insert_id in D:\meowseo\tests\properties\Property14RedirectMatchingCorrectnessTest.php on line 558

Warning: Undefined property: class@anonymous::$insert_id in D:\meowseo\tests\properties\Property14RedirectMatchingCorrectnessTest.php on line 558

Warning: Undefined property: class@anonymous::$insert_id in D:\meowseo\tests\properties\Property14RedirectMatchingCorrectnessTest.php on line 558

Warning: Undefined property: class@anonymous::$insert_id in D:\meowseo\tests\properties\Property14RedirectMatchingCorrectnessTest.php on line 558

Warning: Undefined property: class@anonymous::$insert_id in D:\meowseo\tests\properties\Property14RedirectMatchingCorrectnessTest.php on line 558

Warning: Undefined property: class@anonymous::$insert_id in D:\meowseo\tests\properties\Property14RedirectMatchingCorrectnessTest.php on line 558

Warning: Undefined property: class@anonymous::$insert_id in D:\meowseo\tests\properties\Property14RedirectMatchingCorrectnessTest.php on line 558

Warning: Undefined property: class@anonymous::$insert_id in D:\meowseo\tests\properties\Property14RedirectMatchingCorrectnessTest.php on line 558

Warning: Undefined property: class@anonymous::$insert_id in D:\meowseo\tests\properties\Property14RedirectMatchingCorrectnessTest.php on line 558

Warning: Undefined property: class@anonymous::$insert_id in D:\meowseo\tests\properties\Property14RedirectMatchingCorrectnessTest.php on line 558

Warning: Undefined property: class@anonymous::$insert_id in D:\meowseo\tests\properties\Property14RedirectMatchingCorrectnessTest.php on line 558

Warning: Undefined property: class@anonymous::$insert_id in D:\meowseo\tests\properties\Property14RedirectMatchingCorrectnessTest.php on line 558

Warning: Undefined property: class@anonymous::$insert_id in D:\meowseo\tests\properties\Property14RedirectMatchingCorrectnessTest.php on line 558

Warning: Undefined property: class@anonymous::$insert_id in D:\meowseo\tests\properties\Property14RedirectMatchingCorrectnessTest.php on line 558

Warning: Undefined property: class@anonymous::$insert_id in D:\meowseo\tests\properties\Property14RedirectMatchingCorrectnessTest.php on line 558

Warning: Undefined property: class@anonymous::$insert_id in D:\meowseo\tests\properties\Property14RedirectMatchingCorrectnessTest.php on line 558

Warning: Undefined property: class@anonymous::$insert_id in D:\meowseo\tests\properties\Property14RedirectMatchingCorrectnessTest.php on line 558

Warning: Undefined property: class@anonymous::$insert_id in D:\meowseo\tests\properties\Property14RedirectMatchingCorrectnessTest.php on line 558

Warning: Undefined property: class@anonymous::$insert_id in D:\meowseo\tests\properties\Property14RedirectMatchingCorrectnessTest.php on line 558

Warning: Undefined property: class@anonymous::$insert_id in D:\meowseo\tests\properties\Property14RedirectMatchingCorrectnessTest.php on line 558

Warning: Undefined property: class@anonymous::$insert_id in D:\meowseo\tests\properties\Property14RedirectMatchingCorrectnessTest.php on line 558

Warning: Undefined property: class@anonymous::$insert_id in D:\meowseo\tests\properties\Property14RedirectMatchingCorrectnessTest.php on line 558

Warning: Undefined property: class@anonymous::$insert_id in D:\meowseo\tests\properties\Property14RedirectMatchingCorrectnessTest.php on line 558

Warning: Undefined property: class@anonymous::$insert_id in D:\meowseo\tests\properties\Property14RedirectMatchingCorrectnessTest.php on line 558

Warning: Undefined property: class@anonymous::$insert_id in D:\meowseo\tests\properties\Property14RedirectMatchingCorrectnessTest.php on line 558

Warning: Undefined property: class@anonymous::$insert_id in D:\meowseo\tests\properties\Property14RedirectMatchingCorrectnessTest.php on line 558

Warning: Undefined property: class@anonymous::$insert_id in D:\meowseo\tests\properties\Property14RedirectMatchingCorrectnessTest.php on line 558

Warning: Undefined property: class@anonymous::$insert_id in D:\meowseo\tests\properties\Property14RedirectMatchingCorrectnessTest.php on line 558

Warning: Undefined property: class@anonymous::$insert_id in D:\meowseo\tests\properties\Property14RedirectMatchingCorrectnessTest.php on line 558

Warning: Undefined property: class@anonymous::$insert_id in D:\meowseo\tests\properties\Property14RedirectMatchingCorrectnessTest.php on line 558

Warning: Undefined property: class@anonymous::$insert_id in D:\meowseo\tests\properties\Property14RedirectMatchingCorrectnessTest.php on line 558

Warning: Undefined property: class@anonymous::$insert_id in D:\meowseo\tests\properties\Property14RedirectMatchingCorrectnessTest.php on line 558

Warning: Undefined property: class@anonymous::$insert_id in D:\meowseo\tests\properties\Property14RedirectMatchingCorrectnessTest.php on line 558

Warning: Undefined property: class@anonymous::$insert_id in D:\meowseo\tests\properties\Property14RedirectMatchingCorrectnessTest.php on line 558

Warning: Undefined property: class@anonymous::$insert_id in D:\meowseo\tests\properties\Property14RedirectMatchingCorrectnessTest.php on line 558

Warning: Undefined property: class@anonymous::$insert_id in D:\meowseo\tests\properties\Property14RedirectMatchingCorrectnessTest.php on line 558

Warning: Undefined property: class@anonymous::$insert_id in D:\meowseo\tests\properties\Property14RedirectMatchingCorrectnessTest.php on line 558

Warning: Undefined property: class@anonymous::$insert_id in D:\meowseo\tests\properties\Property14RedirectMatchingCorrectnessTest.php on line 558

Warning: Undefined property: class@anonymous::$insert_id in D:\meowseo\tests\properties\Property14RedirectMatchingCorrectnessTest.php on line 558

Warning: Undefined property: class@anonymous::$insert_id in D:\meowseo\tests\properties\Property14RedirectMatchingCorrectnessTest.php on line 558

Warning: Undefined property: class@anonymous::$insert_id in D:\meowseo\tests\properties\Property14RedirectMatchingCorrectnessTest.php on line 558

Warning: Undefined property: class@anonymous::$insert_id in D:\meowseo\tests\properties\Property14RedirectMatchingCorrectnessTest.php on line 558

Warning: Undefined property: class@anonymous::$insert_id in D:\meowseo\tests\properties\Property14RedirectMatchingCorrectnessTest.php on line 558

Warning: Undefined property: class@anonymous::$insert_id in D:\meowseo\tests\properties\Property14RedirectMatchingCorrectnessTest.php on line 558

Warning: Undefined property: class@anonymous::$insert_id in D:\meowseo\tests\properties\Property14RedirectMatchingCorrectnessTest.php on line 558

Warning: Undefined property: class@anonymous::$insert_id in D:\meowseo\tests\properties\Property14RedirectMatchingCorrectnessTest.php on line 558

Warning: Undefined property: class@anonymous::$insert_id in D:\meowseo\tests\properties\Property14RedirectMatchingCorrectnessTest.php on line 558

Warning: Undefined property: class@anonymous::$insert_id in D:\meowseo\tests\properties\Property14RedirectMatchingCorrectnessTest.php on line 558

Warning: Undefined property: class@anonymous::$insert_id in D:\meowseo\tests\properties\Property14RedirectMatchingCorrectnessTest.php on line 558

Warning: Undefined property: class@anonymous::$insert_id in D:\meowseo\tests\properties\Property14RedirectMatchingCorrectnessTest.php on line 558

Warning: Undefined property: class@anonymous::$insert_id in D:\meowseo\tests\properties\Property14RedirectMatchingCorrectnessTest.php on line 558

Warning: Undefined property: class@anonymous::$insert_id in D:\meowseo\tests\properties\Property14RedirectMatchingCorrectnessTest.php on line 558

Warning: Undefined property: class@anonymous::$insert_id in D:\meowseo\tests\properties\Property14RedirectMatchingCorrectnessTest.php on line 558

Warning: Undefined property: class@anonymous::$insert_id in D:\meowseo\tests\properties\Property14RedirectMatchingCorrectnessTest.php on line 558

Warning: Undefined property: class@anonymous::$insert_id in D:\meowseo\tests\properties\Property14RedirectMatchingCorrectnessTest.php on line 558

Warning: Undefined property: class@anonymous::$insert_id in D:\meowseo\tests\properties\Property14RedirectMatchingCorrectnessTest.php on line 558

Warning: Undefined property: class@anonymous::$insert_id in D:\meowseo\tests\properties\Property14RedirectMatchingCorrectnessTest.php on line 558

Warning: Undefined property: class@anonymous::$insert_id in D:\meowseo\tests\properties\Property14RedirectMatchingCorrectnessTest.php on line 558

Warning: Undefined property: class@anonymous::$insert_id in D:\meowseo\tests\properties\Property14RedirectMatchingCorrectnessTest.php on line 558

Warning: Undefined property: class@anonymous::$insert_id in D:\meowseo\tests\properties\Property14RedirectMatchingCorrectnessTest.php on line 558

Warning: Undefined property: class@anonymous::$insert_id in D:\meowseo\tests\properties\Property14RedirectMatchingCorrectnessTest.php on line 558

Warning: Undefined property: class@anonymous::$insert_id in D:\meowseo\tests\properties\Property14RedirectMatchingCorrectnessTest.php on line 558

Warning: Undefined property: class@anonymous::$insert_id in D:\meowseo\tests\properties\Property14RedirectMatchingCorrectnessTest.php on line 558

Warning: Undefined property: class@anonymous::$insert_id in D:\meowseo\tests\properties\Property14RedirectMatchingCorrectnessTest.php on line 558

Warning: Undefined property: class@anonymous::$insert_id in D:\meowseo\tests\properties\Property14RedirectMatchingCorrectnessTest.php on line 558

Warning: Undefined property: class@anonymous::$insert_id in D:\meowseo\tests\properties\Property14RedirectMatchingCorrectnessTest.php on line 558

Warning: Undefined property: class@anonymous::$insert_id in D:\meowseo\tests\properties\Property14RedirectMatchingCorrectnessTest.php on line 558

Warning: Undefined property: class@anonymous::$insert_id in D:\meowseo\tests\properties\Property14RedirectMatchingCorrectnessTest.php on line 558

Warning: Undefined property: class@anonymous::$insert_id in D:\meowseo\tests\properties\Property14RedirectMatchingCorrectnessTest.php on line 558

Warning: Undefined property: class@anonymous::$insert_id in D:\meowseo\tests\properties\Property14RedirectMatchingCorrectnessTest.php on line 558

Warning: Undefined property: class@anonymous::$insert_id in D:\meowseo\tests\properties\Property14RedirectMatchingCorrectnessTest.php on line 558

Warning: Undefined property: class@anonymous::$insert_id in D:\meowseo\tests\properties\Property14RedirectMatchingCorrectnessTest.php on line 558

Warning: Undefined property: class@anonymous::$insert_id in D:\meowseo\tests\properties\Property14RedirectMatchingCorrectnessTest.php on line 558

Warning: Undefined property: class@anonymous::$insert_id in D:\meowseo\tests\properties\Property14RedirectMatchingCorrectnessTest.php on line 558

Warning: Undefined property: class@anonymous::$insert_id in D:\meowseo\tests\properties\Property14RedirectMatchingCorrectnessTest.php on line 558

Warning: Undefined property: class@anonymous::$insert_id in D:\meowseo\tests\properties\Property14RedirectMatchingCorrectnessTest.php on line 558

Warning: Undefined property: class@anonymous::$insert_id in D:\meowseo\tests\properties\Property14RedirectMatchingCorrectnessTest.php on line 558

Warning: Undefined property: class@anonymous::$insert_id in D:\meowseo\tests\properties\Property14RedirectMatchingCorrectnessTest.php on line 558

Warning: Undefined property: class@anonymous::$insert_id in D:\meowseo\tests\properties\Property14RedirectMatchingCorrectnessTest.php on line 558

Warning: Undefined property: class@anonymous::$insert_id in D:\meowseo\tests\properties\Property14RedirectMatchingCorrectnessTest.php on line 558

Warning: Undefined property: class@anonymous::$insert_id in D:\meowseo\tests\properties\Property14RedirectMatchingCorrectnessTest.php on line 558
F
Warning: Undefined property: class@anonymous::$insert_id in D:\meowseo\tests\properties\Property14RedirectMatchingCorrectnessTest.php on line 558

Reproduce with:
ERIS_SEED=1776673293873749 vendor/bin/phpunit --filter 'MeowSEO\\Tests\\Property14RedirectMatchingCorrectnessTest::test_all_redirect_types_preserved'
F
Warning: Undefined property: class@anonymous::$insert_id in D:\meowseo\tests\properties\Property14RedirectMatchingCorrectnessTest.php on line 558

Reproduce with:
ERIS_SEED=1776673293874814 vendor/bin/phpunit --filter 'MeowSEO\\Tests\\Property14RedirectMatchingCorrectnessTest::test_regex_backreferences_supported'
F
Warning: Undefined property: class@anonymous::$insert_id in D:\meowseo\tests\properties\Property14RedirectMatchingCorrectnessTest.php on line 558

Warning: Undefined property: class@anonymous::$insert_id in D:\meowseo\tests\properties\Property14RedirectMatchingCorrectnessTest.php on line 558

Warning: Undefined property: class@anonymous::$insert_id in D:\meowseo\tests\properties\Property14RedirectMatchingCorrectnessTest.php on line 558

Warning: Undefined property: class@anonymous::$insert_id in D:\meowseo\tests\properties\Property14RedirectMatchingCorrectnessTest.php on line 558

Warning: Undefined property: class@anonymous::$insert_id in D:\meowseo\tests\properties\Property14RedirectMatchingCorrectnessTest.php on line 558

Warning: Undefined property: class@anonymous::$insert_id in D:\meowseo\tests\properties\Property14RedirectMatchingCorrectnessTest.php on line 558

Warning: Undefined property: class@anonymous::$insert_id in D:\meowseo\tests\properties\Property14RedirectMatchingCorrectnessTest.php on line 558

Reproduce with:
ERIS_SEED=1776673293876112 vendor/bin/phpunit --filter 'MeowSEO\\Tests\\Property14RedirectMatchingCorrectnessTest::test_hit_count_incremented_on_execution'
R
Warning: Undefined property: class@anonymous::$insert_id in D:\meowseo\tests\properties\Property14RedirectMatchingCorrectnessTest.php on line 558

Warning: Undefined property: class@anonymous::$insert_id in D:\meowseo\tests\properties\Property14RedirectMatchingCorrectnessTest.php on line 558

Warning: Undefined property: class@anonymous::$insert_id in D:\meowseo\tests\properties\Property14RedirectMatchingCorrectnessTest.php on line 558

Warning: Undefined property: class@anonymous::$insert_id in D:\meowseo\tests\properties\Property14RedirectMatchingCorrectnessTest.php on line 558

Warning: Undefined property: class@anonymous::$insert_id in D:\meowseo\tests\properties\Property14RedirectMatchingCorrectnessTest.php on line 558

Warning: Undefined property: class@anonymous::$insert_id in D:\meowseo\tests\properties\Property14RedirectMatchingCorrectnessTest.php on line 558

Warning: Undefined property: class@anonymous::$insert_id in D:\meowseo\tests\properties\Property14RedirectMatchingCorrectnessTest.php on line 558

Warning: Undefined property: class@anonymous::$insert_id in D:\meowseo\tests\properties\Property14RedirectMatchingCorrectnessTest.php on line 558

Warning: Undefined property: class@anonymous::$insert_id in D:\meowseo\tests\properties\Property14RedirectMatchingCorrectnessTest.php on line 558

Warning: Undefined property: class@anonymous::$insert_id in D:\meowseo\tests\properties\Property14RedirectMatchingCorrectnessTest.php on line 558

Warning: Undefined property: class@anonymous::$insert_id in D:\meowseo\tests\properties\Property14RedirectMatchingCorrectnessTest.php on line 558

Warning: Undefined property: class@anonymous::$insert_id in D:\meowseo\tests\properties\Property14RedirectMatchingCorrectnessTest.php on line 558

Warning: Undefined property: class@anonymous::$insert_id in D:\meowseo\tests\properties\Property14RedirectMatchingCorrectnessTest.php on line 558

Warning: Undefined property: class@anonymous::$insert_id in D:\meowseo\tests\properties\Property14RedirectMatchingCorrectnessTest.php on line 558

Warning: Undefined property: class@anonymous::$insert_id in D:\meowseo\tests\properties\Property14RedirectMatchingCorrectnessTest.php on line 558

Warning: Undefined property: class@anonymous::$insert_id in D:\meowseo\tests\properties\Property14RedirectMatchingCorrectnessTest.php on line 558

Warning: Undefined property: class@anonymous::$insert_id in D:\meowseo\tests\properties\Property14RedirectMatchingCorrectnessTest.php on line 558

Warning: Undefined property: class@anonymous::$insert_id in D:\meowseo\tests\properties\Property14RedirectMatchingCorrectnessTest.php on line 558

Warning: Undefined property: class@anonymous::$insert_id in D:\meowseo\tests\properties\Property14RedirectMatchingCorrectnessTest.php on line 558

Warning: Undefined property: class@anonymous::$insert_id in D:\meowseo\tests\properties\Property14RedirectMatchingCorrectnessTest.php on line 558

Warning: Undefined property: class@anonymous::$insert_id in D:\meowseo\tests\properties\Property14RedirectMatchingCorrectnessTest.php on line 558

Warning: Undefined property: class@anonymous::$insert_id in D:\meowseo\tests\properties\Property14RedirectMatchingCorrectnessTest.php on line 558

Warning: Undefined property: class@anonymous::$insert_id in D:\meowseo\tests\properties\Property14RedirectMatchingCorrectnessTest.php on line 558

Warning: Undefined property: class@anonymous::$insert_id in D:\meowseo\tests\properties\Property14RedirectMatchingCorrectnessTest.php on line 558

Warning: Undefined property: class@anonymous::$insert_id in D:\meowseo\tests\properties\Property14RedirectMatchingCorrectnessTest.php on line 558

Warning: Undefined property: class@anonymous::$insert_id in D:\meowseo\tests\properties\Property14RedirectMatchingCorrectnessTest.php on line 558

Warning: Undefined property: class@anonymous::$insert_id in D:\meowseo\tests\properties\Property14RedirectMatchingCorrectnessTest.php on line 558

Warning: Undefined property: class@anonymous::$insert_id in D:\meowseo\tests\properties\Property14RedirectMatchingCorrectnessTest.php on line 558

Warning: Undefined property: class@anonymous::$insert_id in D:\meowseo\tests\properties\Property14RedirectMatchingCorrectnessTest.php on line 558

Warning: Undefined property: class@anonymous::$insert_id in D:\meowseo\tests\properties\Property14RedirectMatchingCorrectnessTest.php on line 558

Warning: Undefined property: class@anonymous::$insert_id in D:\meowseo\tests\properties\Property14RedirectMatchingCorrectnessTest.php on line 558

Warning: Undefined property: class@anonymous::$insert_id in D:\meowseo\tests\properties\Property14RedirectMatchingCorrectnessTest.php on line 558

Warning: Undefined property: class@anonymous::$insert_id in D:\meowseo\tests\properties\Property14RedirectMatchingCorrectnessTest.php on line 558

Warning: Undefined property: class@anonymous::$insert_id in D:\meowseo\tests\properties\Property14RedirectMatchingCorrectnessTest.php on line 558

Warning: Undefined property: class@anonymous::$insert_id in D:\meowseo\tests\properties\Property14RedirectMatchingCorrectnessTest.php on line 558

Warning: Undefined property: class@anonymous::$insert_id in D:\meowseo\tests\properties\Property14RedirectMatchingCorrectnessTest.php on line 558

Warning: Undefined property: class@anonymous::$insert_id in D:\meowseo\tests\properties\Property14RedirectMatchingCorrectnessTest.php on line 558

Warning: Undefined property: class@anonymous::$insert_id in D:\meowseo\tests\properties\Property14RedirectMatchingCorrectnessTest.php on line 558

Warning: Undefined property: class@anonymous::$insert_id in D:\meowseo\tests\properties\Property14RedirectMatchingCorrectnessTest.php on line 558

Warning: Undefined property: class@anonymous::$insert_id in D:\meowseo\tests\properties\Property14RedirectMatchingCorrectnessTest.php on line 558

Warning: Undefined property: class@anonymous::$insert_id in D:\meowseo\tests\properties\Property14RedirectMatchingCorrectnessTest.php on line 558

Warning: Undefined property: class@anonymous::$insert_id in D:\meowseo\tests\properties\Property14RedirectMatchingCorrectnessTest.php on line 558

Warning: Undefined property: class@anonymous::$insert_id in D:\meowseo\tests\properties\Property14RedirectMatchingCorrectnessTest.php on line 558

Warning: Undefined property: class@anonymous::$insert_id in D:\meowseo\tests\properties\Property14RedirectMatchingCorrectnessTest.php on line 558

Warning: Undefined property: class@anonymous::$insert_id in D:\meowseo\tests\properties\Property14RedirectMatchingCorrectnessTest.php on line 558

Warning: Undefined property: class@anonymous::$insert_id in D:\meowseo\tests\properties\Property14RedirectMatchingCorrectnessTest.php on line 558

Warning: Undefined property: class@anonymous::$insert_id in D:\meowseo\tests\properties\Property14RedirectMatchingCorrectnessTest.php on line 558

Warning: Undefined property: class@anonymous::$insert_id in D:\meowseo\tests\properties\Property14RedirectMatchingCorrectnessTest.php on line 558

Warning: Undefined property: class@anonymous::$insert_id in D:\meowseo\tests\properties\Property14RedirectMatchingCorrectnessTest.php on line 558

Warning: Undefined property: class@anonymous::$insert_id in D:\meowseo\tests\properties\Property14RedirectMatchingCorrectnessTest.php on line 558

Warning: Undefined property: class@anonymous::$insert_id in D:\meowseo\tests\properties\Property14RedirectMatchingCorrectnessTest.php on line 558

Warning: Undefined property: class@anonymous::$insert_id in D:\meowseo\tests\properties\Property14RedirectMatchingCorrectnessTest.php on line 558

Warning: Undefined property: class@anonymous::$insert_id in D:\meowseo\tests\properties\Property14RedirectMatchingCorrectnessTest.php on line 558

Warning: Undefined property: class@anonymous::$insert_id in D:\meowseo\tests\properties\Property14RedirectMatchingCorrectnessTest.php on line 558

Warning: Undefined property: class@anonymous::$insert_id in D:\meowseo\tests\properties\Property14RedirectMatchingCorrectnessTest.php on line 558

Warning: Undefined property: class@anonymous::$insert_id in D:\meowseo\tests\properties\Property14RedirectMatchingCorrectnessTest.php on line 558

Warning: Undefined property: class@anonymous::$insert_id in D:\meowseo\tests\properties\Property14RedirectMatchingCorrectnessTest.php on line 558

Warning: Undefined property: class@anonymous::$insert_id in D:\meowseo\tests\properties\Property14RedirectMatchingCorrectnessTest.php on line 558

Warning: Undefined property: class@anonymous::$insert_id in D:\meowseo\tests\properties\Property14RedirectMatchingCorrectnessTest.php on line 558

Warning: Undefined property: class@anonymous::$insert_id in D:\meowseo\tests\properties\Property14RedirectMatchingCorrectnessTest.php on line 558

Warning: Undefined property: class@anonymous::$insert_id in D:\meowseo\tests\properties\Property14RedirectMatchingCorrectnessTest.php on line 558

Warning: Undefined property: class@anonymous::$insert_id in D:\meowseo\tests\properties\Property14RedirectMatchingCorrectnessTest.php on line 558

Warning: Undefined property: class@anonymous::$insert_id in D:\meowseo\tests\properties\Property14RedirectMatchingCorrectnessTest.php on line 558

Warning: Undefined property: class@anonymous::$insert_id in D:\meowseo\tests\properties\Property14RedirectMatchingCorrectnessTest.php on line 558

Warning: Undefined property: class@anonymous::$insert_id in D:\meowseo\tests\properties\Property14RedirectMatchingCorrectnessTest.php on line 558

Warning: Undefined property: class@anonymous::$insert_id in D:\meowseo\tests\properties\Property14RedirectMatchingCorrectnessTest.php on line 558

Warning: Undefined property: class@anonymous::$insert_id in D:\meowseo\tests\properties\Property14RedirectMatchingCorrectnessTest.php on line 558

Warning: Undefined property: class@anonymous::$insert_id in D:\meowseo\tests\properties\Property14RedirectMatchingCorrectnessTest.php on line 558

Warning: Undefined property: class@anonymous::$insert_id in D:\meowseo\tests\properties\Property14RedirectMatchingCorrectnessTest.php on line 558

Warning: Undefined property: class@anonymous::$insert_id in D:\meowseo\tests\properties\Property14RedirectMatchingCorrectnessTest.php on line 558

Warning: Undefined property: class@anonymous::$insert_id in D:\meowseo\tests\properties\Property14RedirectMatchingCorrectnessTest.php on line 558

Warning: Undefined property: class@anonymous::$insert_id in D:\meowseo\tests\properties\Property14RedirectMatchingCorrectnessTest.php on line 558

Warning: Undefined property: class@anonymous::$insert_id in D:\meowseo\tests\properties\Property14RedirectMatchingCorrectnessTest.php on line 558

Warning: Undefined property: class@anonymous::$insert_id in D:\meowseo\tests\properties\Property14RedirectMatchingCorrectnessTest.php on line 558

Warning: Undefined property: class@anonymous::$insert_id in D:\meowseo\tests\properties\Property14RedirectMatchingCorrectnessTest.php on line 558

Warning: Undefined property: class@anonymous::$insert_id in D:\meowseo\tests\properties\Property14RedirectMatchingCorrectnessTest.php on line 558

Warning: Undefined property: class@anonymous::$insert_id in D:\meowseo\tests\properties\Property14RedirectMatchingCorrectnessTest.php on line 558

Warning: Undefined property: class@anonymous::$insert_id in D:\meowseo\tests\properties\Property14RedirectMatchingCorrectnessTest.php on line 558

Warning: Undefined property: class@anonymous::$insert_id in D:\meowseo\tests\properties\Property14RedirectMatchingCorrectnessTest.php on line 558

Warning: Undefined property: class@anonymous::$insert_id in D:\meowseo\tests\properties\Property14RedirectMatchingCorrectnessTest.php on line 558

Warning: Undefined property: class@anonymous::$insert_id in D:\meowseo\tests\properties\Property14RedirectMatchingCorrectnessTest.php on line 558

Warning: Undefined property: class@anonymous::$insert_id in D:\meowseo\tests\properties\Property14RedirectMatchingCorrectnessTest.php on line 558

Warning: Undefined property: class@anonymous::$insert_id in D:\meowseo\tests\properties\Property14RedirectMatchingCorrectnessTest.php on line 558

Warning: Undefined property: class@anonymous::$insert_id in D:\meowseo\tests\properties\Property14RedirectMatchingCorrectnessTest.php on line 558

Warning: Undefined property: class@anonymous::$insert_id in D:\meowseo\tests\properties\Property14RedirectMatchingCorrectnessTest.php on line 558

Warning: Undefined property: class@anonymous::$insert_id in D:\meowseo\tests\properties\Property14RedirectMatchingCorrectnessTest.php on line 558

Warning: Undefined property: class@anonymous::$insert_id in D:\meowseo\tests\properties\Property14RedirectMatchingCorrectnessTest.php on line 558

Warning: Undefined property: class@anonymous::$insert_id in D:\meowseo\tests\properties\Property14RedirectMatchingCorrectnessTest.php on line 558

Warning: Undefined property: class@anonymous::$insert_id in D:\meowseo\tests\properties\Property14RedirectMatchingCorrectnessTest.php on line 558

Warning: Undefined property: class@anonymous::$insert_id in D:\meowseo\tests\properties\Property14RedirectMatchingCorrectnessTest.php on line 558

Warning: Undefined property: class@anonymous::$insert_id in D:\meowseo\tests\properties\Property14RedirectMatchingCorrectnessTest.php on line 558

Warning: Undefined property: class@anonymous::$insert_id in D:\meowseo\tests\properties\Property14RedirectMatchingCorrectnessTest.php on line 558

Warning: Undefined property: class@anonymous::$insert_id in D:\meowseo\tests\properties\Property14RedirectMatchingCorrectnessTest.php on line 558

Warning: Undefined property: class@anonymous::$insert_id in D:\meowseo\tests\properties\Property14RedirectMatchingCorrectnessTest.php on line 558

Warning: Undefined property: class@anonymous::$insert_id in D:\meowseo\tests\properties\Property14RedirectMatchingCorrectnessTest.php on line 558

Warning: Undefined property: class@anonymous::$insert_id in D:\meowseo\tests\properties\Property14RedirectMatchingCorrectnessTest.php on line 558

Warning: Undefined property: class@anonymous::$insert_id in D:\meowseo\tests\properties\Property14RedirectMatchingCorrectnessTest.php on line 558

Warning: Undefined property: class@anonymous::$insert_id in D:\meowseo\tests\properties\Property14RedirectMatchingCorrectnessTest.php on line 558

Warning: Undefined property: class@anonymous::$insert_id in D:\meowseo\tests\properties\Property14RedirectMatchingCorrectnessTest.php on line 558

Warning: Undefined property: class@anonymous::$insert_id in D:\meowseo\tests\properties\Property14RedirectMatchingCorrectnessTest.php on line 558

Warning: Undefined property: class@anonymous::$insert_id in D:\meowseo\tests\properties\Property14RedirectMatchingCorrectnessTest.php on line 558

Warning: Undefined property: class@anonymous::$insert_id in D:\meowseo\tests\properties\Property14RedirectMatchingCorrectnessTest.php on line 558

Warning: Undefined property: class@anonymous::$insert_id in D:\meowseo\tests\properties\Property14RedirectMatchingCorrectnessTest.php on line 558

Warning: Undefined property: class@anonymous::$insert_id in D:\meowseo\tests\properties\Property14RedirectMatchingCorrectnessTest.php on line 558

Warning: Undefined property: class@anonymous::$insert_id in D:\meowseo\tests\properties\Property14RedirectMatchingCorrectnessTest.php on line 558

Warning: Undefined property: class@anonymous::$insert_id in D:\meowseo\tests\properties\Property14RedirectMatchingCorrectnessTest.php on line 558

Warning: Undefined property: class@anonymous::$insert_id in D:\meowseo\tests\properties\Property14RedirectMatchingCorrectnessTest.php on line 558

Warning: Undefined property: class@anonymous::$insert_id in D:\meowseo\tests\properties\Property14RedirectMatchingCorrectnessTest.php on line 558

Warning: Undefined property: class@anonymous::$insert_id in D:\meowseo\tests\properties\Property14RedirectMatchingCorrectnessTest.php on line 558

Warning: Undefined property: class@anonymous::$insert_id in D:\meowseo\tests\properties\Property14RedirectMatchingCorrectnessTest.php on line 558

Warning: Undefined property: class@anonymous::$insert_id in D:\meowseo\tests\properties\Property14RedirectMatchingCorrectnessTest.php on line 558

Warning: Undefined property: class@anonymous::$insert_id in D:\meowseo\tests\properties\Property14RedirectMatchingCorrectnessTest.php on line 558

Warning: Undefined property: class@anonymous::$insert_id in D:\meowseo\tests\properties\Property14RedirectMatchingCorrectnessTest.php on line 558

Warning: Undefined property: class@anonymous::$insert_id in D:\meowseo\tests\properties\Property14RedirectMatchingCorrectnessTest.php on line 558

Warning: Undefined property: class@anonymous::$insert_id in D:\meowseo\tests\properties\Property14RedirectMatchingCorrectnessTest.php on line 558

Warning: Undefined property: class@anonymous::$insert_id in D:\meowseo\tests\properties\Property14RedirectMatchingCorrectnessTest.php on line 558

Warning: Undefined property: class@anonymous::$insert_id in D:\meowseo\tests\properties\Property14RedirectMatchingCorrectnessTest.php on line 558

Warning: Undefined property: class@anonymous::$insert_id in D:\meowseo\tests\properties\Property14RedirectMatchingCorrectnessTest.php on line 558

Warning: Undefined property: class@anonymous::$insert_id in D:\meowseo\tests\properties\Property14RedirectMatchingCorrectnessTest.php on line 558

Warning: Undefined property: class@anonymous::$insert_id in D:\meowseo\tests\properties\Property14RedirectMatchingCorrectnessTest.php on line 558

Warning: Undefined property: class@anonymous::$insert_id in D:\meowseo\tests\properties\Property14RedirectMatchingCorrectnessTest.php on line 558

Warning: Undefined property: class@anonymous::$insert_id in D:\meowseo\tests\properties\Property14RedirectMatchingCorrectnessTest.php on line 558

Warning: Undefined property: class@anonymous::$insert_id in D:\meowseo\tests\properties\Property14RedirectMatchingCorrectnessTest.php on line 558

Warning: Undefined property: class@anonymous::$insert_id in D:\meowseo\tests\properties\Property14RedirectMatchingCorrectnessTest.php on line 558

Warning: Undefined property: class@anonymous::$insert_id in D:\meowseo\tests\properties\Property14RedirectMatchingCorrectnessTest.php on line 558

Warning: Undefined property: class@anonymous::$insert_id in D:\meowseo\tests\properties\Property14RedirectMatchingCorrectnessTest.php on line 558

Warning: Undefined property: class@anonymous::$insert_id in D:\meowseo\tests\properties\Property14RedirectMatchingCorrectnessTest.php on line 558

Warning: Undefined property: class@anonymous::$insert_id in D:\meowseo\tests\properties\Property14RedirectMatchingCorrectnessTest.php on line 558

Warning: Undefined property: class@anonymous::$insert_id in D:\meowseo\tests\properties\Property14RedirectMatchingCorrectnessTest.php on line 558

Warning: Undefined property: class@anonymous::$insert_id in D:\meowseo\tests\properties\Property14RedirectMatchingCorrectnessTest.php on line 558

Warning: Undefined property: class@anonymous::$insert_id in D:\meowseo\tests\properties\Property14RedirectMatchingCorrectnessTest.php on line 558

Warning: Undefined property: class@anonymous::$insert_id in D:\meowseo\tests\properties\Property14RedirectMatchingCorrectnessTest.php on line 558

Warning: Undefined property: class@anonymous::$insert_id in D:\meowseo\tests\properties\Property14RedirectMatchingCorrectnessTest.php on line 558

Warning: Undefined property: class@anonymous::$insert_id in D:\meowseo\tests\properties\Property14RedirectMatchingCorrectnessTest.php on line 558

Warning: Undefined property: class@anonymous::$insert_id in D:\meowseo\tests\properties\Property14RedirectMatchingCorrectnessTest.php on line 558

Warning: Undefined property: class@anonymous::$insert_id in D:\meowseo\tests\properties\Property14RedirectMatchingCorrectnessTest.php on line 558

Warning: Undefined property: class@anonymous::$insert_id in D:\meowseo\tests\properties\Property14RedirectMatchingCorrectnessTest.php on line 558

Warning: Undefined property: class@anonymous::$insert_id in D:\meowseo\tests\properties\Property14RedirectMatchingCorrectnessTest.php on line 558

Warning: Undefined property: class@anonymous::$insert_id in D:\meowseo\tests\properties\Property14RedirectMatchingCorrectnessTest.php on line 558

Warning: Undefined property: class@anonymous::$insert_id in D:\meowseo\tests\properties\Property14RedirectMatchingCorrectnessTest.php on line 558

Warning: Undefined property: class@anonymous::$insert_id in D:\meowseo\tests\properties\Property14RedirectMatchingCorrectnessTest.php on line 558

Warning: Undefined property: class@anonymous::$insert_id in D:\meowseo\tests\properties\Property14RedirectMatchingCorrectnessTest.php on line 558

Warning: Undefined property: class@anonymous::$insert_id in D:\meowseo\tests\properties\Property14RedirectMatchingCorrectnessTest.php on line 558

Warning: Undefined property: class@anonymous::$insert_id in D:\meowseo\tests\properties\Property14RedirectMatchingCorrectnessTest.php on line 558

Warning: Undefined property: class@anonymous::$insert_id in D:\meowseo\tests\properties\Property14RedirectMatchingCorrectnessTest.php on line 558

Warning: Undefined property: class@anonymous::$insert_id in D:\meowseo\tests\properties\Property14RedirectMatchingCorrectnessTest.php on line 558

Warning: Undefined property: class@anonymous::$insert_id in D:\meowseo\tests\properties\Property14RedirectMatchingCorrectnessTest.php on line 558

Warning: Undefined property: class@anonymous::$insert_id in D:\meowseo\tests\properties\Property14RedirectMatchingCorrectnessTest.php on line 558

Warning: Undefined property: class@anonymous::$insert_id in D:\meowseo\tests\properties\Property14RedirectMatchingCorrectnessTest.php on line 558

Warning: Undefined property: class@anonymous::$insert_id in D:\meowseo\tests\properties\Property14RedirectMatchingCorrectnessTest.php on line 558

Warning: Undefined property: class@anonymous::$insert_id in D:\meowseo\tests\properties\Property14RedirectMatchingCorrectnessTest.php on line 558

Warning: Undefined property: class@anonymous::$insert_id in D:\meowseo\tests\properties\Property14RedirectMatchingCorrectnessTest.php on line 558

Warning: Undefined property: class@anonymous::$insert_id in D:\meowseo\tests\properties\Property14RedirectMatchingCorrectnessTest.php on line 558

Warning: Undefined property: class@anonymous::$insert_id in D:\meowseo\tests\properties\Property14RedirectMatchingCorrectnessTest.php on line 558

Warning: Undefined property: class@anonymous::$insert_id in D:\meowseo\tests\properties\Property14RedirectMatchingCorrectnessTest.php on line 558

Warning: Undefined property: class@anonymous::$insert_id in D:\meowseo\tests\properties\Property14RedirectMatchingCorrectnessTest.php on line 558

Warning: Undefined property: class@anonymous::$insert_id in D:\meowseo\tests\properties\Property14RedirectMatchingCorrectnessTest.php on line 558

Warning: Undefined property: class@anonymous::$insert_id in D:\meowseo\tests\properties\Property14RedirectMatchingCorrectnessTest.php on line 558

Warning: Undefined property: class@anonymous::$insert_id in D:\meowseo\tests\properties\Property14RedirectMatchingCorrectnessTest.php on line 558

Warning: Undefined property: class@anonymous::$insert_id in D:\meowseo\tests\properties\Property14RedirectMatchingCorrectnessTest.php on line 558

Warning: Undefined property: class@anonymous::$insert_id in D:\meowseo\tests\properties\Property14RedirectMatchingCorrectnessTest.php on line 558

Warning: Undefined property: class@anonymous::$insert_id in D:\meowseo\tests\properties\Property14RedirectMatchingCorrectnessTest.php on line 558

Warning: Undefined property: class@anonymous::$insert_id in D:\meowseo\tests\properties\Property14RedirectMatchingCorrectnessTest.php on line 558

Warning: Undefined property: class@anonymous::$insert_id in D:\meowseo\tests\properties\Property14RedirectMatchingCorrectnessTest.php on line 558

Warning: Undefined property: class@anonymous::$insert_id in D:\meowseo\tests\properties\Property14RedirectMatchingCorrectnessTest.php on line 558

Warning: Undefined property: class@anonymous::$insert_id in D:\meowseo\tests\properties\Property14RedirectMatchingCorrectnessTest.php on line 558

Warning: Undefined property: class@anonymous::$insert_id in D:\meowseo\tests\properties\Property14RedirectMatchingCorrectnessTest.php on line 558

Warning: Undefined property: class@anonymous::$insert_id in D:\meowseo\tests\properties\Property14RedirectMatchingCorrectnessTest.php on line 558

Warning: Undefined property: class@anonymous::$insert_id in D:\meowseo\tests\properties\Property14RedirectMatchingCorrectnessTest.php on line 558

Warning: Undefined property: class@anonymous::$insert_id in D:\meowseo\tests\properties\Property14RedirectMatchingCorrectnessTest.php on line 558

Warning: Undefined property: class@anonymous::$insert_id in D:\meowseo\tests\properties\Property14RedirectMatchingCorrectnessTest.php on line 558

Warning: Undefined property: class@anonymous::$insert_id in D:\meowseo\tests\properties\Property14RedirectMatchingCorrectnessTest.php on line 558

Warning: Undefined property: class@anonymous::$insert_id in D:\meowseo\tests\properties\Property14RedirectMatchingCorrectnessTest.php on line 558

Warning: Undefined property: class@anonymous::$insert_id in D:\meowseo\tests\properties\Property14RedirectMatchingCorrectnessTest.php on line 558

Warning: Undefined property: class@anonymous::$insert_id in D:\meowseo\tests\properties\Property14RedirectMatchingCorrectnessTest.php on line 558

Warning: Undefined property: class@anonymous::$insert_id in D:\meowseo\tests\properties\Property14RedirectMatchingCorrectnessTest.php on line 558

Warning: Undefined property: class@anonymous::$insert_id in D:\meowseo\tests\properties\Property14RedirectMatchingCorrectnessTest.php on line 558

Warning: Undefined property: class@anonymous::$insert_id in D:\meowseo\tests\properties\Property14RedirectMatchingCorrectnessTest.php on line 558

Warning: Undefined property: class@anonymous::$insert_id in D:\meowseo\tests\properties\Property14RedirectMatchingCorrectnessTest.php on line 558

Warning: Undefined property: class@anonymous::$insert_id in D:\meowseo\tests\properties\Property14RedirectMatchingCorrectnessTest.php on line 558

Warning: Undefined property: class@anonymous::$insert_id in D:\meowseo\tests\properties\Property14RedirectMatchingCorrectnessTest.php on line 558

Warning: Undefined property: class@anonymous::$insert_id in D:\meowseo\tests\properties\Property14RedirectMatchingCorrectnessTest.php on line 558

Warning: Undefined property: class@anonymous::$insert_id in D:\meowseo\tests\properties\Property14RedirectMatchingCorrectnessTest.php on line 558

Warning: Undefined property: class@anonymous::$insert_id in D:\meowseo\tests\properties\Property14RedirectMatchingCorrectnessTest.php on line 558

Warning: Undefined property: class@anonymous::$insert_id in D:\meowseo\tests\properties\Property14RedirectMatchingCorrectnessTest.php on line 558

Warning: Undefined property: class@anonymous::$insert_id in D:\meowseo\tests\properties\Property14RedirectMatchingCorrectnessTest.php on line 558

Warning: Undefined property: class@anonymous::$insert_id in D:\meowseo\tests\properties\Property14RedirectMatchingCorrectnessTest.php on line 558

Warning: Undefined property: class@anonymous::$insert_id in D:\meowseo\tests\properties\Property14RedirectMatchingCorrectnessTest.php on line 558

Warning: Undefined property: class@anonymous::$insert_id in D:\meowseo\tests\properties\Property14RedirectMatchingCorrectnessTest.php on line 558

Warning: Undefined property: class@anonymous::$insert_id in D:\meowseo\tests\properties\Property14RedirectMatchingCorrectnessTest.php on line 558

Warning: Undefined property: class@anonymous::$insert_id in D:\meowseo\tests\properties\Property14RedirectMatchingCorrectnessTest.php on line 558

Warning: Undefined property: class@anonymous::$insert_id in D:\meowseo\tests\properties\Property14RedirectMatchingCorrectnessTest.php on line 558

Warning: Undefined property: class@anonymous::$insert_id in D:\meowseo\tests\properties\Property14RedirectMatchingCorrectnessTest.php on line 558

Warning: Undefined property: class@anonymous::$insert_id in D:\meowseo\tests\properties\Property14RedirectMatchingCorrectnessTest.php on line 558

Warning: Undefined property: class@anonymous::$insert_id in D:\meowseo\tests\properties\Property14RedirectMatchingCorrectnessTest.php on line 558

Warning: Undefined property: class@anonymous::$insert_id in D:\meowseo\tests\properties\Property14RedirectMatchingCorrectnessTest.php on line 558

Warning: Undefined property: class@anonymous::$insert_id in D:\meowseo\tests\properties\Property14RedirectMatchingCorrectnessTest.php on line 558

Warning: Undefined property: class@anonymous::$insert_id in D:\meowseo\tests\properties\Property14RedirectMatchingCorrectnessTest.php on line 558

Warning: Undefined property: class@anonymous::$insert_id in D:\meowseo\tests\properties\Property14RedirectMatchingCorrectnessTest.php on line 558

Warning: Undefined property: class@anonymous::$insert_id in D:\meowseo\tests\properties\Property14RedirectMatchingCorrectnessTest.php on line 558

Warning: Undefined property: class@anonymous::$insert_id in D:\meowseo\tests\properties\Property14RedirectMatchingCorrectnessTest.php on line 558

Warning: Undefined property: class@anonymous::$insert_id in D:\meowseo\tests\properties\Property14RedirectMatchingCorrectnessTest.php on line 558

Warning: Undefined property: class@anonymous::$insert_id in D:\meowseo\tests\properties\Property14RedirectMatchingCorrectnessTest.php on line 558

Warning: Undefined property: class@anonymous::$insert_id in D:\meowseo\tests\properties\Property14RedirectMatchingCorrectnessTest.php on line 558

Warning: Undefined property: class@anonymous::$insert_id in D:\meowseo\tests\properties\Property14RedirectMatchingCorrectnessTest.php on line 558

Warning: Undefined property: class@anonymous::$insert_id in D:\meowseo\tests\properties\Property14RedirectMatchingCorrectnessTest.php on line 558

Warning: Undefined property: class@anonymous::$insert_id in D:\meowseo\tests\properties\Property14RedirectMatchingCorrectnessTest.php on line 558

Warning: Undefined property: class@anonymous::$insert_id in D:\meowseo\tests\properties\Property14RedirectMatchingCorrectnessTest.php on line 558

Warning: Undefined property: class@anonymous::$insert_id in D:\meowseo\tests\properties\Property14RedirectMatchingCorrectnessTest.php on line 558

Warning: Undefined property: class@anonymous::$insert_id in D:\meowseo\tests\properties\Property14RedirectMatchingCorrectnessTest.php on line 558

Warning: Undefined property: class@anonymous::$insert_id in D:\meowseo\tests\properties\Property14RedirectMatchingCorrectnessTest.php on line 558

Warning: Undefined property: class@anonymous::$insert_id in D:\meowseo\tests\properties\Property14RedirectMatchingCorrectnessTest.php on line 558

Warning: Undefined property: class@anonymous::$insert_id in D:\meowseo\tests\properties\Property14RedirectMatchingCorrectnessTest.php on line 558

Warning: Undefined property: class@anonymous::$insert_id in D:\meowseo\tests\properties\Property14RedirectMatchingCorrectnessTest.php on line 558

Warning: Undefined property: class@anonymous::$insert_id in D:\meowseo\tests\properties\Property14RedirectMatchingCorrectnessTest.php on line 558

Warning: Undefined property: class@anonymous::$insert_id in D:\meowseo\tests\properties\Property14RedirectMatchingCorrectnessTest.php on line 558

Warning: Undefined property: class@anonymous::$insert_id in D:\meowseo\tests\properties\Property14RedirectMatchingCorrectnessTest.php on line 558

Warning: Undefined property: class@anonymous::$insert_id in D:\meowseo\tests\properties\Property14RedirectMatchingCorrectnessTest.php on line 558

Warning: Undefined property: class@anonymous::$insert_id in D:\meowseo\tests\properties\Property14RedirectMatchingCorrectnessTest.php on line 558

Warning: Undefined property: class@anonymous::$insert_id in D:\meowseo\tests\properties\Property14RedirectMatchingCorrectnessTest.php on line 558

Warning: Undefined property: class@anonymous::$insert_id in D:\meowseo\tests\properties\Property14RedirectMatchingCorrectnessTest.php on line 558

Warning: Undefined property: class@anonymous::$insert_id in D:\meowseo\tests\properties\Property14RedirectMatchingCorrectnessTest.php on line 558

Warning: Undefined property: class@anonymous::$insert_id in D:\meowseo\tests\properties\Property14RedirectMatchingCorrectnessTest.php on line 558

Warning: Undefined property: class@anonymous::$insert_id in D:\meowseo\tests\properties\Property14RedirectMatchingCorrectnessTest.php on line 558

Warning: Undefined property: class@anonymous::$insert_id in D:\meowseo\tests\properties\Property14RedirectMatchingCorrectnessTest.php on line 558

Warning: Undefined property: class@anonymous::$insert_id in D:\meowseo\tests\properties\Property14RedirectMatchingCorrectnessTest.php on line 558

Warning: Undefined property: class@anonymous::$insert_id in D:\meowseo\tests\properties\Property14RedirectMatchingCorrectnessTest.php on line 558

Warning: Undefined property: class@anonymous::$insert_id in D:\meowseo\tests\properties\Property14RedirectMatchingCorrectnessTest.php on line 558

Warning: Undefined property: class@anonymous::$insert_id in D:\meowseo\tests\properties\Property14RedirectMatchingCorrectnessTest.php on line 558

Warning: Undefined property: class@anonymous::$insert_id in D:\meowseo\tests\properties\Property14RedirectMatchingCorrectnessTest.php on line 558

Warning: Undefined property: class@anonymous::$insert_id in D:\meowseo\tests\properties\Property14RedirectMatchingCorrectnessTest.php on line 558

Warning: Undefined property: class@anonymous::$insert_id in D:\meowseo\tests\properties\Property14RedirectMatchingCorrectnessTest.php on line 558

Warning: Undefined property: class@anonymous::$insert_id in D:\meowseo\tests\properties\Property14RedirectMatchingCorrectnessTest.php on line 558

Warning: Undefined property: class@anonymous::$insert_id in D:\meowseo\tests\properties\Property14RedirectMatchingCorrectnessTest.php on line 558

Warning: Undefined property: class@anonymous::$insert_id in D:\meowseo\tests\properties\Property14RedirectMatchingCorrectnessTest.php on line 558

Warning: Undefined property: class@anonymous::$insert_id in D:\meowseo\tests\properties\Property14RedirectMatchingCorrectnessTest.php on line 558

Warning: Undefined property: class@anonymous::$insert_id in D:\meowseo\tests\properties\Property14RedirectMatchingCorrectnessTest.php on line 558

Warning: Undefined property: class@anonymous::$insert_id in D:\meowseo\tests\properties\Property14RedirectMatchingCorrectnessTest.php on line 558

Warning: Undefined property: class@anonymous::$insert_id in D:\meowseo\tests\properties\Property14RedirectMatchingCorrectnessTest.php on line 558

Warning: Undefined property: class@anonymous::$insert_id in D:\meowseo\tests\properties\Property14RedirectMatchingCorrectnessTest.php on line 558

Warning: Undefined property: class@anonymous::$insert_id in D:\meowseo\tests\properties\Property14RedirectMatchingCorrectnessTest.php on line 558

Warning: Undefined property: class@anonymous::$insert_id in D:\meowseo\tests\properties\Property14RedirectMatchingCorrectnessTest.php on line 558

Warning: Undefined property: class@anonymous::$insert_id in D:\meowseo\tests\properties\Property14RedirectMatchingCorrectnessTest.php on line 558

Warning: Undefined property: class@anonymous::$insert_id in D:\meowseo\tests\properties\Property14RedirectMatchingCorrectnessTest.php on line 558

Warning: Undefined property: class@anonymous::$insert_id in D:\meowseo\tests\properties\Property14RedirectMatchingCorrectnessTest.php on line 558

Warning: Undefined property: class@anonymous::$insert_id in D:\meowseo\tests\properties\Property14RedirectMatchingCorrectnessTest.php on line 558

Warning: Undefined property: class@anonymous::$insert_id in D:\meowseo\tests\properties\Property14RedirectMatchingCorrectnessTest.php on line 558

Warning: Undefined property: class@anonymous::$insert_id in D:\meowseo\tests\properties\Property14RedirectMatchingCorrectnessTest.php on line 558

Warning: Undefined property: class@anonymous::$insert_id in D:\meowseo\tests\properties\Property14RedirectMatchingCorrectnessTest.php on line 558

Warning: Undefined property: class@anonymous::$insert_id in D:\meowseo\tests\properties\Property14RedirectMatchingCorrectnessTest.php on line 558

Warning: Undefined property: class@anonymous::$insert_id in D:\meowseo\tests\properties\Property14RedirectMatchingCorrectnessTest.php on line 558

Warning: Undefined property: class@anonymous::$insert_id in D:\meowseo\tests\properties\Property14RedirectMatchingCorrectnessTest.php on line 558

Warning: Undefined property: class@anonymous::$insert_id in D:\meowseo\tests\properties\Property14RedirectMatchingCorrectnessTest.php on line 558

Warning: Undefined property: class@anonymous::$insert_id in D:\meowseo\tests\properties\Property14RedirectMatchingCorrectnessTest.php on line 558

Warning: Undefined property: class@anonymous::$insert_id in D:\meowseo\tests\properties\Property14RedirectMatchingCorrectnessTest.php on line 558

Warning: Undefined property: class@anonymous::$insert_id in D:\meowseo\tests\properties\Property14RedirectMatchingCorrectnessTest.php on line 558

Warning: Undefined property: class@anonymous::$insert_id in D:\meowseo\tests\properties\Property14RedirectMatchingCorrectnessTest.php on line 558

Warning: Undefined property: class@anonymous::$insert_id in D:\meowseo\tests\properties\Property14RedirectMatchingCorrectnessTest.php on line 558

Warning: Undefined property: class@anonymous::$insert_id in D:\meowseo\tests\properties\Property14RedirectMatchingCorrectnessTest.php on line 558

Warning: Undefined property: class@anonymous::$insert_id in D:\meowseo\tests\properties\Property14RedirectMatchingCorrectnessTest.php on line 558

Warning: Undefined property: class@anonymous::$insert_id in D:\meowseo\tests\properties\Property14RedirectMatchingCorrectnessTest.php on line 558

Warning: Undefined property: class@anonymous::$insert_id in D:\meowseo\tests\properties\Property14RedirectMatchingCorrectnessTest.php on line 558

Warning: Undefined property: class@anonymous::$insert_id in D:\meowseo\tests\properties\Property14RedirectMatchingCorrectnessTest.php on line 558

Warning: Undefined property: class@anonymous::$insert_id in D:\meowseo\tests\properties\Property14RedirectMatchingCorrectnessTest.php on line 558

Warning: Undefined property: class@anonymous::$insert_id in D:\meowseo\tests\properties\Property14RedirectMatchingCorrectnessTest.php on line 558

Warning: Undefined property: class@anonymous::$insert_id in D:\meowseo\tests\properties\Property14RedirectMatchingCorrectnessTest.php on line 558

Warning: Undefined property: class@anonymous::$insert_id in D:\meowseo\tests\properties\Property14RedirectMatchingCorrectnessTest.php on line 558

Warning: Undefined property: class@anonymous::$insert_id in D:\meowseo\tests\properties\Property14RedirectMatchingCorrectnessTest.php on line 558

Warning: Undefined property: class@anonymous::$insert_id in D:\meowseo\tests\properties\Property14RedirectMatchingCorrectnessTest.php on line 558

Warning: Undefined property: class@anonymous::$insert_id in D:\meowseo\tests\properties\Property14RedirectMatchingCorrectnessTest.php on line 558

Warning: Undefined property: class@anonymous::$insert_id in D:\meowseo\tests\properties\Property14RedirectMatchingCorrectnessTest.php on line 558

Warning: Undefined property: class@anonymous::$insert_id in D:\meowseo\tests\properties\Property14RedirectMatchingCorrectnessTest.php on line 558

Warning: Undefined property: class@anonymous::$insert_id in D:\meowseo\tests\properties\Property14RedirectMatchingCorrectnessTest.php on line 558

Warning: Undefined property: class@anonymous::$insert_id in D:\meowseo\tests\properties\Property14RedirectMatchingCorrectnessTest.php on line 558

Warning: Undefined property: class@anonymous::$insert_id in D:\meowseo\tests\properties\Property14RedirectMatchingCorrectnessTest.php on line 558

Warning: Undefined property: class@anonymous::$insert_id in D:\meowseo\tests\properties\Property14RedirectMatchingCorrectnessTest.php on line 558

Warning: Undefined property: class@anonymous::$insert_id in D:\meowseo\tests\properties\Property14RedirectMatchingCorrectnessTest.php on line 558

Warning: Undefined property: class@anonymous::$insert_id in D:\meowseo\tests\properties\Property14RedirectMatchingCorrectnessTest.php on line 558

Warning: Undefined property: class@anonymous::$insert_id in D:\meowseo\tests\properties\Property14RedirectMatchingCorrectnessTest.php on line 558

Warning: Undefined property: class@anonymous::$insert_id in D:\meowseo\tests\properties\Property14RedirectMatchingCorrectnessTest.php on line 558

Warning: Undefined property: class@anonymous::$insert_id in D:\meowseo\tests\properties\Property14RedirectMatchingCorrectnessTest.php on line 558

Warning: Undefined property: class@anonymous::$insert_id in D:\meowseo\tests\properties\Property14RedirectMatchingCorrectnessTest.php on line 558

Warning: Undefined property: class@anonymous::$insert_id in D:\meowseo\tests\properties\Property14RedirectMatchingCorrectnessTest.php on line 558

Warning: Undefined property: class@anonymous::$insert_id in D:\meowseo\tests\properties\Property14RedirectMatchingCorrectnessTest.php on line 558

Warning: Undefined property: class@anonymous::$insert_id in D:\meowseo\tests\properties\Property14RedirectMatchingCorrectnessTest.php on line 558

Warning: Undefined property: class@anonymous::$insert_id in D:\meowseo\tests\properties\Property14RedirectMatchingCorrectnessTest.php on line 558

Warning: Undefined property: class@anonymous::$insert_id in D:\meowseo\tests\properties\Property14RedirectMatchingCorrectnessTest.php on line 558

Warning: Undefined property: class@anonymous::$insert_id in D:\meowseo\tests\properties\Property14RedirectMatchingCorrectnessTest.php on line 558

Warning: Undefined property: class@anonymous::$insert_id in D:\meowseo\tests\properties\Property14RedirectMatchingCorrectnessTest.php on line 558

Warning: Undefined property: class@anonymous::$insert_id in D:\meowseo\tests\properties\Property14RedirectMatchingCorrectnessTest.php on line 558

Warning: Undefined property: class@anonymous::$insert_id in D:\meowseo\tests\properties\Property14RedirectMatchingCorrectnessTest.php on line 558

Warning: Undefined property: class@anonymous::$insert_id in D:\meowseo\tests\properties\Property14RedirectMatchingCorrectnessTest.php on line 558

Warning: Undefined property: class@anonymous::$insert_id in D:\meowseo\tests\properties\Property14RedirectMatchingCorrectnessTest.php on line 558

Warning: Undefined property: class@anonymous::$insert_id in D:\meowseo\tests\properties\Property14RedirectMatchingCorrectnessTest.php on line 558

Warning: Undefined property: class@anonymous::$insert_id in D:\meowseo\tests\properties\Property14RedirectMatchingCorrectnessTest.php on line 558

Warning: Undefined property: class@anonymous::$insert_id in D:\meowseo\tests\properties\Property14RedirectMatchingCorrectnessTest.php on line 558

Warning: Undefined property: class@anonymous::$insert_id in D:\meowseo\tests\properties\Property14RedirectMatchingCorrectnessTest.php on line 558

Warning: Undefined property: class@anonymous::$insert_id in D:\meowseo\tests\properties\Property14RedirectMatchingCorrectnessTest.php on line 558

Warning: Undefined property: class@anonymous::$insert_id in D:\meowseo\tests\properties\Property14RedirectMatchingCorrectnessTest.php on line 558

Warning: Undefined property: class@anonymous::$insert_id in D:\meowseo\tests\properties\Property14RedirectMatchingCorrectnessTest.php on line 558

Warning: Undefined property: class@anonymous::$insert_id in D:\meowseo\tests\properties\Property14RedirectMatchingCorrectnessTest.php on line 558

Warning: Undefined property: class@anonymous::$insert_id in D:\meowseo\tests\properties\Property14RedirectMatchingCorrectnessTest.php on line 558

Warning: Undefined property: class@anonymous::$insert_id in D:\meowseo\tests\properties\Property14RedirectMatchingCorrectnessTest.php on line 558

Warning: Undefined property: class@anonymous::$insert_id in D:\meowseo\tests\properties\Property14RedirectMatchingCorrectnessTest.php on line 558

Warning: Undefined property: class@anonymous::$insert_id in D:\meowseo\tests\properties\Property14RedirectMatchingCorrectnessTest.php on line 558

Warning: Undefined property: class@anonymous::$insert_id in D:\meowseo\tests\properties\Property14RedirectMatchingCorrectnessTest.php on line 558

Warning: Undefined property: class@anonymous::$insert_id in D:\meowseo\tests\properties\Property14RedirectMatchingCorrectnessTest.php on line 558

Warning: Undefined property: class@anonymous::$insert_id in D:\meowseo\tests\properties\Property14RedirectMatchingCorrectnessTest.php on line 558

Warning: Undefined property: class@anonymous::$insert_id in D:\meowseo\tests\properties\Property14RedirectMatchingCorrectnessTest.php on line 558

Warning: Undefined property: class@anonymous::$insert_id in D:\meowseo\tests\properties\Property14RedirectMatchingCorrectnessTest.php on line 558

Warning: Undefined property: class@anonymous::$insert_id in D:\meowseo\tests\properties\Property14RedirectMatchingCorrectnessTest.php on line 558

Warning: Undefined property: class@anonymous::$insert_id in D:\meowseo\tests\properties\Property14RedirectMatchingCorrectnessTest.php on line 558

Warning: Undefined property: class@anonymous::$insert_id in D:\meowseo\tests\properties\Property14RedirectMatchingCorrectnessTest.php on line 558

Warning: Undefined property: class@anonymous::$insert_id in D:\meowseo\tests\properties\Property14RedirectMatchingCorrectnessTest.php on line 558

Warning: Undefined property: class@anonymous::$insert_id in D:\meowseo\tests\properties\Property14RedirectMatchingCorrectnessTest.php on line 558

Warning: Undefined property: class@anonymous::$insert_id in D:\meowseo\tests\properties\Property14RedirectMatchingCorrectnessTest.php on line 558

Warning: Undefined property: class@anonymous::$insert_id in D:\meowseo\tests\properties\Property14RedirectMatchingCorrectnessTest.php on line 558

Warning: Undefined property: class@anonymous::$insert_id in D:\meowseo\tests\properties\Property14RedirectMatchingCorrectnessTest.php on line 558

Warning: Undefined property: class@anonymous::$insert_id in D:\meowseo\tests\properties\Property14RedirectMatchingCorrectnessTest.php on line 558

Warning: Undefined property: class@anonymous::$insert_id in D:\meowseo\tests\properties\Property14RedirectMatchingCorrectnessTest.php on line 558

Warning: Undefined property: class@anonymous::$insert_id in D:\meowseo\tests\properties\Property14RedirectMatchingCorrectnessTest.php on line 558

Warning: Undefined property: class@anonymous::$insert_id in D:\meowseo\tests\properties\Property14RedirectMatchingCorrectnessTest.php on line 558

Warning: Undefined property: class@anonymous::$insert_id in D:\meowseo\tests\properties\Property14RedirectMatchingCorrectnessTest.php on line 558

Warning: Undefined property: class@anonymous::$insert_id in D:\meowseo\tests\properties\Property14RedirectMatchingCorrectnessTest.php on line 558

Warning: Undefined property: class@anonymous::$insert_id in D:\meowseo\tests\properties\Property14RedirectMatchingCorrectnessTest.php on line 558

Warning: Undefined property: class@anonymous::$insert_id in D:\meowseo\tests\properties\Property14RedirectMatchingCorrectnessTest.php on line 558

Warning: Undefined property: class@anonymous::$insert_id in D:\meowseo\tests\properties\Property14RedirectMatchingCorrectnessTest.php on line 558

Warning: Undefined property: class@anonymous::$insert_id in D:\meowseo\tests\properties\Property14RedirectMatchingCorrectnessTest.php on line 558

Warning: Undefined property: class@anonymous::$insert_id in D:\meowseo\tests\properties\Property14RedirectMatchingCorrectnessTest.php on line 558

Warning: Undefined property: class@anonymous::$insert_id in D:\meowseo\tests\properties\Property14RedirectMatchingCorrectnessTest.php on line 558

Warning: Undefined property: class@anonymous::$insert_id in D:\meowseo\tests\properties\Property14RedirectMatchingCorrectnessTest.php on line 558

Warning: Undefined property: class@anonymous::$insert_id in D:\meowseo\tests\properties\Property14RedirectMatchingCorrectnessTest.php on line 558

Warning: Undefined property: class@anonymous::$insert_id in D:\meowseo\tests\properties\Property14RedirectMatchingCorrectnessTest.php on line 558

Warning: Undefined property: class@anonymous::$insert_id in D:\meowseo\tests\properties\Property14RedirectMatchingCorrectnessTest.php on line 558

Warning: Undefined property: class@anonymous::$insert_id in D:\meowseo\tests\properties\Property14RedirectMatchingCorrectnessTest.php on line 558

Warning: Undefined property: class@anonymous::$insert_id in D:\meowseo\tests\properties\Property14RedirectMatchingCorrectnessTest.php on line 558

Warning: Undefined property: class@anonymous::$insert_id in D:\meowseo\tests\properties\Property14RedirectMatchingCorrectnessTest.php on line 558

Warning: Undefined property: class@anonymous::$insert_id in D:\meowseo\tests\properties\Property14RedirectMatchingCorrectnessTest.php on line 558

Warning: Undefined property: class@anonymous::$insert_id in D:\meowseo\tests\properties\Property14RedirectMatchingCorrectnessTest.php on line 558

Warning: Undefined property: class@anonymous::$insert_id in D:\meowseo\tests\properties\Property14RedirectMatchingCorrectnessTest.php on line 558

Warning: Undefined property: class@anonymous::$insert_id in D:\meowseo\tests\properties\Property14RedirectMatchingCorrectnessTest.php on line 558

Warning: Undefined property: class@anonymous::$insert_id in D:\meowseo\tests\properties\Property14RedirectMatchingCorrectnessTest.php on line 558

Warning: Undefined property: class@anonymous::$insert_id in D:\meowseo\tests\properties\Property14RedirectMatchingCorrectnessTest.php on line 558

Warning: Undefined property: class@anonymous::$insert_id in D:\meowseo\tests\properties\Property14RedirectMatchingCorrectnessTest.php on line 558

Warning: Undefined property: class@anonymous::$insert_id in D:\meowseo\tests\properties\Property14RedirectMatchingCorrectnessTest.php on line 558

Warning: Undefined property: class@anonymous::$insert_id in D:\meowseo\tests\properties\Property14RedirectMatchingCorrectnessTest.php on line 558

Warning: Undefined property: class@anonymous::$insert_id in D:\meowseo\tests\properties\Property14RedirectMatchingCorrectnessTest.php on line 558

Warning: Undefined property: class@anonymous::$insert_id in D:\meowseo\tests\properties\Property14RedirectMatchingCorrectnessTest.php on line 558

Warning: Undefined property: class@anonymous::$insert_id in D:\meowseo\tests\properties\Property14RedirectMatchingCorrectnessTest.php on line 558

Warning: Undefined property: class@anonymous::$insert_id in D:\meowseo\tests\properties\Property14RedirectMatchingCorrectnessTest.php on line 558

Warning: Undefined property: class@anonymous::$insert_id in D:\meowseo\tests\properties\Property14RedirectMatchingCorrectnessTest.php on line 558

Warning: Undefined property: class@anonymous::$insert_id in D:\meowseo\tests\properties\Property14RedirectMatchingCorrectnessTest.php on line 558

Warning: Undefined property: class@anonymous::$insert_id in D:\meowseo\tests\properties\Property14RedirectMatchingCorrectnessTest.php on line 558

Warning: Undefined property: class@anonymous::$insert_id in D:\meowseo\tests\properties\Property14RedirectMatchingCorrectnessTest.php on line 558

Warning: Undefined property: class@anonymous::$insert_id in D:\meowseo\tests\properties\Property14RedirectMatchingCorrectnessTest.php on line 558

Warning: Undefined property: class@anonymous::$insert_id in D:\meowseo\tests\properties\Property14RedirectMatchingCorrectnessTest.php on line 558

Warning: Undefined property: class@anonymous::$insert_id in D:\meowseo\tests\properties\Property14RedirectMatchingCorrectnessTest.php on line 558

Warning: Undefined property: class@anonymous::$insert_id in D:\meowseo\tests\properties\Property14RedirectMatchingCorrectnessTest.php on line 558

Warning: Undefined property: class@anonymous::$insert_id in D:\meowseo\tests\properties\Property14RedirectMatchingCorrectnessTest.php on line 558

Warning: Undefined property: class@anonymous::$insert_id in D:\meowseo\tests\properties\Property14RedirectMatchingCorrectnessTest.php on line 558

Warning: Undefined property: class@anonymous::$insert_id in D:\meowseo\tests\properties\Property14RedirectMatchingCorrectnessTest.php on line 558

Warning: Undefined property: class@anonymous::$insert_id in D:\meowseo\tests\properties\Property14RedirectMatchingCorrectnessTest.php on line 558

Warning: Undefined property: class@anonymous::$insert_id in D:\meowseo\tests\properties\Property14RedirectMatchingCorrectnessTest.php on line 558

Warning: Undefined property: class@anonymous::$insert_id in D:\meowseo\tests\properties\Property14RedirectMatchingCorrectnessTest.php on line 558

Warning: Undefined property: class@anonymous::$insert_id in D:\meowseo\tests\properties\Property14RedirectMatchingCorrectnessTest.php on line 558

Warning: Undefined property: class@anonymous::$insert_id in D:\meowseo\tests\properties\Property14RedirectMatchingCorrectnessTest.php on line 558

Warning: Undefined property: class@anonymous::$insert_id in D:\meowseo\tests\properties\Property14RedirectMatchingCorrectnessTest.php on line 558

Warning: Undefined property: class@anonymous::$insert_id in D:\meowseo\tests\properties\Property14RedirectMatchingCorrectnessTest.php on line 558

Warning: Undefined property: class@anonymous::$insert_id in D:\meowseo\tests\properties\Property14RedirectMatchingCorrectnessTest.php on line 558

Warning: Undefined property: class@anonymous::$insert_id in D:\meowseo\tests\properties\Property14RedirectMatchingCorrectnessTest.php on line 558

Warning: Undefined property: class@anonymous::$insert_id in D:\meowseo\tests\properties\Property14RedirectMatchingCorrectnessTest.php on line 558

Warning: Undefined property: class@anonymous::$insert_id in D:\meowseo\tests\properties\Property14RedirectMatchingCorrectnessTest.php on line 558

Warning: Undefined property: class@anonymous::$insert_id in D:\meowseo\tests\properties\Property14RedirectMatchingCorrectnessTest.php on line 558

Warning: Undefined property: class@anonymous::$insert_id in D:\meowseo\tests\properties\Property14RedirectMatchingCorrectnessTest.php on line 558

Warning: Undefined property: class@anonymous::$insert_id in D:\meowseo\tests\properties\Property14RedirectMatchingCorrectnessTest.php on line 558

Warning: Undefined property: class@anonymous::$insert_id in D:\meowseo\tests\properties\Property14RedirectMatchingCorrectnessTest.php on line 558

Warning: Undefined property: class@anonymous::$insert_id in D:\meowseo\tests\properties\Property14RedirectMatchingCorrectnessTest.php on line 558

Warning: Undefined property: class@anonymous::$insert_id in D:\meowseo\tests\properties\Property14RedirectMatchingCorrectnessTest.php on line 558

Warning: Undefined property: class@anonymous::$insert_id in D:\meowseo\tests\properties\Property14RedirectMatchingCorrectnessTest.php on line 558

Warning: Undefined property: class@anonymous::$insert_id in D:\meowseo\tests\properties\Property14RedirectMatchingCorrectnessTest.php on line 558

Warning: Undefined property: class@anonymous::$insert_id in D:\meowseo\tests\properties\Property14RedirectMatchingCorrectnessTest.php on line 558

Warning: Undefined property: class@anonymous::$insert_id in D:\meowseo\tests\properties\Property14RedirectMatchingCorrectnessTest.php on line 558

Warning: Undefined property: class@anonymous::$insert_id in D:\meowseo\tests\properties\Property14RedirectMatchingCorrectnessTest.php on line 558

Warning: Undefined property: class@anonymous::$insert_id in D:\meowseo\tests\properties\Property14RedirectMatchingCorrectnessTest.php on line 558

Warning: Undefined property: class@anonymous::$insert_id in D:\meowseo\tests\properties\Property14RedirectMatchingCorrectnessTest.php on line 558

Warning: Undefined property: class@anonymous::$insert_id in D:\meowseo\tests\properties\Property14RedirectMatchingCorrectnessTest.php on line 558

Warning: Undefined property: class@anonymous::$insert_id in D:\meowseo\tests\properties\Property14RedirectMatchingCorrectnessTest.php on line 558

Warning: Undefined property: class@anonymous::$insert_id in D:\meowseo\tests\properties\Property14RedirectMatchingCorrectnessTest.php on line 558

Warning: Undefined property: class@anonymous::$insert_id in D:\meowseo\tests\properties\Property14RedirectMatchingCorrectnessTest.php on line 558

Warning: Undefined property: class@anonymous::$insert_id in D:\meowseo\tests\properties\Property14RedirectMatchingCorrectnessTest.php on line 558

Warning: Undefined property: class@anonymous::$insert_id in D:\meowseo\tests\properties\Property14RedirectMatchingCorrectnessTest.php on line 558

Warning: Undefined property: class@anonymous::$insert_id in D:\meowseo\tests\properties\Property14RedirectMatchingCorrectnessTest.php on line 558

Warning: Undefined property: class@anonymous::$insert_id in D:\meowseo\tests\properties\Property14RedirectMatchingCorrectnessTest.php on line 558

Warning: Undefined property: class@anonymous::$insert_id in D:\meowseo\tests\properties\Property14RedirectMatchingCorrectnessTest.php on line 558

Warning: Undefined property: class@anonymous::$insert_id in D:\meowseo\tests\properties\Property14RedirectMatchingCorrectnessTest.php on line 558

Warning: Undefined property: class@anonymous::$insert_id in D:\meowseo\tests\properties\Property14RedirectMatchingCorrectnessTest.php on line 558

Warning: Undefined property: class@anonymous::$insert_id in D:\meowseo\tests\properties\Property14RedirectMatchingCorrectnessTest.php on line 558

Warning: Undefined property: class@anonymous::$insert_id in D:\meowseo\tests\properties\Property14RedirectMatchingCorrectnessTest.php on line 558

Warning: Undefined property: class@anonymous::$insert_id in D:\meowseo\tests\properties\Property14RedirectMatchingCorrectnessTest.php on line 558

Warning: Undefined property: class@anonymous::$insert_id in D:\meowseo\tests\properties\Property14RedirectMatchingCorrectnessTest.php on line 558

Warning: Undefined property: class@anonymous::$insert_id in D:\meowseo\tests\properties\Property14RedirectMatchingCorrectnessTest.php on line 558

Warning: Undefined property: class@anonymous::$insert_id in D:\meowseo\tests\properties\Property14RedirectMatchingCorrectnessTest.php on line 558

Warning: Undefined property: class@anonymous::$insert_id in D:\meowseo\tests\properties\Property14RedirectMatchingCorrectnessTest.php on line 558

Warning: Undefined property: class@anonymous::$insert_id in D:\meowseo\tests\properties\Property14RedirectMatchingCorrectnessTest.php on line 558

Warning: Undefined property: class@anonymous::$insert_id in D:\meowseo\tests\properties\Property14RedirectMatchingCorrectnessTest.php on line 558

Warning: Undefined property: class@anonymous::$insert_id in D:\meowseo\tests\properties\Property14RedirectMatchingCorrectnessTest.php on line 558

Warning: Undefined property: class@anonymous::$insert_id in D:\meowseo\tests\properties\Property14RedirectMatchingCorrectnessTest.php on line 558

Warning: Undefined property: class@anonymous::$insert_id in D:\meowseo\tests\properties\Property14RedirectMatchingCorrectnessTest.php on line 558

Warning: Undefined property: class@anonymous::$insert_id in D:\meowseo\tests\properties\Property14RedirectMatchingCorrectnessTest.php on line 558

Warning: Undefined property: class@anonymous::$insert_id in D:\meowseo\tests\properties\Property14RedirectMatchingCorrectnessTest.php on line 558

Warning: Undefined property: class@anonymous::$insert_id in D:\meowseo\tests\properties\Property14RedirectMatchingCorrectnessTest.php on line 558

Warning: Undefined property: class@anonymous::$insert_id in D:\meowseo\tests\properties\Property14RedirectMatchingCorrectnessTest.php on line 558

Warning: Undefined property: class@anonymous::$insert_id in D:\meowseo\tests\properties\Property14RedirectMatchingCorrectnessTest.php on line 558

Warning: Undefined property: class@anonymous::$insert_id in D:\meowseo\tests\properties\Property14RedirectMatchingCorrectnessTest.php on line 558

Warning: Undefined property: class@anonymous::$insert_id in D:\meowseo\tests\properties\Property14RedirectMatchingCorrectnessTest.php on line 558

Warning: Undefined property: class@anonymous::$insert_id in D:\meowseo\tests\properties\Property14RedirectMatchingCorrectnessTest.php on line 558

Warning: Undefined property: class@anonymous::$insert_id in D:\meowseo\tests\properties\Property14RedirectMatchingCorrectnessTest.php on line 558

Warning: Undefined property: class@anonymous::$insert_id in D:\meowseo\tests\properties\Property14RedirectMatchingCorrectnessTest.php on line 558

Warning: Undefined property: class@anonymous::$insert_id in D:\meowseo\tests\properties\Property14RedirectMatchingCorrectnessTest.php on line 558

Warning: Undefined property: class@anonymous::$insert_id in D:\meowseo\tests\properties\Property14RedirectMatchingCorrectnessTest.php on line 558

Warning: Undefined property: class@anonymous::$insert_id in D:\meowseo\tests\properties\Property14RedirectMatchingCorrectnessTest.php on line 558

Warning: Undefined property: class@anonymous::$insert_id in D:\meowseo\tests\properties\Property14RedirectMatchingCorrectnessTest.php on line 558

Warning: Undefined property: class@anonymous::$insert_id in D:\meowseo\tests\properties\Property14RedirectMatchingCorrectnessTest.php on line 558

Warning: Undefined property: class@anonymous::$insert_id in D:\meowseo\tests\properties\Property14RedirectMatchingCorrectnessTest.php on line 558

Warning: Undefined property: class@anonymous::$insert_id in D:\meowseo\tests\properties\Property14RedirectMatchingCorrectnessTest.php on line 558

Warning: Undefined property: class@anonymous::$insert_id in D:\meowseo\tests\properties\Property14RedirectMatchingCorrectnessTest.php on line 558

Warning: Undefined property: class@anonymous::$insert_id in D:\meowseo\tests\properties\Property14RedirectMatchingCorrectnessTest.php on line 558

Warning: Undefined property: class@anonymous::$insert_id in D:\meowseo\tests\properties\Property14RedirectMatchingCorrectnessTest.php on line 558

Warning: Undefined property: class@anonymous::$insert_id in D:\meowseo\tests\properties\Property14RedirectMatchingCorrectnessTest.php on line 558

Warning: Undefined property: class@anonymous::$insert_id in D:\meowseo\tests\properties\Property14RedirectMatchingCorrectnessTest.php on line 558

Warning: Undefined property: class@anonymous::$insert_id in D:\meowseo\tests\properties\Property14RedirectMatchingCorrectnessTest.php on line 558

Warning: Undefined property: class@anonymous::$insert_id in D:\meowseo\tests\properties\Property14RedirectMatchingCorrectnessTest.php on line 558

Warning: Undefined property: class@anonymous::$insert_id in D:\meowseo\tests\properties\Property14RedirectMatchingCorrectnessTest.php on line 558

Warning: Undefined property: class@anonymous::$insert_id in D:\meowseo\tests\properties\Property14RedirectMatchingCorrectnessTest.php on line 558

Warning: Undefined property: class@anonymous::$insert_id in D:\meowseo\tests\properties\Property14RedirectMatchingCorrectnessTest.php on line 558

Warning: Undefined property: class@anonymous::$insert_id in D:\meowseo\tests\properties\Property14RedirectMatchingCorrectnessTest.php on line 558

Warning: Undefined property: class@anonymous::$insert_id in D:\meowseo\tests\properties\Property14RedirectMatchingCorrectnessTest.php on line 558

Warning: Undefined property: class@anonymous::$insert_id in D:\meowseo\tests\properties\Property14RedirectMatchingCorrectnessTest.php on line 558

Warning: Undefined property: class@anonymous::$insert_id in D:\meowseo\tests\properties\Property14RedirectMatchingCorrectnessTest.php on line 558

Warning: Undefined property: class@anonymous::$insert_id in D:\meowseo\tests\properties\Property14RedirectMatchingCorrectnessTest.php on line 558

Warning: Undefined property: class@anonymous::$insert_id in D:\meowseo\tests\properties\Property14RedirectMatchingCorrectnessTest.php on line 558

Warning: Undefined property: class@anonymous::$insert_id in D:\meowseo\tests\properties\Property14RedirectMatchingCorrectnessTest.php on line 558

Warning: Undefined property: class@anonymous::$insert_id in D:\meowseo\tests\properties\Property14RedirectMatchingCorrectnessTest.php on line 558

Warning: Undefined property: class@anonymous::$insert_id in D:\meowseo\tests\properties\Property14RedirectMatchingCorrectnessTest.php on line 558

Warning: Undefined property: class@anonymous::$insert_id in D:\meowseo\tests\properties\Property14RedirectMatchingCorrectnessTest.php on line 558

Warning: Undefined property: class@anonymous::$insert_id in D:\meowseo\tests\properties\Property14RedirectMatchingCorrectnessTest.php on line 558

Warning: Undefined property: class@anonymous::$insert_id in D:\meowseo\tests\properties\Property14RedirectMatchingCorrectnessTest.php on line 558

Warning: Undefined property: class@anonymous::$insert_id in D:\meowseo\tests\properties\Property14RedirectMatchingCorrectnessTest.php on line 558

Warning: Undefined property: class@anonymous::$insert_id in D:\meowseo\tests\properties\Property14RedirectMatchingCorrectnessTest.php on line 558

Warning: Undefined property: class@anonymous::$insert_id in D:\meowseo\tests\properties\Property14RedirectMatchingCorrectnessTest.php on line 558

Warning: Undefined property: class@anonymous::$insert_id in D:\meowseo\tests\properties\Property14RedirectMatchingCorrectnessTest.php on line 558

Warning: Undefined property: class@anonymous::$insert_id in D:\meowseo\tests\properties\Property14RedirectMatchingCorrectnessTest.php on line 558

Warning: Undefined property: class@anonymous::$insert_id in D:\meowseo\tests\properties\Property14RedirectMatchingCorrectnessTest.php on line 558

Warning: Undefined property: class@anonymous::$insert_id in D:\meowseo\tests\properties\Property14RedirectMatchingCorrectnessTest.php on line 558

Warning: Undefined property: class@anonymous::$insert_id in D:\meowseo\tests\properties\Property14RedirectMatchingCorrectnessTest.php on line 558

Warning: Undefined property: class@anonymous::$insert_id in D:\meowseo\tests\properties\Property14RedirectMatchingCorrectnessTest.php on line 558

Warning: Undefined property: class@anonymous::$insert_id in D:\meowseo\tests\properties\Property14RedirectMatchingCorrectnessTest.php on line 558

Warning: Undefined property: class@anonymous::$insert_id in D:\meowseo\tests\properties\Property14RedirectMatchingCorrectnessTest.php on line 558

Warning: Undefined property: class@anonymous::$insert_id in D:\meowseo\tests\properties\Property14RedirectMatchingCorrectnessTest.php on line 558

Warning: Undefined property: class@anonymous::$insert_id in D:\meowseo\tests\properties\Property14RedirectMatchingCorrectnessTest.php on line 558

Warning: Undefined property: class@anonymous::$insert_id in D:\meowseo\tests\properties\Property14RedirectMatchingCorrectnessTest.php on line 558

Warning: Undefined property: class@anonymous::$insert_id in D:\meowseo\tests\properties\Property14RedirectMatchingCorrectnessTest.php on line 558

Warning: Undefined property: class@anonymous::$insert_id in D:\meowseo\tests\properties\Property14RedirectMatchingCorrectnessTest.php on line 558

Warning: Undefined property: class@anonymous::$insert_id in D:\meowseo\tests\properties\Property14RedirectMatchingCorrectnessTest.php on line 558

Warning: Undefined property: class@anonymous::$insert_id in D:\meowseo\tests\properties\Property14RedirectMatchingCorrectnessTest.php on line 558

Warning: Undefined property: class@anonymous::$insert_id in D:\meowseo\tests\properties\Property14RedirectMatchingCorrectnessTest.php on line 558

Warning: Undefined property: class@anonymous::$insert_id in D:\meowseo\tests\properties\Property14RedirectMatchingCorrectnessTest.php on line 558

Warning: Undefined property: class@anonymous::$insert_id in D:\meowseo\tests\properties\Property14RedirectMatchingCorrectnessTest.php on line 558

Warning: Undefined property: class@anonymous::$insert_id in D:\meowseo\tests\properties\Property14RedirectMatchingCorrectnessTest.php on line 558

Warning: Undefined property: class@anonymous::$insert_id in D:\meowseo\tests\properties\Property14RedirectMatchingCorrectnessTest.php on line 558

Warning: Undefined property: class@anonymous::$insert_id in D:\meowseo\tests\properties\Property14RedirectMatchingCorrectnessTest.php on line 558

Warning: Undefined property: class@anonymous::$insert_id in D:\meowseo\tests\properties\Property14RedirectMatchingCorrectnessTest.php on line 558

Warning: Undefined property: class@anonymous::$insert_id in D:\meowseo\tests\properties\Property14RedirectMatchingCorrectnessTest.php on line 558

Warning: Undefined property: class@anonymous::$insert_id in D:\meowseo\tests\properties\Property14RedirectMatchingCorrectnessTest.php on line 558

Warning: Undefined property: class@anonymous::$insert_id in D:\meowseo\tests\properties\Property14RedirectMatchingCorrectnessTest.php on line 558

Warning: Undefined property: class@anonymous::$insert_id in D:\meowseo\tests\properties\Property14RedirectMatchingCorrectnessTest.php on line 558

Warning: Undefined property: class@anonymous::$insert_id in D:\meowseo\tests\properties\Property14RedirectMatchingCorrectnessTest.php on line 558

Warning: Undefined property: class@anonymous::$insert_id in D:\meowseo\tests\properties\Property14RedirectMatchingCorrectnessTest.php on line 558

Warning: Undefined property: class@anonymous::$insert_id in D:\meowseo\tests\properties\Property14RedirectMatchingCorrectnessTest.php on line 558

Warning: Undefined property: class@anonymous::$insert_id in D:\meowseo\tests\properties\Property14RedirectMatchingCorrectnessTest.php on line 558

Warning: Undefined property: class@anonymous::$insert_id in D:\meowseo\tests\properties\Property14RedirectMatchingCorrectnessTest.php on line 558

Warning: Undefined property: class@anonymous::$insert_id in D:\meowseo\tests\properties\Property14RedirectMatchingCorrectnessTest.php on line 558

Warning: Undefined property: class@anonymous::$insert_id in D:\meowseo\tests\properties\Property14RedirectMatchingCorrectnessTest.php on line 558

Warning: Undefined property: class@anonymous::$insert_id in D:\meowseo\tests\properties\Property14RedirectMatchingCorrectnessTest.php on line 558

Warning: Undefined property: class@anonymous::$insert_id in D:\meowseo\tests\properties\Property14RedirectMatchingCorrectnessTest.php on line 558

Warning: Undefined property: class@anonymous::$insert_id in D:\meowseo\tests\properties\Property14RedirectMatchingCorrectnessTest.php on line 558

Warning: Undefined property: class@anonymous::$insert_id in D:\meowseo\tests\properties\Property14RedirectMatchingCorrectnessTest.php on line 558

Warning: Undefined property: class@anonymous::$insert_id in D:\meowseo\tests\properties\Property14RedirectMatchingCorrectnessTest.php on line 558

Warning: Undefined property: class@anonymous::$insert_id in D:\meowseo\tests\properties\Property14RedirectMatchingCorrectnessTest.php on line 558

Warning: Undefined property: class@anonymous::$insert_id in D:\meowseo\tests\properties\Property14RedirectMatchingCorrectnessTest.php on line 558

Warning: Undefined property: class@anonymous::$insert_id in D:\meowseo\tests\properties\Property14RedirectMatchingCorrectnessTest.php on line 558

Warning: Undefined property: class@anonymous::$insert_id in D:\meowseo\tests\properties\Property14RedirectMatchingCorrectnessTest.php on line 558

Warning: Undefined property: class@anonymous::$insert_id in D:\meowseo\tests\properties\Property14RedirectMatchingCorrectnessTest.php on line 558

Warning: Undefined property: class@anonymous::$insert_id in D:\meowseo\tests\properties\Property14RedirectMatchingCorrectnessTest.php on line 558

Warning: Undefined property: class@anonymous::$insert_id in D:\meowseo\tests\properties\Property14RedirectMatchingCorrectnessTest.php on line 558

Warning: Undefined property: class@anonymous::$insert_id in D:\meowseo\tests\properties\Property14RedirectMatchingCorrectnessTest.php on line 558

Warning: Undefined property: class@anonymous::$insert_id in D:\meowseo\tests\properties\Property14RedirectMatchingCorrectnessTest.php on line 558

Warning: Undefined property: class@anonymous::$insert_id in D:\meowseo\tests\properties\Property14RedirectMatchingCorrectnessTest.php on line 558

Warning: Undefined property: class@anonymous::$insert_id in D:\meowseo\tests\properties\Property14RedirectMatchingCorrectnessTest.php on line 558

Warning: Undefined property: class@anonymous::$insert_id in D:\meowseo\tests\properties\Property14RedirectMatchingCorrectnessTest.php on line 558

Warning: Undefined property: class@anonymous::$insert_id in D:\meowseo\tests\properties\Property14RedirectMatchingCorrectnessTest.php on line 558

Warning: Undefined property: class@anonymous::$insert_id in D:\meowseo\tests\properties\Property14RedirectMatchingCorrectnessTest.php on line 558

Warning: Undefined property: class@anonymous::$insert_id in D:\meowseo\tests\properties\Property14RedirectMatchingCorrectnessTest.php on line 558

Warning: Undefined property: class@anonymous::$insert_id in D:\meowseo\tests\properties\Property14RedirectMatchingCorrectnessTest.php on line 558

Warning: Undefined property: class@anonymous::$insert_id in D:\meowseo\tests\properties\Property14RedirectMatchingCorrectnessTest.php on line 558

Warning: Undefined property: class@anonymous::$insert_id in D:\meowseo\tests\properties\Property14RedirectMatchingCorrectnessTest.php on line 558

Warning: Undefined property: class@anonymous::$insert_id in D:\meowseo\tests\properties\Property14RedirectMatchingCorrectnessTest.php on line 558

Warning: Undefined property: class@anonymous::$insert_id in D:\meowseo\tests\properties\Property14RedirectMatchingCorrectnessTest.php on line 558

Warning: Undefined property: class@anonymous::$insert_id in D:\meowseo\tests\properties\Property14RedirectMatchingCorrectnessTest.php on line 558

Warning: Undefined property: class@anonymous::$insert_id in D:\meowseo\tests\properties\Property14RedirectMatchingCorrectnessTest.php on line 558

Warning: Undefined property: class@anonymous::$insert_id in D:\meowseo\tests\properties\Property14RedirectMatchingCorrectnessTest.php on line 558

Warning: Undefined property: class@anonymous::$insert_id in D:\meowseo\tests\properties\Property14RedirectMatchingCorrectnessTest.php on line 558

Warning: Undefined property: class@anonymous::$insert_id in D:\meowseo\tests\properties\Property14RedirectMatchingCorrectnessTest.php on line 558

Warning: Undefined property: class@anonymous::$insert_id in D:\meowseo\tests\properties\Property14RedirectMatchingCorrectnessTest.php on line 558

Warning: Undefined property: class@anonymous::$insert_id in D:\meowseo\tests\properties\Property14RedirectMatchingCorrectnessTest.php on line 558

Warning: Undefined property: class@anonymous::$insert_id in D:\meowseo\tests\properties\Property14RedirectMatchingCorrectnessTest.php on line 558

Warning: Undefined property: class@anonymous::$insert_id in D:\meowseo\tests\properties\Property14RedirectMatchingCorrectnessTest.php on line 558

Warning: Undefined property: class@anonymous::$insert_id in D:\meowseo\tests\properties\Property14RedirectMatchingCorrectnessTest.php on line 558

Warning: Undefined property: class@anonymous::$insert_id in D:\meowseo\tests\properties\Property14RedirectMatchingCorrectnessTest.php on line 558

Warning: Undefined property: class@anonymous::$insert_id in D:\meowseo\tests\properties\Property14RedirectMatchingCorrectnessTest.php on line 558

Warning: Undefined property: class@anonymous::$insert_id in D:\meowseo\tests\properties\Property14RedirectMatchingCorrectnessTest.php on line 558

Warning: Undefined property: class@anonymous::$insert_id in D:\meowseo\tests\properties\Property14RedirectMatchingCorrectnessTest.php on line 558

Warning: Undefined property: class@anonymous::$insert_id in D:\meowseo\tests\properties\Property14RedirectMatchingCorrectnessTest.php on line 558

Warning: Undefined property: class@anonymous::$insert_id in D:\meowseo\tests\properties\Property14RedirectMatchingCorrectnessTest.php on line 558

Warning: Undefined property: class@anonymous::$insert_id in D:\meowseo\tests\properties\Property14RedirectMatchingCorrectnessTest.php on line 558

Warning: Undefined property: class@anonymous::$insert_id in D:\meowseo\tests\properties\Property14RedirectMatchingCorrectnessTest.php on line 558

Warning: Undefined property: class@anonymous::$insert_id in D:\meowseo\tests\properties\Property14RedirectMatchingCorrectnessTest.php on line 558

Warning: Undefined property: class@anonymous::$insert_id in D:\meowseo\tests\properties\Property14RedirectMatchingCorrectnessTest.php on line 558

Warning: Undefined property: class@anonymous::$insert_id in D:\meowseo\tests\properties\Property14RedirectMatchingCorrectnessTest.php on line 558

Warning: Undefined property: class@anonymous::$insert_id in D:\meowseo\tests\properties\Property14RedirectMatchingCorrectnessTest.php on line 558

Warning: Undefined property: class@anonymous::$insert_id in D:\meowseo\tests\properties\Property14RedirectMatchingCorrectnessTest.php on line 558

Warning: Undefined property: class@anonymous::$insert_id in D:\meowseo\tests\properties\Property14RedirectMatchingCorrectnessTest.php on line 558

Warning: Undefined property: class@anonymous::$insert_id in D:\meowseo\tests\properties\Property14RedirectMatchingCorrectnessTest.php on line 558

Warning: Undefined property: class@anonymous::$insert_id in D:\meowseo\tests\properties\Property14RedirectMatchingCorrectnessTest.php on line 558

Warning: Undefined property: class@anonymous::$insert_id in D:\meowseo\tests\properties\Property14RedirectMatchingCorrectnessTest.php on line 558

Warning: Undefined property: class@anonymous::$insert_id in D:\meowseo\tests\properties\Property14RedirectMatchingCorrectnessTest.php on line 558

Warning: Undefined property: class@anonymous::$insert_id in D:\meowseo\tests\properties\Property14RedirectMatchingCorrectnessTest.php on line 558

Warning: Undefined property: class@anonymous::$insert_id in D:\meowseo\tests\properties\Property14RedirectMatchingCorrectnessTest.php on line 558

Warning: Undefined property: class@anonymous::$insert_id in D:\meowseo\tests\properties\Property14RedirectMatchingCorrectnessTest.php on line 558

Warning: Undefined property: class@anonymous::$insert_id in D:\meowseo\tests\properties\Property14RedirectMatchingCorrectnessTest.php on line 558

Warning: Undefined property: class@anonymous::$insert_id in D:\meowseo\tests\properties\Property14RedirectMatchingCorrectnessTest.php on line 558

Warning: Undefined property: class@anonymous::$insert_id in D:\meowseo\tests\properties\Property14RedirectMatchingCorrectnessTest.php on line 558

Warning: Undefined property: class@anonymous::$insert_id in D:\meowseo\tests\properties\Property14RedirectMatchingCorrectnessTest.php on line 558

Warning: Undefined property: class@anonymous::$insert_id in D:\meowseo\tests\properties\Property14RedirectMatchingCorrectnessTest.php on line 558

Warning: Undefined property: class@anonymous::$insert_id in D:\meowseo\tests\properties\Property14RedirectMatchingCorrectnessTest.php on line 558

Warning: Undefined property: class@anonymous::$insert_id in D:\meowseo\tests\properties\Property14RedirectMatchingCorrectnessTest.php on line 558

Warning: Undefined property: class@anonymous::$insert_id in D:\meowseo\tests\properties\Property14RedirectMatchingCorrectnessTest.php on line 558

Warning: Undefined property: class@anonymous::$insert_id in D:\meowseo\tests\properties\Property14RedirectMatchingCorrectnessTest.php on line 558

Warning: Undefined property: class@anonymous::$insert_id in D:\meowseo\tests\properties\Property14RedirectMatchingCorrectnessTest.php on line 558

Warning: Undefined property: class@anonymous::$insert_id in D:\meowseo\tests\properties\Property14RedirectMatchingCorrectnessTest.php on line 558

Warning: Undefined property: class@anonymous::$insert_id in D:\meowseo\tests\properties\Property14RedirectMatchingCorrectnessTest.php on line 558

Warning: Undefined property: class@anonymous::$insert_id in D:\meowseo\tests\properties\Property14RedirectMatchingCorrectnessTest.php on line 558

Warning: Undefined property: class@anonymous::$insert_id in D:\meowseo\tests\properties\Property14RedirectMatchingCorrectnessTest.php on line 558

Warning: Undefined property: class@anonymous::$insert_id in D:\meowseo\tests\properties\Property14RedirectMatchingCorrectnessTest.php on line 558

Warning: Undefined property: class@anonymous::$insert_id in D:\meowseo\tests\properties\Property14RedirectMatchingCorrectnessTest.php on line 558

Warning: Undefined property: class@anonymous::$insert_id in D:\meowseo\tests\properties\Property14RedirectMatchingCorrectnessTest.php on line 558

Warning: Undefined property: class@anonymous::$insert_id in D:\meowseo\tests\properties\Property14RedirectMatchingCorrectnessTest.php on line 558

Warning: Undefined property: class@anonymous::$insert_id in D:\meowseo\tests\properties\Property14RedirectMatchingCorrectnessTest.php on line 558

Warning: Undefined property: class@anonymous::$insert_id in D:\meowseo\tests\properties\Property14RedirectMatchingCorrectnessTest.php on line 558

Warning: Undefined property: class@anonymous::$insert_id in D:\meowseo\tests\properties\Property14RedirectMatchingCorrectnessTest.php on line 558

Warning: Undefined property: class@anonymous::$insert_id in D:\meowseo\tests\properties\Property14RedirectMatchingCorrectnessTest.php on line 558

Warning: Undefined property: class@anonymous::$insert_id in D:\meowseo\tests\properties\Property14RedirectMatchingCorrectnessTest.php on line 558

Warning: Undefined property: class@anonymous::$insert_id in D:\meowseo\tests\properties\Property14RedirectMatchingCorrectnessTest.php on line 558

Warning: Undefined property: class@anonymous::$insert_id in D:\meowseo\tests\properties\Property14RedirectMatchingCorrectnessTest.php on line 558

Warning: Undefined property: class@anonymous::$insert_id in D:\meowseo\tests\properties\Property14RedirectMatchingCorrectnessTest.php on line 558

Warning: Undefined property: class@anonymous::$insert_id in D:\meowseo\tests\properties\Property14RedirectMatchingCorrectnessTest.php on line 558

Warning: Undefined property: class@anonymous::$insert_id in D:\meowseo\tests\properties\Property14RedirectMatchingCorrectnessTest.php on line 558

Warning: Undefined property: class@anonymous::$insert_id in D:\meowseo\tests\properties\Property14RedirectMatchingCorrectnessTest.php on line 558

Warning: Undefined property: class@anonymous::$insert_id in D:\meowseo\tests\properties\Property14RedirectMatchingCorrectnessTest.php on line 558

Warning: Undefined property: class@anonymous::$insert_id in D:\meowseo\tests\properties\Property14RedirectMatchingCorrectnessTest.php on line 558

Warning: Undefined property: class@anonymous::$insert_id in D:\meowseo\tests\properties\Property14RedirectMatchingCorrectnessTest.php on line 558

Warning: Undefined property: class@anonymous::$insert_id in D:\meowseo\tests\properties\Property14RedirectMatchingCorrectnessTest.php on line 558

Warning: Undefined property: class@anonymous::$insert_id in D:\meowseo\tests\properties\Property14RedirectMatchingCorrectnessTest.php on line 558

Warning: Undefined property: class@anonymous::$insert_id in D:\meowseo\tests\properties\Property14RedirectMatchingCorrectnessTest.php on line 558

Warning: Undefined property: class@anonymous::$insert_id in D:\meowseo\tests\properties\Property14RedirectMatchingCorrectnessTest.php on line 558

Warning: Undefined property: class@anonymous::$insert_id in D:\meowseo\tests\properties\Property14RedirectMatchingCorrectnessTest.php on line 558

Warning: Undefined property: class@anonymous::$insert_id in D:\meowseo\tests\properties\Property14RedirectMatchingCorrectnessTest.php on line 558

Warning: Undefined property: class@anonymous::$insert_id in D:\meowseo\tests\properties\Property14RedirectMatchingCorrectnessTest.php on line 558

Warning: Undefined property: class@anonymous::$insert_id in D:\meowseo\tests\properties\Property14RedirectMatchingCorrectnessTest.php on line 558

Warning: Undefined property: class@anonymous::$insert_id in D:\meowseo\tests\properties\Property14RedirectMatchingCorrectnessTest.php on line 558

Warning: Undefined property: class@anonymous::$insert_id in D:\meowseo\tests\properties\Property14RedirectMatchingCorrectnessTest.php on line 558

Warning: Undefined property: class@anonymous::$insert_id in D:\meowseo\tests\properties\Property14RedirectMatchingCorrectnessTest.php on line 558

Warning: Undefined property: class@anonymous::$insert_id in D:\meowseo\tests\properties\Property14RedirectMatchingCorrectnessTest.php on line 558

Warning: Undefined property: class@anonymous::$insert_id in D:\meowseo\tests\properties\Property14RedirectMatchingCorrectnessTest.php on line 558

Warning: Undefined property: class@anonymous::$insert_id in D:\meowseo\tests\properties\Property14RedirectMatchingCorrectnessTest.php on line 558

Warning: Undefined property: class@anonymous::$insert_id in D:\meowseo\tests\properties\Property14RedirectMatchingCorrectnessTest.php on line 558

Warning: Undefined property: class@anonymous::$insert_id in D:\meowseo\tests\properties\Property14RedirectMatchingCorrectnessTest.php on line 558

Warning: Undefined property: class@anonymous::$insert_id in D:\meowseo\tests\properties\Property14RedirectMatchingCorrectnessTest.php on line 558

Warning: Undefined property: class@anonymous::$insert_id in D:\meowseo\tests\properties\Property14RedirectMatchingCorrectnessTest.php on line 558

Warning: Undefined property: class@anonymous::$insert_id in D:\meowseo\tests\properties\Property14RedirectMatchingCorrectnessTest.php on line 558

Warning: Undefined property: class@anonymous::$insert_id in D:\meowseo\tests\properties\Property14RedirectMatchingCorrectnessTest.php on line 558

Warning: Undefined property: class@anonymous::$insert_id in D:\meowseo\tests\properties\Property14RedirectMatchingCorrectnessTest.php on line 558

Warning: Undefined property: class@anonymous::$insert_id in D:\meowseo\tests\properties\Property14RedirectMatchingCorrectnessTest.php on line 558

Warning: Undefined property: class@anonymous::$insert_id in D:\meowseo\tests\properties\Property14RedirectMatchingCorrectnessTest.php on line 558

Warning: Undefined property: class@anonymous::$insert_id in D:\meowseo\tests\properties\Property14RedirectMatchingCorrectnessTest.php on line 558

Warning: Undefined property: class@anonymous::$insert_id in D:\meowseo\tests\properties\Property14RedirectMatchingCorrectnessTest.php on line 558

Warning: Undefined property: class@anonymous::$insert_id in D:\meowseo\tests\properties\Property14RedirectMatchingCorrectnessTest.php on line 558

Warning: Undefined property: class@anonymous::$insert_id in D:\meowseo\tests\properties\Property14RedirectMatchingCorrectnessTest.php on line 558

Warning: Undefined property: class@anonymous::$insert_id in D:\meowseo\tests\properties\Property14RedirectMatchingCorrectnessTest.php on line 558

Warning: Undefined property: class@anonymous::$insert_id in D:\meowseo\tests\properties\Property14RedirectMatchingCorrectnessTest.php on line 558

Warning: Undefined property: class@anonymous::$insert_id in D:\meowseo\tests\properties\Property14RedirectMatchingCorrectnessTest.php on line 558

Warning: Undefined property: class@anonymous::$insert_id in D:\meowseo\tests\properties\Property14RedirectMatchingCorrectnessTest.php on line 558

Warning: Undefined property: class@anonymous::$insert_id in D:\meowseo\tests\properties\Property14RedirectMatchingCorrectnessTest.php on line 558

Warning: Undefined property: class@anonymous::$insert_id in D:\meowseo\tests\properties\Property14RedirectMatchingCorrectnessTest.php on line 558

Warning: Undefined property: class@anonymous::$insert_id in D:\meowseo\tests\properties\Property14RedirectMatchingCorrectnessTest.php on line 558

Warning: Undefined property: class@anonymous::$insert_id in D:\meowseo\tests\properties\Property14RedirectMatchingCorrectnessTest.php on line 558

Warning: Undefined property: class@anonymous::$insert_id in D:\meowseo\tests\properties\Property14RedirectMatchingCorrectnessTest.php on line 558

Warning: Undefined property: class@anonymous::$insert_id in D:\meowseo\tests\properties\Property14RedirectMatchingCorrectnessTest.php on line 558

Warning: Undefined property: class@anonymous::$insert_id in D:\meowseo\tests\properties\Property14RedirectMatchingCorrectnessTest.php on line 558

Warning: Undefined property: class@anonymous::$insert_id in D:\meowseo\tests\properties\Property14RedirectMatchingCorrectnessTest.php on line 558

Warning: Undefined property: class@anonymous::$insert_id in D:\meowseo\tests\properties\Property14RedirectMatchingCorrectnessTest.php on line 558

Warning: Undefined property: class@anonymous::$insert_id in D:\meowseo\tests\properties\Property14RedirectMatchingCorrectnessTest.php on line 558

Warning: Undefined property: class@anonymous::$insert_id in D:\meowseo\tests\properties\Property14RedirectMatchingCorrectnessTest.php on line 558

Warning: Undefined property: class@anonymous::$insert_id in D:\meowseo\tests\properties\Property14RedirectMatchingCorrectnessTest.php on line 558

Warning: Undefined property: class@anonymous::$insert_id in D:\meowseo\tests\properties\Property14RedirectMatchingCorrectnessTest.php on line 558

Warning: Undefined property: class@anonymous::$insert_id in D:\meowseo\tests\properties\Property14RedirectMatchingCorrectnessTest.php on line 558

Warning: Undefined property: class@anonymous::$insert_id in D:\meowseo\tests\properties\Property14RedirectMatchingCorrectnessTest.php on line 558

Warning: Undefined property: class@anonymous::$insert_id in D:\meowseo\tests\properties\Property14RedirectMatchingCorrectnessTest.php on line 558

Warning: Undefined property: class@anonymous::$insert_id in D:\meowseo\tests\properties\Property14RedirectMatchingCorrectnessTest.php on line 558

Warning: Undefined property: class@anonymous::$insert_id in D:\meowseo\tests\properties\Property14RedirectMatchingCorrectnessTest.php on line 558

Warning: Undefined property: class@anonymous::$insert_id in D:\meowseo\tests\properties\Property14RedirectMatchingCorrectnessTest.php on line 558

Warning: Undefined property: class@anonymous::$insert_id in D:\meowseo\tests\properties\Property14RedirectMatchingCorrectnessTest.php on line 558

Warning: Undefined property: class@anonymous::$insert_id in D:\meowseo\tests\properties\Property14RedirectMatchingCorrectnessTest.php on line 558

Warning: Undefined property: class@anonymous::$insert_id in D:\meowseo\tests\properties\Property14RedirectMatchingCorrectnessTest.php on line 558

Warning: Undefined property: class@anonymous::$insert_id in D:\meowseo\tests\properties\Property14RedirectMatchingCorrectnessTest.php on line 558

Warning: Undefined property: class@anonymous::$insert_id in D:\meowseo\tests\properties\Property14RedirectMatchingCorrectnessTest.php on line 558

Warning: Undefined property: class@anonymous::$insert_id in D:\meowseo\tests\properties\Property14RedirectMatchingCorrectnessTest.php on line 558

Warning: Undefined property: class@anonymous::$insert_id in D:\meowseo\tests\properties\Property14RedirectMatchingCorrectnessTest.php on line 558

Warning: Undefined property: class@anonymous::$insert_id in D:\meowseo\tests\properties\Property14RedirectMatchingCorrectnessTest.php on line 558

Warning: Undefined property: class@anonymous::$insert_id in D:\meowseo\tests\properties\Property14RedirectMatchingCorrectnessTest.php on line 558

Warning: Undefined property: class@anonymous::$insert_id in D:\meowseo\tests\properties\Property14RedirectMatchingCorrectnessTest.php on line 558

Warning: Undefined property: class@anonymous::$insert_id in D:\meowseo\tests\properties\Property14RedirectMatchingCorrectnessTest.php on line 558

Warning: Undefined property: class@anonymous::$insert_id in D:\meowseo\tests\properties\Property14RedirectMatchingCorrectnessTest.php on line 558

Warning: Undefined property: class@anonymous::$insert_id in D:\meowseo\tests\properties\Property14RedirectMatchingCorrectnessTest.php on line 558

Warning: Undefined property: class@anonymous::$insert_id in D:\meowseo\tests\properties\Property14RedirectMatchingCorrectnessTest.php on line 558

Warning: Undefined property: class@anonymous::$insert_id in D:\meowseo\tests\properties\Property14RedirectMatchingCorrectnessTest.php on line 558

Warning: Undefined property: class@anonymous::$insert_id in D:\meowseo\tests\properties\Property14RedirectMatchingCorrectnessTest.php on line 558

Warning: Undefined property: class@anonymous::$insert_id in D:\meowseo\tests\properties\Property14RedirectMatchingCorrectnessTest.php on line 558

Warning: Undefined property: class@anonymous::$insert_id in D:\meowseo\tests\properties\Property14RedirectMatchingCorrectnessTest.php on line 558

Warning: Undefined property: class@anonymous::$insert_id in D:\meowseo\tests\properties\Property14RedirectMatchingCorrectnessTest.php on line 558

Warning: Undefined property: class@anonymous::$insert_id in D:\meowseo\tests\properties\Property14RedirectMatchingCorrectnessTest.php on line 558

Warning: Undefined property: class@anonymous::$insert_id in D:\meowseo\tests\properties\Property14RedirectMatchingCorrectnessTest.php on line 558

Warning: Undefined property: class@anonymous::$insert_id in D:\meowseo\tests\properties\Property14RedirectMatchingCorrectnessTest.php on line 558

Warning: Undefined property: class@anonymous::$insert_id in D:\meowseo\tests\properties\Property14RedirectMatchingCorrectnessTest.php on line 558

Warning: Undefined property: class@anonymous::$insert_id in D:\meowseo\tests\properties\Property14RedirectMatchingCorrectnessTest.php on line 558

Warning: Undefined property: class@anonymous::$insert_id in D:\meowseo\tests\properties\Property14RedirectMatchingCorrectnessTest.php on line 558

Warning: Undefined property: class@anonymous::$insert_id in D:\meowseo\tests\properties\Property14RedirectMatchingCorrectnessTest.php on line 558

Warning: Undefined property: class@anonymous::$insert_id in D:\meowseo\tests\properties\Property14RedirectMatchingCorrectnessTest.php on line 558

Warning: Undefined property: class@anonymous::$insert_id in D:\meowseo\tests\properties\Property14RedirectMatchingCorrectnessTest.php on line 558

Warning: Undefined property: class@anonymous::$insert_id in D:\meowseo\tests\properties\Property14RedirectMatchingCorrectnessTest.php on line 558

Warning: Undefined property: class@anonymous::$insert_id in D:\meowseo\tests\properties\Property14RedirectMatchingCorrectnessTest.php on line 558

Warning: Undefined property: class@anonymous::$insert_id in D:\meowseo\tests\properties\Property14RedirectMatchingCorrectnessTest.php on line 558

Warning: Undefined property: class@anonymous::$insert_id in D:\meowseo\tests\properties\Property14RedirectMatchingCorrectnessTest.php on line 558

Warning: Undefined property: class@anonymous::$insert_id in D:\meowseo\tests\properties\Property14RedirectMatchingCorrectnessTest.php on line 558

Warning: Undefined property: class@anonymous::$insert_id in D:\meowseo\tests\properties\Property14RedirectMatchingCorrectnessTest.php on line 558

Warning: Undefined property: class@anonymous::$insert_id in D:\meowseo\tests\properties\Property14RedirectMatchingCorrectnessTest.php on line 558

Warning: Undefined property: class@anonymous::$insert_id in D:\meowseo\tests\properties\Property14RedirectMatchingCorrectnessTest.php on line 558

Warning: Undefined property: class@anonymous::$insert_id in D:\meowseo\tests\properties\Property14RedirectMatchingCorrectnessTest.php on line 558

Warning: Undefined property: class@anonymous::$insert_id in D:\meowseo\tests\properties\Property14RedirectMatchingCorrectnessTest.php on line 558

Warning: Undefined property: class@anonymous::$insert_id in D:\meowseo\tests\properties\Property14RedirectMatchingCorrectnessTest.php on line 558

Warning: Undefined property: class@anonymous::$insert_id in D:\meowseo\tests\properties\Property14RedirectMatchingCorrectnessTest.php on line 558

Warning: Undefined property: class@anonymous::$insert_id in D:\meowseo\tests\properties\Property14RedirectMatchingCorrectnessTest.php on line 558

Warning: Undefined property: class@anonymous::$insert_id in D:\meowseo\tests\properties\Property14RedirectMatchingCorrectnessTest.php on line 558

Warning: Undefined property: class@anonymous::$insert_id in D:\meowseo\tests\properties\Property14RedirectMatchingCorrectnessTest.php on line 558

Warning: Undefined property: class@anonymous::$insert_id in D:\meowseo\tests\properties\Property14RedirectMatchingCorrectnessTest.php on line 558

Warning: Undefined property: class@anonymous::$insert_id in D:\meowseo\tests\properties\Property14RedirectMatchingCorrectnessTest.php on line 558

Warning: Undefined property: class@anonymous::$insert_id in D:\meowseo\tests\properties\Property14RedirectMatchingCorrectnessTest.php on line 558

Warning: Undefined property: class@anonymous::$insert_id in D:\meowseo\tests\properties\Property14RedirectMatchingCorrectnessTest.php on line 558

Warning: Undefined property: class@anonymous::$insert_id in D:\meowseo\tests\properties\Property14RedirectMatchingCorrectnessTest.php on line 558

Warning: Undefined property: class@anonymous::$insert_id in D:\meowseo\tests\properties\Property14RedirectMatchingCorrectnessTest.php on line 558

Warning: Undefined property: class@anonymous::$insert_id in D:\meowseo\tests\properties\Property14RedirectMatchingCorrectnessTest.php on line 558

Warning: Undefined property: class@anonymous::$insert_id in D:\meowseo\tests\properties\Property14RedirectMatchingCorrectnessTest.php on line 558

Warning: Undefined property: class@anonymous::$insert_id in D:\meowseo\tests\properties\Property14RedirectMatchingCorrectnessTest.php on line 558

Warning: Undefined property: class@anonymous::$insert_id in D:\meowseo\tests\properties\Property14RedirectMatchingCorrectnessTest.php on line 558

Warning: Undefined property: class@anonymous::$insert_id in D:\meowseo\tests\properties\Property14RedirectMatchingCorrectnessTest.php on line 558

Warning: Undefined property: class@anonymous::$insert_id in D:\meowseo\tests\properties\Property14RedirectMatchingCorrectnessTest.php on line 558

Warning: Undefined property: class@anonymous::$insert_id in D:\meowseo\tests\properties\Property14RedirectMatchingCorrectnessTest.php on line 558

Warning: Undefined property: class@anonymous::$insert_id in D:\meowseo\tests\properties\Property14RedirectMatchingCorrectnessTest.php on line 558

Warning: Undefined property: class@anonymous::$insert_id in D:\meowseo\tests\properties\Property14RedirectMatchingCorrectnessTest.php on line 558

Warning: Undefined property: class@anonymous::$insert_id in D:\meowseo\tests\properties\Property14RedirectMatchingCorrectnessTest.php on line 558

Warning: Undefined property: class@anonymous::$insert_id in D:\meowseo\tests\properties\Property14RedirectMatchingCorrectnessTest.php on line 558

Warning: Undefined property: class@anonymous::$insert_id in D:\meowseo\tests\properties\Property14RedirectMatchingCorrectnessTest.php on line 558

Warning: Undefined property: class@anonymous::$insert_id in D:\meowseo\tests\properties\Property14RedirectMatchingCorrectnessTest.php on line 558

Warning: Undefined property: class@anonymous::$insert_id in D:\meowseo\tests\properties\Property14RedirectMatchingCorrectnessTest.php on line 558

Warning: Undefined property: class@anonymous::$insert_id in D:\meowseo\tests\properties\Property14RedirectMatchingCorrectnessTest.php on line 558

Warning: Undefined property: class@anonymous::$insert_id in D:\meowseo\tests\properties\Property14RedirectMatchingCorrectnessTest.php on line 558

Warning: Undefined property: class@anonymous::$insert_id in D:\meowseo\tests\properties\Property14RedirectMatchingCorrectnessTest.php on line 558

Warning: Undefined property: class@anonymous::$insert_id in D:\meowseo\tests\properties\Property14RedirectMatchingCorrectnessTest.php on line 558

Warning: Undefined property: class@anonymous::$insert_id in D:\meowseo\tests\properties\Property14RedirectMatchingCorrectnessTest.php on line 558

Warning: Undefined property: class@anonymous::$insert_id in D:\meowseo\tests\properties\Property14RedirectMatchingCorrectnessTest.php on line 558

Warning: Undefined property: class@anonymous::$insert_id in D:\meowseo\tests\properties\Property14RedirectMatchingCorrectnessTest.php on line 558

Warning: Undefined property: class@anonymous::$insert_id in D:\meowseo\tests\properties\Property14RedirectMatchingCorrectnessTest.php on line 558

Warning: Undefined property: class@anonymous::$insert_id in D:\meowseo\tests\properties\Property14RedirectMatchingCorrectnessTest.php on line 558

Warning: Undefined property: class@anonymous::$insert_id in D:\meowseo\tests\properties\Property14RedirectMatchingCorrectnessTest.php on line 558

Warning: Undefined property: class@anonymous::$insert_id in D:\meowseo\tests\properties\Property14RedirectMatchingCorrectnessTest.php on line 558

Warning: Undefined property: class@anonymous::$insert_id in D:\meowseo\tests\properties\Property14RedirectMatchingCorrectnessTest.php on line 558

Warning: Undefined property: class@anonymous::$insert_id in D:\meowseo\tests\properties\Property14RedirectMatchingCorrectnessTest.php on line 558

Warning: Undefined property: class@anonymous::$insert_id in D:\meowseo\tests\properties\Property14RedirectMatchingCorrectnessTest.php on line 558

Warning: Undefined property: class@anonymous::$insert_id in D:\meowseo\tests\properties\Property14RedirectMatchingCorrectnessTest.php on line 558

Warning: Undefined property: class@anonymous::$insert_id in D:\meowseo\tests\properties\Property14RedirectMatchingCorrectnessTest.php on line 558

Warning: Undefined property: class@anonymous::$insert_id in D:\meowseo\tests\properties\Property14RedirectMatchingCorrectnessTest.php on line 558

Warning: Undefined property: class@anonymous::$insert_id in D:\meowseo\tests\properties\Property14RedirectMatchingCorrectnessTest.php on line 558

Warning: Undefined property: class@anonymous::$insert_id in D:\meowseo\tests\properties\Property14RedirectMatchingCorrectnessTest.php on line 558

Warning: Undefined property: class@anonymous::$insert_id in D:\meowseo\tests\properties\Property14RedirectMatchingCorrectnessTest.php on line 558

Warning: Undefined property: class@anonymous::$insert_id in D:\meowseo\tests\properties\Property14RedirectMatchingCorrectnessTest.php on line 558

Warning: Undefined property: class@anonymous::$insert_id in D:\meowseo\tests\properties\Property14RedirectMatchingCorrectnessTest.php on line 558

Warning: Undefined property: class@anonymous::$insert_id in D:\meowseo\tests\properties\Property14RedirectMatchingCorrectnessTest.php on line 558

Warning: Undefined property: class@anonymous::$insert_id in D:\meowseo\tests\properties\Property14RedirectMatchingCorrectnessTest.php on line 558

Warning: Undefined property: class@anonymous::$insert_id in D:\meowseo\tests\properties\Property14RedirectMatchingCorrectnessTest.php on line 558

Warning: Undefined property: class@anonymous::$insert_id in D:\meowseo\tests\properties\Property14RedirectMatchingCorrectnessTest.php on line 558

Warning: Undefined property: class@anonymous::$insert_id in D:\meowseo\tests\properties\Property14RedirectMatchingCorrectnessTest.php on line 558

Warning: Undefined property: class@anonymous::$insert_id in D:\meowseo\tests\properties\Property14RedirectMatchingCorrectnessTest.php on line 558

Warning: Undefined property: class@anonymous::$insert_id in D:\meowseo\tests\properties\Property14RedirectMatchingCorrectnessTest.php on line 558

Warning: Undefined property: class@anonymous::$insert_id in D:\meowseo\tests\properties\Property14RedirectMatchingCorrectnessTest.php on line 558

Warning: Undefined property: class@anonymous::$insert_id in D:\meowseo\tests\properties\Property14RedirectMatchingCorrectnessTest.php on line 558

Warning: Undefined property: class@anonymous::$insert_id in D:\meowseo\tests\properties\Property14RedirectMatchingCorrectnessTest.php on line 558

Warning: Undefined property: class@anonymous::$insert_id in D:\meowseo\tests\properties\Property14RedirectMatchingCorrectnessTest.php on line 558

Warning: Undefined property: class@anonymous::$insert_id in D:\meowseo\tests\properties\Property14RedirectMatchingCorrectnessTest.php on line 558

Warning: Undefined property: class@anonymous::$insert_id in D:\meowseo\tests\properties\Property14RedirectMatchingCorrectnessTest.php on line 558

Warning: Undefined property: class@anonymous::$insert_id in D:\meowseo\tests\properties\Property14RedirectMatchingCorrectnessTest.php on line 558

Warning: Undefined property: class@anonymous::$insert_id in D:\meowseo\tests\properties\Property14RedirectMatchingCorrectnessTest.php on line 558

Warning: Undefined property: class@anonymous::$insert_id in D:\meowseo\tests\properties\Property14RedirectMatchingCorrectnessTest.php on line 558

Warning: Undefined property: class@anonymous::$insert_id in D:\meowseo\tests\properties\Property14RedirectMatchingCorrectnessTest.php on line 558

Warning: Undefined property: class@anonymous::$insert_id in D:\meowseo\tests\properties\Property14RedirectMatchingCorrectnessTest.php on line 558

Warning: Undefined property: class@anonymous::$insert_id in D:\meowseo\tests\properties\Property14RedirectMatchingCorrectnessTest.php on line 558

Warning: Undefined property: class@anonymous::$insert_id in D:\meowseo\tests\properties\Property14RedirectMatchingCorrectnessTest.php on line 558

Warning: Undefined property: class@anonymous::$insert_id in D:\meowseo\tests\properties\Property14RedirectMatchingCorrectnessTest.php on line 558

Warning: Undefined property: class@anonymous::$insert_id in D:\meowseo\tests\properties\Property14RedirectMatchingCorrectnessTest.php on line 558

Warning: Undefined property: class@anonymous::$insert_id in D:\meowseo\tests\properties\Property14RedirectMatchingCorrectnessTest.php on line 558

Warning: Undefined property: class@anonymous::$insert_id in D:\meowseo\tests\properties\Property14RedirectMatchingCorrectnessTest.php on line 558

Warning: Undefined property: class@anonymous::$insert_id in D:\meowseo\tests\properties\Property14RedirectMatchingCorrectnessTest.php on line 558

Warning: Undefined property: class@anonymous::$insert_id in D:\meowseo\tests\properties\Property14RedirectMatchingCorrectnessTest.php on line 558

Warning: Undefined property: class@anonymous::$insert_id in D:\meowseo\tests\properties\Property14RedirectMatchingCorrectnessTest.php on line 558

Warning: Undefined property: class@anonymous::$insert_id in D:\meowseo\tests\properties\Property14RedirectMatchingCorrectnessTest.php on line 558

Warning: Undefined property: class@anonymous::$insert_id in D:\meowseo\tests\properties\Property14RedirectMatchingCorrectnessTest.php on line 558

Warning: Undefined property: class@anonymous::$insert_id in D:\meowseo\tests\properties\Property14RedirectMatchingCorrectnessTest.php on line 558

Warning: Undefined property: class@anonymous::$insert_id in D:\meowseo\tests\properties\Property14RedirectMatchingCorrectnessTest.php on line 558

Warning: Undefined property: class@anonymous::$insert_id in D:\meowseo\tests\properties\Property14RedirectMatchingCorrectnessTest.php on line 558

Warning: Undefined property: class@anonymous::$insert_id in D:\meowseo\tests\properties\Property14RedirectMatchingCorrectnessTest.php on line 558

Warning: Undefined property: class@anonymous::$insert_id in D:\meowseo\tests\properties\Property14RedirectMatchingCorrectnessTest.php on line 558

Warning: Undefined property: class@anonymous::$insert_id in D:\meowseo\tests\properties\Property14RedirectMatchingCorrectnessTest.php on line 558

Warning: Undefined property: class@anonymous::$insert_id in D:\meowseo\tests\properties\Property14RedirectMatchingCorrectnessTest.php on line 558

Warning: Undefined property: class@anonymous::$insert_id in D:\meowseo\tests\properties\Property14RedirectMatchingCorrectnessTest.php on line 558

Warning: Undefined property: class@anonymous::$insert_id in D:\meowseo\tests\properties\Property14RedirectMatchingCorrectnessTest.php on line 558

Warning: Undefined property: class@anonymous::$insert_id in D:\meowseo\tests\properties\Property14RedirectMatchingCorrectnessTest.php on line 558

Warning: Undefined property: class@anonymous::$insert_id in D:\meowseo\tests\properties\Property14RedirectMatchingCorrectnessTest.php on line 558

Warning: Undefined property: class@anonymous::$insert_id in D:\meowseo\tests\properties\Property14RedirectMatchingCorrectnessTest.php on line 558

Warning: Undefined property: class@anonymous::$insert_id in D:\meowseo\tests\properties\Property14RedirectMatchingCorrectnessTest.php on line 558

Warning: Undefined property: class@anonymous::$insert_id in D:\meowseo\tests\properties\Property14RedirectMatchingCorrectnessTest.php on line 558

Warning: Undefined property: class@anonymous::$insert_id in D:\meowseo\tests\properties\Property14RedirectMatchingCorrectnessTest.php on line 558

Warning: Undefined property: class@anonymous::$insert_id in D:\meowseo\tests\properties\Property14RedirectMatchingCorrectnessTest.php on line 558

Warning: Undefined property: class@anonymous::$insert_id in D:\meowseo\tests\properties\Property14RedirectMatchingCorrectnessTest.php on line 558

Warning: Undefined property: class@anonymous::$insert_id in D:\meowseo\tests\properties\Property14RedirectMatchingCorrectnessTest.php on line 558

Warning: Undefined property: class@anonymous::$insert_id in D:\meowseo\tests\properties\Property14RedirectMatchingCorrectnessTest.php on line 558

Warning: Undefined property: class@anonymous::$insert_id in D:\meowseo\tests\properties\Property14RedirectMatchingCorrectnessTest.php on line 558

Warning: Undefined property: class@anonymous::$insert_id in D:\meowseo\tests\properties\Property14RedirectMatchingCorrectnessTest.php on line 558

Warning: Undefined property: class@anonymous::$insert_id in D:\meowseo\tests\properties\Property14RedirectMatchingCorrectnessTest.php on line 558

Warning: Undefined property: class@anonymous::$insert_id in D:\meowseo\tests\properties\Property14RedirectMatchingCorrectnessTest.php on line 558

Warning: Undefined property: class@anonymous::$insert_id in D:\meowseo\tests\properties\Property14RedirectMatchingCorrectnessTest.php on line 558

Warning: Undefined property: class@anonymous::$insert_id in D:\meowseo\tests\properties\Property14RedirectMatchingCorrectnessTest.php on line 558

Warning: Undefined property: class@anonymous::$insert_id in D:\meowseo\tests\properties\Property14RedirectMatchingCorrectnessTest.php on line 558

Warning: Undefined property: class@anonymous::$insert_id in D:\meowseo\tests\properties\Property14RedirectMatchingCorrectnessTest.php on line 558

Warning: Undefined property: class@anonymous::$insert_id in D:\meowseo\tests\properties\Property14RedirectMatchingCorrectnessTest.php on line 558

Warning: Undefined property: class@anonymous::$insert_id in D:\meowseo\tests\properties\Property14RedirectMatchingCorrectnessTest.php on line 558

Warning: Undefined property: class@anonymous::$insert_id in D:\meowseo\tests\properties\Property14RedirectMatchingCorrectnessTest.php on line 558

Warning: Undefined property: class@anonymous::$insert_id in D:\meowseo\tests\properties\Property14RedirectMatchingCorrectnessTest.php on line 558

Warning: Undefined property: class@anonymous::$insert_id in D:\meowseo\tests\properties\Property14RedirectMatchingCorrectnessTest.php on line 558

Warning: Undefined property: class@anonymous::$insert_id in D:\meowseo\tests\properties\Property14RedirectMatchingCorrectnessTest.php on line 558

Warning: Undefined property: class@anonymous::$insert_id in D:\meowseo\tests\properties\Property14RedirectMatchingCorrectnessTest.php on line 558

Warning: Undefined property: class@anonymous::$insert_id in D:\meowseo\tests\properties\Property14RedirectMatchingCorrectnessTest.php on line 558

Warning: Undefined property: class@anonymous::$insert_id in D:\meowseo\tests\properties\Property14RedirectMatchingCorrectnessTest.php on line 558

Warning: Undefined property: class@anonymous::$insert_id in D:\meowseo\tests\properties\Property14RedirectMatchingCorrectnessTest.php on line 558

Warning: Undefined property: class@anonymous::$insert_id in D:\meowseo\tests\properties\Property14RedirectMatchingCorrectnessTest.php on line 558

Warning: Undefined property: class@anonymous::$insert_id in D:\meowseo\tests\properties\Property14RedirectMatchingCorrectnessTest.php on line 558

Warning: Undefined property: class@anonymous::$insert_id in D:\meowseo\tests\properties\Property14RedirectMatchingCorrectnessTest.php on line 558

Warning: Undefined property: class@anonymous::$insert_id in D:\meowseo\tests\properties\Property14RedirectMatchingCorrectnessTest.php on line 558

Warning: Undefined property: class@anonymous::$insert_id in D:\meowseo\tests\properties\Property14RedirectMatchingCorrectnessTest.php on line 558

Warning: Undefined property: class@anonymous::$insert_id in D:\meowseo\tests\properties\Property14RedirectMatchingCorrectnessTest.php on line 558

Warning: Undefined property: class@anonymous::$insert_id in D:\meowseo\tests\properties\Property14RedirectMatchingCorrectnessTest.php on line 558

Warning: Undefined property: class@anonymous::$insert_id in D:\meowseo\tests\properties\Property14RedirectMatchingCorrectnessTest.php on line 558

Warning: Undefined property: class@anonymous::$insert_id in D:\meowseo\tests\properties\Property14RedirectMatchingCorrectnessTest.php on line 558

Warning: Undefined property: class@anonymous::$insert_id in D:\meowseo\tests\properties\Property14RedirectMatchingCorrectnessTest.php on line 558

Warning: Undefined property: class@anonymous::$insert_id in D:\meowseo\tests\properties\Property14RedirectMatchingCorrectnessTest.php on line 558

Warning: Undefined property: class@anonymous::$insert_id in D:\meowseo\tests\properties\Property14RedirectMatchingCorrectnessTest.php on line 558

Warning: Undefined property: class@anonymous::$insert_id in D:\meowseo\tests\properties\Property14RedirectMatchingCorrectnessTest.php on line 558

Warning: Undefined property: class@anonymous::$insert_id in D:\meowseo\tests\properties\Property14RedirectMatchingCorrectnessTest.php on line 558

Warning: Undefined property: class@anonymous::$insert_id in D:\meowseo\tests\properties\Property14RedirectMatchingCorrectnessTest.php on line 558

Warning: Undefined property: class@anonymous::$insert_id in D:\meowseo\tests\properties\Property14RedirectMatchingCorrectnessTest.php on line 558

Warning: Undefined property: class@anonymous::$insert_id in D:\meowseo\tests\properties\Property14RedirectMatchingCorrectnessTest.php on line 558

Warning: Undefined property: class@anonymous::$insert_id in D:\meowseo\tests\properties\Property14RedirectMatchingCorrectnessTest.php on line 558

Warning: Undefined property: class@anonymous::$insert_id in D:\meowseo\tests\properties\Property14RedirectMatchingCorrectnessTest.php on line 558

Warning: Undefined property: class@anonymous::$insert_id in D:\meowseo\tests\properties\Property14RedirectMatchingCorrectnessTest.php on line 558

Warning: Undefined property: class@anonymous::$insert_id in D:\meowseo\tests\properties\Property14RedirectMatchingCorrectnessTest.php on line 558

Warning: Undefined property: class@anonymous::$insert_id in D:\meowseo\tests\properties\Property14RedirectMatchingCorrectnessTest.php on line 558

Warning: Undefined property: class@anonymous::$insert_id in D:\meowseo\tests\properties\Property14RedirectMatchingCorrectnessTest.php on line 558

Warning: Undefined property: class@anonymous::$insert_id in D:\meowseo\tests\properties\Property14RedirectMatchingCorrectnessTest.php on line 558

Warning: Undefined property: class@anonymous::$insert_id in D:\meowseo\tests\properties\Property14RedirectMatchingCorrectnessTest.php on line 558

Warning: Undefined property: class@anonymous::$insert_id in D:\meowseo\tests\properties\Property14RedirectMatchingCorrectnessTest.php on line 558

Warning: Undefined property: class@anonymous::$insert_id in D:\meowseo\tests\properties\Property14RedirectMatchingCorrectnessTest.php on line 558

Warning: Undefined property: class@anonymous::$insert_id in D:\meowseo\tests\properties\Property14RedirectMatchingCorrectnessTest.php on line 558

Warning: Undefined property: class@anonymous::$insert_id in D:\meowseo\tests\properties\Property14RedirectMatchingCorrectnessTest.php on line 558

Warning: Undefined property: class@anonymous::$insert_id in D:\meowseo\tests\properties\Property14RedirectMatchingCorrectnessTest.php on line 558

Warning: Undefined property: class@anonymous::$insert_id in D:\meowseo\tests\properties\Property14RedirectMatchingCorrectnessTest.php on line 558

Warning: Undefined property: class@anonymous::$insert_id in D:\meowseo\tests\properties\Property14RedirectMatchingCorrectnessTest.php on line 558

Warning: Undefined property: class@anonymous::$insert_id in D:\meowseo\tests\properties\Property14RedirectMatchingCorrectnessTest.php on line 558

Warning: Undefined property: class@anonymous::$insert_id in D:\meowseo\tests\properties\Property14RedirectMatchingCorrectnessTest.php on line 558

Warning: Undefined property: class@anonymous::$insert_id in D:\meowseo\tests\properties\Property14RedirectMatchingCorrectnessTest.php on line 558

Warning: Undefined property: class@anonymous::$insert_id in D:\meowseo\tests\properties\Property14RedirectMatchingCorrectnessTest.php on line 558

Warning: Undefined property: class@anonymous::$insert_id in D:\meowseo\tests\properties\Property14RedirectMatchingCorrectnessTest.php on line 558

Warning: Undefined property: class@anonymous::$insert_id in D:\meowseo\tests\properties\Property14RedirectMatchingCorrectnessTest.php on line 558

Warning: Undefined property: class@anonymous::$insert_id in D:\meowseo\tests\properties\Property14RedirectMatchingCorrectnessTest.php on line 558

Warning: Undefined property: class@anonymous::$insert_id in D:\meowseo\tests\properties\Property14RedirectMatchingCorrectnessTest.php on line 558

Warning: Undefined property: class@anonymous::$insert_id in D:\meowseo\tests\properties\Property14RedirectMatchingCorrectnessTest.php on line 558

Warning: Undefined property: class@anonymous::$insert_id in D:\meowseo\tests\properties\Property14RedirectMatchingCorrectnessTest.php on line 558

Warning: Undefined property: class@anonymous::$insert_id in D:\meowseo\tests\properties\Property14RedirectMatchingCorrectnessTest.php on line 558

Warning: Undefined property: class@anonymous::$insert_id in D:\meowseo\tests\properties\Property14RedirectMatchingCorrectnessTest.php on line 558

Warning: Undefined property: class@anonymous::$insert_id in D:\meowseo\tests\properties\Property14RedirectMatchingCorrectnessTest.php on line 558

Warning: Undefined property: class@anonymous::$insert_id in D:\meowseo\tests\properties\Property14RedirectMatchingCorrectnessTest.php on line 558

Warning: Undefined property: class@anonymous::$insert_id in D:\meowseo\tests\properties\Property14RedirectMatchingCorrectnessTest.php on line 558

Warning: Undefined property: class@anonymous::$insert_id in D:\meowseo\tests\properties\Property14RedirectMatchingCorrectnessTest.php on line 558

Warning: Undefined property: class@anonymous::$insert_id in D:\meowseo\tests\properties\Property14RedirectMatchingCorrectnessTest.php on line 558

Warning: Undefined property: class@anonymous::$insert_id in D:\meowseo\tests\properties\Property14RedirectMatchingCorrectnessTest.php on line 558

Warning: Undefined property: class@anonymous::$insert_id in D:\meowseo\tests\properties\Property14RedirectMatchingCorrectnessTest.php on line 558

Warning: Undefined property: class@anonymous::$insert_id in D:\meowseo\tests\properties\Property14RedirectMatchingCorrectnessTest.php on line 558

Warning: Undefined property: class@anonymous::$insert_id in D:\meowseo\tests\properties\Property14RedirectMatchingCorrectnessTest.php on line 558

Warning: Undefined property: class@anonymous::$insert_id in D:\meowseo\tests\properties\Property14RedirectMatchingCorrectnessTest.php on line 558

Warning: Undefined property: class@anonymous::$insert_id in D:\meowseo\tests\properties\Property14RedirectMatchingCorrectnessTest.php on line 558

Warning: Undefined property: class@anonymous::$insert_id in D:\meowseo\tests\properties\Property14RedirectMatchingCorrectnessTest.php on line 558

Warning: Undefined property: class@anonymous::$insert_id in D:\meowseo\tests\properties\Property14RedirectMatchingCorrectnessTest.php on line 558

Warning: Undefined property: class@anonymous::$insert_id in D:\meowseo\tests\properties\Property14RedirectMatchingCorrectnessTest.php on line 558

Warning: Undefined property: class@anonymous::$insert_id in D:\meowseo\tests\properties\Property14RedirectMatchingCorrectnessTest.php on line 558

Warning: Undefined property: class@anonymous::$insert_id in D:\meowseo\tests\properties\Property14RedirectMatchingCorrectnessTest.php on line 558

Warning: Undefined property: class@anonymous::$insert_id in D:\meowseo\tests\properties\Property14RedirectMatchingCorrectnessTest.php on line 558

Warning: Undefined property: class@anonymous::$insert_id in D:\meowseo\tests\properties\Property14RedirectMatchingCorrectnessTest.php on line 558

Warning: Undefined property: class@anonymous::$insert_id in D:\meowseo\tests\properties\Property14RedirectMatchingCorrectnessTest.php on line 558

Warning: Undefined property: class@anonymous::$insert_id in D:\meowseo\tests\properties\Property14RedirectMatchingCorrectnessTest.php on line 558

Warning: Undefined property: class@anonymous::$insert_id in D:\meowseo\tests\properties\Property14RedirectMatchingCorrectnessTest.php on line 558

Warning: Undefined property: class@anonymous::$insert_id in D:\meowseo\tests\properties\Property14RedirectMatchingCorrectnessTest.php on line 558

Warning: Undefined property: class@anonymous::$insert_id in D:\meowseo\tests\properties\Property14RedirectMatchingCorrectnessTest.php on line 558

Warning: Undefined property: class@anonymous::$insert_id in D:\meowseo\tests\properties\Property14RedirectMatchingCorrectnessTest.php on line 558

Warning: Undefined property: class@anonymous::$insert_id in D:\meowseo\tests\properties\Property14RedirectMatchingCorrectnessTest.php on line 558

Warning: Undefined property: class@anonymous::$insert_id in D:\meowseo\tests\properties\Property14RedirectMatchingCorrectnessTest.php on line 558

Warning: Undefined property: class@anonymous::$insert_id in D:\meowseo\tests\properties\Property14RedirectMatchingCorrectnessTest.php on line 558

Warning: Undefined property: class@anonymous::$insert_id in D:\meowseo\tests\properties\Property14RedirectMatchingCorrectnessTest.php on line 558

Warning: Undefined property: class@anonymous::$insert_id in D:\meowseo\tests\properties\Property14RedirectMatchingCorrectnessTest.php on line 558

Warning: Undefined property: class@anonymous::$insert_id in D:\meowseo\tests\properties\Property14RedirectMatchingCorrectnessTest.php on line 558

Warning: Undefined property: class@anonymous::$insert_id in D:\meowseo\tests\properties\Property14RedirectMatchingCorrectnessTest.php on line 558

Warning: Undefined property: class@anonymous::$insert_id in D:\meowseo\tests\properties\Property14RedirectMatchingCorrectnessTest.php on line 558

Warning: Undefined property: class@anonymous::$insert_id in D:\meowseo\tests\properties\Property14RedirectMatchingCorrectnessTest.php on line 558

Warning: Undefined property: class@anonymous::$insert_id in D:\meowseo\tests\properties\Property14RedirectMatchingCorrectnessTest.php on line 558

Warning: Undefined property: class@anonymous::$insert_id in D:\meowseo\tests\properties\Property14RedirectMatchingCorrectnessTest.php on line 558

Warning: Undefined property: class@anonymous::$insert_id in D:\meowseo\tests\properties\Property14RedirectMatchingCorrectnessTest.php on line 558

Warning: Undefined property: class@anonymous::$insert_id in D:\meowseo\tests\properties\Property14RedirectMatchingCorrectnessTest.php on line 558

Warning: Undefined property: class@anonymous::$insert_id in D:\meowseo\tests\properties\Property14RedirectMatchingCorrectnessTest.php on line 558

Warning: Undefined property: class@anonymous::$insert_id in D:\meowseo\tests\properties\Property14RedirectMatchingCorrectnessTest.php on line 558

Warning: Undefined property: class@anonymous::$insert_id in D:\meowseo\tests\properties\Property14RedirectMatchingCorrectnessTest.php on line 558

Warning: Undefined property: class@anonymous::$insert_id in D:\meowseo\tests\properties\Property14RedirectMatchingCorrectnessTest.php on line 558

Warning: Undefined property: class@anonymous::$insert_id in D:\meowseo\tests\properties\Property14RedirectMatchingCorrectnessTest.php on line 558

Warning: Undefined property: class@anonymous::$insert_id in D:\meowseo\tests\properties\Property14RedirectMatchingCorrectnessTest.php on line 558

Warning: Undefined property: class@anonymous::$insert_id in D:\meowseo\tests\properties\Property14RedirectMatchingCorrectnessTest.php on line 558

Warning: Undefined property: class@anonymous::$insert_id in D:\meowseo\tests\properties\Property14RedirectMatchingCorrectnessTest.php on line 558

Warning: Undefined property: class@anonymous::$insert_id in D:\meowseo\tests\properties\Property14RedirectMatchingCorrectnessTest.php on line 558

Warning: Undefined property: class@anonymous::$insert_id in D:\meowseo\tests\properties\Property14RedirectMatchingCorrectnessTest.php on line 558

Warning: Undefined property: class@anonymous::$insert_id in D:\meowseo\tests\properties\Property14RedirectMatchingCorrectnessTest.php on line 558

Warning: Undefined property: class@anonymous::$insert_id in D:\meowseo\tests\properties\Property14RedirectMatchingCorrectnessTest.php on line 558

Warning: Undefined property: class@anonymous::$insert_id in D:\meowseo\tests\properties\Property14RedirectMatchingCorrectnessTest.php on line 558

Warning: Undefined property: class@anonymous::$insert_id in D:\meowseo\tests\properties\Property14RedirectMatchingCorrectnessTest.php on line 558

Warning: Undefined property: class@anonymous::$insert_id in D:\meowseo\tests\properties\Property14RedirectMatchingCorrectnessTest.php on line 558

Warning: Undefined property: class@anonymous::$insert_id in D:\meowseo\tests\properties\Property14RedirectMatchingCorrectnessTest.php on line 558

Warning: Undefined property: class@anonymous::$insert_id in D:\meowseo\tests\properties\Property14RedirectMatchingCorrectnessTest.php on line 558

Warning: Undefined property: class@anonymous::$insert_id in D:\meowseo\tests\properties\Property14RedirectMatchingCorrectnessTest.php on line 558

Warning: Undefined property: class@anonymous::$insert_id in D:\meowseo\tests\properties\Property14RedirectMatchingCorrectnessTest.php on line 558

Warning: Undefined property: class@anonymous::$insert_id in D:\meowseo\tests\properties\Property14RedirectMatchingCorrectnessTest.php on line 558

Warning: Undefined property: class@anonymous::$insert_id in D:\meowseo\tests\properties\Property14RedirectMatchingCorrectnessTest.php on line 558

Warning: Undefined property: class@anonymous::$insert_id in D:\meowseo\tests\properties\Property14RedirectMatchingCorrectnessTest.php on line 558

Warning: Undefined property: class@anonymous::$insert_id in D:\meowseo\tests\properties\Property14RedirectMatchingCorrectnessTest.php on line 558

Warning: Undefined property: class@anonymous::$insert_id in D:\meowseo\tests\properties\Property14RedirectMatchingCorrectnessTest.php on line 558

Warning: Undefined property: class@anonymous::$insert_id in D:\meowseo\tests\properties\Property14RedirectMatchingCorrectnessTest.php on line 558

Warning: Undefined property: class@anonymous::$insert_id in D:\meowseo\tests\properties\Property14RedirectMatchingCorrectnessTest.php on line 558

Warning: Undefined property: class@anonymous::$insert_id in D:\meowseo\tests\properties\Property14RedirectMatchingCorrectnessTest.php on line 558

Warning: Undefined property: class@anonymous::$insert_id in D:\meowseo\tests\properties\Property14RedirectMatchingCorrectnessTest.php on line 558

Warning: Undefined property: class@anonymous::$insert_id in D:\meowseo\tests\properties\Property14RedirectMatchingCorrectnessTest.php on line 558

Warning: Undefined property: class@anonymous::$insert_id in D:\meowseo\tests\properties\Property14RedirectMatchingCorrectnessTest.php on line 558

Warning: Undefined property: class@anonymous::$insert_id in D:\meowseo\tests\properties\Property14RedirectMatchingCorrectnessTest.php on line 558

Warning: Undefined property: class@anonymous::$insert_id in D:\meowseo\tests\properties\Property14RedirectMatchingCorrectnessTest.php on line 558

Warning: Undefined property: class@anonymous::$insert_id in D:\meowseo\tests\properties\Property14RedirectMatchingCorrectnessTest.php on line 558

Warning: Undefined property: class@anonymous::$insert_id in D:\meowseo\tests\properties\Property14RedirectMatchingCorrectnessTest.php on line 558

Warning: Undefined property: class@anonymous::$insert_id in D:\meowseo\tests\properties\Property14RedirectMatchingCorrectnessTest.php on line 558

Warning: Undefined property: class@anonymous::$insert_id in D:\meowseo\tests\properties\Property14RedirectMatchingCorrectnessTest.php on line 558

Warning: Undefined property: class@anonymous::$insert_id in D:\meowseo\tests\properties\Property14RedirectMatchingCorrectnessTest.php on line 558

Warning: Undefined property: class@anonymous::$insert_id in D:\meowseo\tests\properties\Property14RedirectMatchingCorrectnessTest.php on line 558

Warning: Undefined property: class@anonymous::$insert_id in D:\meowseo\tests\properties\Property14RedirectMatchingCorrectnessTest.php on line 558

Warning: Undefined property: class@anonymous::$insert_id in D:\meowseo\tests\properties\Property14RedirectMatchingCorrectnessTest.php on line 558

Warning: Undefined property: class@anonymous::$insert_id in D:\meowseo\tests\properties\Property14RedirectMatchingCorrectnessTest.php on line 558

Warning: Undefined property: class@anonymous::$insert_id in D:\meowseo\tests\properties\Property14RedirectMatchingCorrectnessTest.php on line 558

Warning: Undefined property: class@anonymous::$insert_id in D:\meowseo\tests\properties\Property14RedirectMatchingCorrectnessTest.php on line 558

Warning: Undefined property: class@anonymous::$insert_id in D:\meowseo\tests\properties\Property14RedirectMatchingCorrectnessTest.php on line 558

Warning: Undefined property: class@anonymous::$insert_id in D:\meowseo\tests\properties\Property14RedirectMatchingCorrectnessTest.php on line 558

Warning: Undefined property: class@anonymous::$insert_id in D:\meowseo\tests\properties\Property14RedirectMatchingCorrectnessTest.php on line 558

Warning: Undefined property: class@anonymous::$insert_id in D:\meowseo\tests\properties\Property14RedirectMatchingCorrectnessTest.php on line 558

Warning: Undefined property: class@anonymous::$insert_id in D:\meowseo\tests\properties\Property14RedirectMatchingCorrectnessTest.php on line 558

Warning: Undefined property: class@anonymous::$insert_id in D:\meowseo\tests\properties\Property14RedirectMatchingCorrectnessTest.php on line 558

Warning: Undefined property: class@anonymous::$insert_id in D:\meowseo\tests\properties\Property14RedirectMatchingCorrectnessTest.php on line 558

Warning: Undefined property: class@anonymous::$insert_id in D:\meowseo\tests\properties\Property14RedirectMatchingCorrectnessTest.php on line 558

Warning: Undefined property: class@anonymous::$insert_id in D:\meowseo\tests\properties\Property14RedirectMatchingCorrectnessTest.php on line 558

Warning: Undefined property: class@anonymous::$insert_id in D:\meowseo\tests\properties\Property14RedirectMatchingCorrectnessTest.php on line 558

Warning: Undefined property: class@anonymous::$insert_id in D:\meowseo\tests\properties\Property14RedirectMatchingCorrectnessTest.php on line 558

Warning: Undefined property: class@anonymous::$insert_id in D:\meowseo\tests\properties\Property14RedirectMatchingCorrectnessTest.php on line 558

Warning: Undefined property: class@anonymous::$insert_id in D:\meowseo\tests\properties\Property14RedirectMatchingCorrectnessTest.php on line 558

Warning: Undefined property: class@anonymous::$insert_id in D:\meowseo\tests\properties\Property14RedirectMatchingCorrectnessTest.php on line 558

Warning: Undefined property: class@anonymous::$insert_id in D:\meowseo\tests\properties\Property14RedirectMatchingCorrectnessTest.php on line 558

Warning: Undefined property: class@anonymous::$insert_id in D:\meowseo\tests\properties\Property14RedirectMatchingCorrectnessTest.php on line 558

Warning: Undefined property: class@anonymous::$insert_id in D:\meowseo\tests\properties\Property14RedirectMatchingCorrectnessTest.php on line 558

Warning: Undefined property: class@anonymous::$insert_id in D:\meowseo\tests\properties\Property14RedirectMatchingCorrectnessTest.php on line 558

Warning: Undefined property: class@anonymous::$insert_id in D:\meowseo\tests\properties\Property14RedirectMatchingCorrectnessTest.php on line 558

Warning: Undefined property: class@anonymous::$insert_id in D:\meowseo\tests\properties\Property14RedirectMatchingCorrectnessTest.php on line 558

Warning: Undefined property: class@anonymous::$insert_id in D:\meowseo\tests\properties\Property14RedirectMatchingCorrectnessTest.php on line 558

Warning: Undefined property: class@anonymous::$insert_id in D:\meowseo\tests\properties\Property14RedirectMatchingCorrectnessTest.php on line 558

Warning: Undefined property: class@anonymous::$insert_id in D:\meowseo\tests\properties\Property14RedirectMatchingCorrectnessTest.php on line 558

Warning: Undefined property: class@anonymous::$insert_id in D:\meowseo\tests\properties\Property14RedirectMatchingCorrectnessTest.php on line 558

Warning: Undefined property: class@anonymous::$insert_id in D:\meowseo\tests\properties\Property14RedirectMatchingCorrectnessTest.php on line 558

Warning: Undefined property: class@anonymous::$insert_id in D:\meowseo\tests\properties\Property14RedirectMatchingCorrectnessTest.php on line 558

Warning: Undefined property: class@anonymous::$insert_id in D:\meowseo\tests\properties\Property14RedirectMatchingCorrectnessTest.php on line 558

Warning: Undefined property: class@anonymous::$insert_id in D:\meowseo\tests\properties\Property14RedirectMatchingCorrectnessTest.php on line 558

Warning: Undefined property: class@anonymous::$insert_id in D:\meowseo\tests\properties\Property14RedirectMatchingCorrectnessTest.php on line 558

Warning: Undefined property: class@anonymous::$insert_id in D:\meowseo\tests\properties\Property14RedirectMatchingCorrectnessTest.php on line 558

Warning: Undefined property: class@anonymous::$insert_id in D:\meowseo\tests\properties\Property14RedirectMatchingCorrectnessTest.php on line 558

Warning: Undefined property: class@anonymous::$insert_id in D:\meowseo\tests\properties\Property14RedirectMatchingCorrectnessTest.php on line 558

Warning: Undefined property: class@anonymous::$insert_id in D:\meowseo\tests\properties\Property14RedirectMatchingCorrectnessTest.php on line 558

Warning: Undefined property: class@anonymous::$insert_id in D:\meowseo\tests\properties\Property14RedirectMatchingCorrectnessTest.php on line 558

Warning: Undefined property: class@anonymous::$insert_id in D:\meowseo\tests\properties\Property14RedirectMatchingCorrectnessTest.php on line 558

Warning: Undefined property: class@anonymous::$insert_id in D:\meowseo\tests\properties\Property14RedirectMatchingCorrectnessTest.php on line 558

Warning: Undefined property: class@anonymous::$insert_id in D:\meowseo\tests\properties\Property14RedirectMatchingCorrectnessTest.php on line 558

Warning: Undefined property: class@anonymous::$insert_id in D:\meowseo\tests\properties\Property14RedirectMatchingCorrectnessTest.php on line 558

Warning: Undefined property: class@anonymous::$insert_id in D:\meowseo\tests\properties\Property14RedirectMatchingCorrectnessTest.php on line 558

Warning: Undefined property: class@anonymous::$insert_id in D:\meowseo\tests\properties\Property14RedirectMatchingCorrectnessTest.php on line 558

Warning: Undefined property: class@anonymous::$insert_id in D:\meowseo\tests\properties\Property14RedirectMatchingCorrectnessTest.php on line 558

Warning: Undefined property: class@anonymous::$insert_id in D:\meowseo\tests\properties\Property14RedirectMatchingCorrectnessTest.php on line 558

Warning: Undefined property: class@anonymous::$insert_id in D:\meowseo\tests\properties\Property14RedirectMatchingCorrectnessTest.php on line 558

Warning: Undefined property: class@anonymous::$insert_id in D:\meowseo\tests\properties\Property14RedirectMatchingCorrectnessTest.php on line 558

Warning: Undefined property: class@anonymous::$insert_id in D:\meowseo\tests\properties\Property14RedirectMatchingCorrectnessTest.php on line 558

Warning: Undefined property: class@anonymous::$insert_id in D:\meowseo\tests\properties\Property14RedirectMatchingCorrectnessTest.php on line 558

Warning: Undefined property: class@anonymous::$insert_id in D:\meowseo\tests\properties\Property14RedirectMatchingCorrectnessTest.php on line 558

Warning: Undefined property: class@anonymous::$insert_id in D:\meowseo\tests\properties\Property14RedirectMatchingCorrectnessTest.php on line 558

Warning: Undefined property: class@anonymous::$insert_id in D:\meowseo\tests\properties\Property14RedirectMatchingCorrectnessTest.php on line 558

Warning: Undefined property: class@anonymous::$insert_id in D:\meowseo\tests\properties\Property14RedirectMatchingCorrectnessTest.php on line 558

Warning: Undefined property: class@anonymous::$insert_id in D:\meowseo\tests\properties\Property14RedirectMatchingCorrectnessTest.php on line 558

Warning: Undefined property: class@anonymous::$insert_id in D:\meowseo\tests\properties\Property14RedirectMatchingCorrectnessTest.php on line 558

Warning: Undefined property: class@anonymous::$insert_id in D:\meowseo\tests\properties\Property14RedirectMatchingCorrectnessTest.php on line 558

Warning: Undefined property: class@anonymous::$insert_id in D:\meowseo\tests\properties\Property14RedirectMatchingCorrectnessTest.php on line 558

Warning: Undefined property: class@anonymous::$insert_id in D:\meowseo\tests\properties\Property14RedirectMatchingCorrectnessTest.php on line 558

Warning: Undefined property: class@anonymous::$insert_id in D:\meowseo\tests\properties\Property14RedirectMatchingCorrectnessTest.php on line 558

Warning: Undefined property: class@anonymous::$insert_id in D:\meowseo\tests\properties\Property14RedirectMatchingCorrectnessTest.php on line 558

Warning: Undefined property: class@anonymous::$insert_id in D:\meowseo\tests\properties\Property14RedirectMatchingCorrectnessTest.php on line 558

Warning: Undefined property: class@anonymous::$insert_id in D:\meowseo\tests\properties\Property14RedirectMatchingCorrectnessTest.php on line 558

Warning: Undefined property: class@anonymous::$insert_id in D:\meowseo\tests\properties\Property14RedirectMatchingCorrectnessTest.php on line 558

Warning: Undefined property: class@anonymous::$insert_id in D:\meowseo\tests\properties\Property14RedirectMatchingCorrectnessTest.php on line 558

Warning: Undefined property: class@anonymous::$insert_id in D:\meowseo\tests\properties\Property14RedirectMatchingCorrectnessTest.php on line 558

Warning: Undefined property: class@anonymous::$insert_id in D:\meowseo\tests\properties\Property14RedirectMatchingCorrectnessTest.php on line 558

Warning: Undefined property: class@anonymous::$insert_id in D:\meowseo\tests\properties\Property14RedirectMatchingCorrectnessTest.php on line 558

Warning: Undefined property: class@anonymous::$insert_id in D:\meowseo\tests\properties\Property14RedirectMatchingCorrectnessTest.php on line 558

Warning: Undefined property: class@anonymous::$insert_id in D:\meowseo\tests\properties\Property14RedirectMatchingCorrectnessTest.php on line 558

Warning: Undefined property: class@anonymous::$insert_id in D:\meowseo\tests\properties\Property14RedirectMatchingCorrectnessTest.php on line 558

Warning: Undefined property: class@anonymous::$insert_id in D:\meowseo\tests\properties\Property14RedirectMatchingCorrectnessTest.php on line 558

Warning: Undefined property: class@anonymous::$insert_id in D:\meowseo\tests\properties\Property14RedirectMatchingCorrectnessTest.php on line 558

Warning: Undefined property: class@anonymous::$insert_id in D:\meowseo\tests\properties\Property14RedirectMatchingCorrectnessTest.php on line 558

Warning: Undefined property: class@anonymous::$insert_id in D:\meowseo\tests\properties\Property14RedirectMatchingCorrectnessTest.php on line 558

Warning: Undefined property: class@anonymous::$insert_id in D:\meowseo\tests\properties\Property14RedirectMatchingCorrectnessTest.php on line 558

Warning: Undefined property: class@anonymous::$insert_id in D:\meowseo\tests\properties\Property14RedirectMatchingCorrectnessTest.php on line 558

Warning: Undefined property: class@anonymous::$insert_id in D:\meowseo\tests\properties\Property14RedirectMatchingCorrectnessTest.php on line 558

Warning: Undefined property: class@anonymous::$insert_id in D:\meowseo\tests\properties\Property14RedirectMatchingCorrectnessTest.php on line 558

Warning: Undefined property: class@anonymous::$insert_id in D:\meowseo\tests\properties\Property14RedirectMatchingCorrectnessTest.php on line 558

Warning: Undefined property: class@anonymous::$insert_id in D:\meowseo\tests\properties\Property14RedirectMatchingCorrectnessTest.php on line 558

Warning: Undefined property: class@anonymous::$insert_id in D:\meowseo\tests\properties\Property14RedirectMatchingCorrectnessTest.php on line 558

Warning: Undefined property: class@anonymous::$insert_id in D:\meowseo\tests\properties\Property14RedirectMatchingCorrectnessTest.php on line 558

Warning: Undefined property: class@anonymous::$insert_id in D:\meowseo\tests\properties\Property14RedirectMatchingCorrectnessTest.php on line 558

Warning: Undefined property: class@anonymous::$insert_id in D:\meowseo\tests\properties\Property14RedirectMatchingCorrectnessTest.php on line 558

Warning: Undefined property: class@anonymous::$insert_id in D:\meowseo\tests\properties\Property14RedirectMatchingCorrectnessTest.php on line 558

Warning: Undefined property: class@anonymous::$insert_id in D:\meowseo\tests\properties\Property14RedirectMatchingCorrectnessTest.php on line 558

Warning: Undefined property: class@anonymous::$insert_id in D:\meowseo\tests\properties\Property14RedirectMatchingCorrectnessTest.php on line 558

Warning: Undefined property: class@anonymous::$insert_id in D:\meowseo\tests\properties\Property14RedirectMatchingCorrectnessTest.php on line 558

Warning: Undefined property: class@anonymous::$insert_id in D:\meowseo\tests\properties\Property14RedirectMatchingCorrectnessTest.php on line 558

Warning: Undefined property: class@anonymous::$insert_id in D:\meowseo\tests\properties\Property14RedirectMatchingCorrectnessTest.php on line 558

Warning: Undefined property: class@anonymous::$insert_id in D:\meowseo\tests\properties\Property14RedirectMatchingCorrectnessTest.php on line 558

Warning: Undefined property: class@anonymous::$insert_id in D:\meowseo\tests\properties\Property14RedirectMatchingCorrectnessTest.php on line 558

Warning: Undefined property: class@anonymous::$insert_id in D:\meowseo\tests\properties\Property14RedirectMatchingCorrectnessTest.php on line 558

Warning: Undefined property: class@anonymous::$insert_id in D:\meowseo\tests\properties\Property14RedirectMatchingCorrectnessTest.php on line 558

Warning: Undefined property: class@anonymous::$insert_id in D:\meowseo\tests\properties\Property14RedirectMatchingCorrectnessTest.php on line 558

Warning: Undefined property: class@anonymous::$insert_id in D:\meowseo\tests\properties\Property14RedirectMatchingCorrectnessTest.php on line 558

Warning: Undefined property: class@anonymous::$insert_id in D:\meowseo\tests\properties\Property14RedirectMatchingCorrectnessTest.php on line 558

Warning: Undefined property: class@anonymous::$insert_id in D:\meowseo\tests\properties\Property14RedirectMatchingCorrectnessTest.php on line 558

Warning: Undefined property: class@anonymous::$insert_id in D:\meowseo\tests\properties\Property14RedirectMatchingCorrectnessTest.php on line 558

Warning: Undefined property: class@anonymous::$insert_id in D:\meowseo\tests\properties\Property14RedirectMatchingCorrectnessTest.php on line 558

Warning: Undefined property: class@anonymous::$insert_id in D:\meowseo\tests\properties\Property14RedirectMatchingCorrectnessTest.php on line 558

Warning: Undefined property: class@anonymous::$insert_id in D:\meowseo\tests\properties\Property14RedirectMatchingCorrectnessTest.php on line 558

Warning: Undefined property: class@anonymous::$insert_id in D:\meowseo\tests\properties\Property14RedirectMatchingCorrectnessTest.php on line 558

Warning: Undefined property: class@anonymous::$insert_id in D:\meowseo\tests\properties\Property14RedirectMatchingCorrectnessTest.php on line 558

Warning: Undefined property: class@anonymous::$insert_id in D:\meowseo\tests\properties\Property14RedirectMatchingCorrectnessTest.php on line 558

Warning: Undefined property: class@anonymous::$insert_id in D:\meowseo\tests\properties\Property14RedirectMatchingCorrectnessTest.php on line 558

Warning: Undefined property: class@anonymous::$insert_id in D:\meowseo\tests\properties\Property14RedirectMatchingCorrectnessTest.php on line 558

Warning: Undefined property: class@anonymous::$insert_id in D:\meowseo\tests\properties\Property14RedirectMatchingCorrectnessTest.php on line 558

Warning: Undefined property: class@anonymous::$insert_id in D:\meowseo\tests\properties\Property14RedirectMatchingCorrectnessTest.php on line 558

Warning: Undefined property: class@anonymous::$insert_id in D:\meowseo\tests\properties\Property14RedirectMatchingCorrectnessTest.php on line 558

Warning: Undefined property: class@anonymous::$insert_id in D:\meowseo\tests\properties\Property14RedirectMatchingCorrectnessTest.php on line 558

Warning: Undefined property: class@anonymous::$insert_id in D:\meowseo\tests\properties\Property14RedirectMatchingCorrectnessTest.php on line 558

Warning: Undefined property: class@anonymous::$insert_id in D:\meowseo\tests\properties\Property14RedirectMatchingCorrectnessTest.php on line 558

Warning: Undefined property: class@anonymous::$insert_id in D:\meowseo\tests\properties\Property14RedirectMatchingCorrectnessTest.php on line 558

Warning: Undefined property: class@anonymous::$insert_id in D:\meowseo\tests\properties\Property14RedirectMatchingCorrectnessTest.php on line 558

Warning: Undefined property: class@anonymous::$insert_id in D:\meowseo\tests\properties\Property14RedirectMatchingCorrectnessTest.php on line 558

Warning: Undefined property: class@anonymous::$insert_id in D:\meowseo\tests\properties\Property14RedirectMatchingCorrectnessTest.php on line 558

Warning: Undefined property: class@anonymous::$insert_id in D:\meowseo\tests\properties\Property14RedirectMatchingCorrectnessTest.php on line 558

Warning: Undefined property: class@anonymous::$insert_id in D:\meowseo\tests\properties\Property14RedirectMatchingCorrectnessTest.php on line 558

Warning: Undefined property: class@anonymous::$insert_id in D:\meowseo\tests\properties\Property14RedirectMatchingCorrectnessTest.php on line 558

Warning: Undefined property: class@anonymous::$insert_id in D:\meowseo\tests\properties\Property14RedirectMatchingCorrectnessTest.php on line 558

Warning: Undefined property: class@anonymous::$insert_id in D:\meowseo\tests\properties\Property14RedirectMatchingCorrectnessTest.php on line 558

Warning: Undefined property: class@anonymous::$insert_id in D:\meowseo\tests\properties\Property14RedirectMatchingCorrectnessTest.php on line 558

Warning: Undefined property: class@anonymous::$insert_id in D:\meowseo\tests\properties\Property14RedirectMatchingCorrectnessTest.php on line 558

Warning: Undefined property: class@anonymous::$insert_id in D:\meowseo\tests\properties\Property14RedirectMatchingCorrectnessTest.php on line 558

Warning: Undefined property: class@anonymous::$insert_id in D:\meowseo\tests\properties\Property14RedirectMatchingCorrectnessTest.php on line 558

Warning: Undefined property: class@anonymous::$insert_id in D:\meowseo\tests\properties\Property14RedirectMatchingCorrectnessTest.php on line 558

Warning: Undefined property: class@anonymous::$insert_id in D:\meowseo\tests\properties\Property14RedirectMatchingCorrectnessTest.php on line 558

Warning: Undefined property: class@anonymous::$insert_id in D:\meowseo\tests\properties\Property14RedirectMatchingCorrectnessTest.php on line 558

Warning: Undefined property: class@anonymous::$insert_id in D:\meowseo\tests\properties\Property14RedirectMatchingCorrectnessTest.php on line 558

Warning: Undefined property: class@anonymous::$insert_id in D:\meowseo\tests\properties\Property14RedirectMatchingCorrectnessTest.php on line 558

Warning: Undefined property: class@anonymous::$insert_id in D:\meowseo\tests\properties\Property14RedirectMatchingCorrectnessTest.php on line 558

Warning: Undefined property: class@anonymous::$insert_id in D:\meowseo\tests\properties\Property14RedirectMatchingCorrectnessTest.php on line 558

Warning: Undefined property: class@anonymous::$insert_id in D:\meowseo\tests\properties\Property14RedirectMatchingCorrectnessTest.php on line 558

Warning: Undefined property: class@anonymous::$insert_id in D:\meowseo\tests\properties\Property14RedirectMatchingCorrectnessTest.php on line 558

Warning: Undefined property: class@anonymous::$insert_id in D:\meowseo\tests\properties\Property14RedirectMatchingCorrectnessTest.php on line 558

Warning: Undefined property: class@anonymous::$insert_id in D:\meowseo\tests\properties\Property14RedirectMatchingCorrectnessTest.php on line 558

Warning: Undefined property: class@anonymous::$insert_id in D:\meowseo\tests\properties\Property14RedirectMatchingCorrectnessTest.php on line 558

Warning: Undefined property: class@anonymous::$insert_id in D:\meowseo\tests\properties\Property14RedirectMatchingCorrectnessTest.php on line 558

Warning: Undefined property: class@anonymous::$insert_id in D:\meowseo\tests\properties\Property14RedirectMatchingCorrectnessTest.php on line 558

Warning: Undefined property: class@anonymous::$insert_id in D:\meowseo\tests\properties\Property14RedirectMatchingCorrectnessTest.php on line 558

Warning: Undefined property: class@anonymous::$insert_id in D:\meowseo\tests\properties\Property14RedirectMatchingCorrectnessTest.php on line 558

Warning: Undefined property: class@anonymous::$insert_id in D:\meowseo\tests\properties\Property14RedirectMatchingCorrectnessTest.php on line 558

Warning: Undefined property: class@anonymous::$insert_id in D:\meowseo\tests\properties\Property14RedirectMatchingCorrectnessTest.php on line 558

Warning: Undefined property: class@anonymous::$insert_id in D:\meowseo\tests\properties\Property14RedirectMatchingCorrectnessTest.php on line 558

Warning: Undefined property: class@anonymous::$insert_id in D:\meowseo\tests\properties\Property14RedirectMatchingCorrectnessTest.php on line 558

Warning: Undefined property: class@anonymous::$insert_id in D:\meowseo\tests\properties\Property14RedirectMatchingCorrectnessTest.php on line 558

Warning: Undefined property: class@anonymous::$insert_id in D:\meowseo\tests\properties\Property14RedirectMatchingCorrectnessTest.php on line 558

Warning: Undefined property: class@anonymous::$insert_id in D:\meowseo\tests\properties\Property14RedirectMatchingCorrectnessTest.php on line 558

Warning: Undefined property: class@anonymous::$insert_id in D:\meowseo\tests\properties\Property14RedirectMatchingCorrectnessTest.php on line 558

Warning: Undefined property: class@anonymous::$insert_id in D:\meowseo\tests\properties\Property14RedirectMatchingCorrectnessTest.php on line 558

Warning: Undefined property: class@anonymous::$insert_id in D:\meowseo\tests\properties\Property14RedirectMatchingCorrectnessTest.php on line 558

Warning: Undefined property: class@anonymous::$insert_id in D:\meowseo\tests\properties\Property14RedirectMatchingCorrectnessTest.php on line 558

Warning: Undefined property: class@anonymous::$insert_id in D:\meowseo\tests\properties\Property14RedirectMatchingCorrectnessTest.php on line 558

Warning: Undefined property: class@anonymous::$insert_id in D:\meowseo\tests\properties\Property14RedirectMatchingCorrectnessTest.php on line 558

Warning: Undefined property: class@anonymous::$insert_id in D:\meowseo\tests\properties\Property14RedirectMatchingCorrectnessTest.php on line 558

Warning: Undefined property: class@anonymous::$insert_id in D:\meowseo\tests\properties\Property14RedirectMatchingCorrectnessTest.php on line 558

Warning: Undefined property: class@anonymous::$insert_id in D:\meowseo\tests\properties\Property14RedirectMatchingCorrectnessTest.php on line 558

Warning: Undefined property: class@anonymous::$insert_id in D:\meowseo\tests\properties\Property14RedirectMatchingCorrectnessTest.php on line 558

Warning: Undefined property: class@anonymous::$insert_id in D:\meowseo\tests\properties\Property14RedirectMatchingCorrectnessTest.php on line 558

Warning: Undefined property: class@anonymous::$insert_id in D:\meowseo\tests\properties\Property14RedirectMatchingCorrectnessTest.php on line 558

Warning: Undefined property: class@anonymous::$insert_id in D:\meowseo\tests\properties\Property14RedirectMatchingCorrectnessTest.php on line 558

Warning: Undefined property: class@anonymous::$insert_id in D:\meowseo\tests\properties\Property14RedirectMatchingCorrectnessTest.php on line 558

Warning: Undefined property: class@anonymous::$insert_id in D:\meowseo\tests\properties\Property14RedirectMatchingCorrectnessTest.php on line 558

Warning: Undefined property: class@anonymous::$insert_id in D:\meowseo\tests\properties\Property14RedirectMatchingCorrectnessTest.php on line 558

Warning: Undefined property: class@anonymous::$insert_id in D:\meowseo\tests\properties\Property14RedirectMatchingCorrectnessTest.php on line 558

Warning: Undefined property: class@anonymous::$insert_id in D:\meowseo\tests\properties\Property14RedirectMatchingCorrectnessTest.php on line 558

Warning: Undefined property: class@anonymous::$insert_id in D:\meowseo\tests\properties\Property14RedirectMatchingCorrectnessTest.php on line 558

Warning: Undefined property: class@anonymous::$insert_id in D:\meowseo\tests\properties\Property14RedirectMatchingCorrectnessTest.php on line 558

Warning: Undefined property: class@anonymous::$insert_id in D:\meowseo\tests\properties\Property14RedirectMatchingCorrectnessTest.php on line 558

Warning: Undefined property: class@anonymous::$insert_id in D:\meowseo\tests\properties\Property14RedirectMatchingCorrectnessTest.php on line 558

Warning: Undefined property: class@anonymous::$insert_id in D:\meowseo\tests\properties\Property14RedirectMatchingCorrectnessTest.php on line 558

Warning: Undefined property: class@anonymous::$insert_id in D:\meowseo\tests\properties\Property14RedirectMatchingCorrectnessTest.php on line 558

Warning: Undefined property: class@anonymous::$insert_id in D:\meowseo\tests\properties\Property14RedirectMatchingCorrectnessTest.php on line 558

Warning: Undefined property: class@anonymous::$insert_id in D:\meowseo\tests\properties\Property14RedirectMatchingCorrectnessTest.php on line 558

Warning: Undefined property: class@anonymous::$insert_id in D:\meowseo\tests\properties\Property14RedirectMatchingCorrectnessTest.php on line 558

Warning: Undefined property: class@anonymous::$insert_id in D:\meowseo\tests\properties\Property14RedirectMatchingCorrectnessTest.php on line 558

Warning: Undefined property: class@anonymous::$insert_id in D:\meowseo\tests\properties\Property14RedirectMatchingCorrectnessTest.php on line 558

Warning: Undefined property: class@anonymous::$insert_id in D:\meowseo\tests\properties\Property14RedirectMatchingCorrectnessTest.php on line 558

Warning: Undefined property: class@anonymous::$insert_id in D:\meowseo\tests\properties\Property14RedirectMatchingCorrectnessTest.php on line 558

Warning: Undefined property: class@anonymous::$insert_id in D:\meowseo\tests\properties\Property14RedirectMatchingCorrectnessTest.php on line 558

Warning: Undefined property: class@anonymous::$insert_id in D:\meowseo\tests\properties\Property14RedirectMatchingCorrectnessTest.php on line 558

Warning: Undefined property: class@anonymous::$insert_id in D:\meowseo\tests\properties\Property14RedirectMatchingCorrectnessTest.php on line 558

Warning: Undefined property: class@anonymous::$insert_id in D:\meowseo\tests\properties\Property14RedirectMatchingCorrectnessTest.php on line 558

Warning: Undefined property: class@anonymous::$insert_id in D:\meowseo\tests\properties\Property14RedirectMatchingCorrectnessTest.php on line 558

Warning: Undefined property: class@anonymous::$insert_id in D:\meowseo\tests\properties\Property14RedirectMatchingCorrectnessTest.php on line 558

Warning: Undefined property: class@anonymous::$insert_id in D:\meowseo\tests\properties\Property14RedirectMatchingCorrectnessTest.php on line 558

Warning: Undefined property: class@anonymous::$insert_id in D:\meowseo\tests\properties\Property14RedirectMatchingCorrectnessTest.php on line 558

Warning: Undefined property: class@anonymous::$insert_id in D:\meowseo\tests\properties\Property14RedirectMatchingCorrectnessTest.php on line 558

Warning: Undefined property: class@anonymous::$insert_id in D:\meowseo\tests\properties\Property14RedirectMatchingCorrectnessTest.php on line 558

Warning: Undefined property: class@anonymous::$insert_id in D:\meowseo\tests\properties\Property14RedirectMatchingCorrectnessTest.php on line 558

Warning: Undefined property: class@anonymous::$insert_id in D:\meowseo\tests\properties\Property14RedirectMatchingCorrectnessTest.php on line 558

Warning: Undefined property: class@anonymous::$insert_id in D:\meowseo\tests\properties\Property14RedirectMatchingCorrectnessTest.php on line 558

Warning: Undefined property: class@anonymous::$insert_id in D:\meowseo\tests\properties\Property14RedirectMatchingCorrectnessTest.php on line 558

Warning: Undefined property: class@anonymous::$insert_id in D:\meowseo\tests\properties\Property14RedirectMatchingCorrectnessTest.php on line 558

Warning: Undefined property: class@anonymous::$insert_id in D:\meowseo\tests\properties\Property14RedirectMatchingCorrectnessTest.php on line 558

Warning: Undefined property: class@anonymous::$insert_id in D:\meowseo\tests\properties\Property14RedirectMatchingCorrectnessTest.php on line 558

Warning: Undefined property: class@anonymous::$insert_id in D:\meowseo\tests\properties\Property14RedirectMatchingCorrectnessTest.php on line 558

Warning: Undefined property: class@anonymous::$insert_id in D:\meowseo\tests\properties\Property14RedirectMatchingCorrectnessTest.php on line 558

Warning: Undefined property: class@anonymous::$insert_id in D:\meowseo\tests\properties\Property14RedirectMatchingCorrectnessTest.php on line 558

Warning: Undefined property: class@anonymous::$insert_id in D:\meowseo\tests\properties\Property14RedirectMatchingCorrectnessTest.php on line 558

Warning: Undefined property: class@anonymous::$insert_id in D:\meowseo\tests\properties\Property14RedirectMatchingCorrectnessTest.php on line 558

Warning: Undefined property: class@anonymous::$insert_id in D:\meowseo\tests\properties\Property14RedirectMatchingCorrectnessTest.php on line 558

Warning: Undefined property: class@anonymous::$insert_id in D:\meowseo\tests\properties\Property14RedirectMatchingCorrectnessTest.php on line 558

Warning: Undefined property: class@anonymous::$insert_id in D:\meowseo\tests\properties\Property14RedirectMatchingCorrectnessTest.php on line 558

Warning: Undefined property: class@anonymous::$insert_id in D:\meowseo\tests\properties\Property14RedirectMatchingCorrectnessTest.php on line 558

Warning: Undefined property: class@anonymous::$insert_id in D:\meowseo\tests\properties\Property14RedirectMatchingCorrectnessTest.php on line 558

Warning: Undefined property: class@anonymous::$insert_id in D:\meowseo\tests\properties\Property14RedirectMatchingCorrectnessTest.php on line 558

Warning: Undefined property: class@anonymous::$insert_id in D:\meowseo\tests\properties\Property14RedirectMatchingCorrectnessTest.php on line 558

Warning: Undefined property: class@anonymous::$insert_id in D:\meowseo\tests\properties\Property14RedirectMatchingCorrectnessTest.php on line 558

Warning: Undefined property: class@anonymous::$insert_id in D:\meowseo\tests\properties\Property14RedirectMatchingCorrectnessTest.php on line 558

Warning: Undefined property: class@anonymous::$insert_id in D:\meowseo\tests\properties\Property14RedirectMatchingCorrectnessTest.php on line 558

Warning: Undefined property: class@anonymous::$insert_id in D:\meowseo\tests\properties\Property14RedirectMatchingCorrectnessTest.php on line 558

Warning: Undefined property: class@anonymous::$insert_id in D:\meowseo\tests\properties\Property14RedirectMatchingCorrectnessTest.php on line 558

Warning: Undefined property: class@anonymous::$insert_id in D:\meowseo\tests\properties\Property14RedirectMatchingCorrectnessTest.php on line 558

Warning: Undefined property: class@anonymous::$insert_id in D:\meowseo\tests\properties\Property14RedirectMatchingCorrectnessTest.php on line 558

Warning: Undefined property: class@anonymous::$insert_id in D:\meowseo\tests\properties\Property14RedirectMatchingCorrectnessTest.php on line 558

Warning: Undefined property: class@anonymous::$insert_id in D:\meowseo\tests\properties\Property14RedirectMatchingCorrectnessTest.php on line 558

Warning: Undefined property: class@anonymous::$insert_id in D:\meowseo\tests\properties\Property14RedirectMatchingCorrectnessTest.php on line 558

Warning: Undefined property: class@anonymous::$insert_id in D:\meowseo\tests\properties\Property14RedirectMatchingCorrectnessTest.php on line 558

Warning: Undefined property: class@anonymous::$insert_id in D:\meowseo\tests\properties\Property14RedirectMatchingCorrectnessTest.php on line 558

Warning: Undefined property: class@anonymous::$insert_id in D:\meowseo\tests\properties\Property14RedirectMatchingCorrectnessTest.php on line 558

Warning: Undefined property: class@anonymous::$insert_id in D:\meowseo\tests\properties\Property14RedirectMatchingCorrectnessTest.php on line 558

Warning: Undefined property: class@anonymous::$insert_id in D:\meowseo\tests\properties\Property14RedirectMatchingCorrectnessTest.php on line 558

Warning: Undefined property: class@anonymous::$insert_id in D:\meowseo\tests\properties\Property14RedirectMatchingCorrectnessTest.php on line 558

Warning: Undefined property: class@anonymous::$insert_id in D:\meowseo\tests\properties\Property14RedirectMatchingCorrectnessTest.php on line 558

Warning: Undefined property: class@anonymous::$insert_id in D:\meowseo\tests\properties\Property14RedirectMatchingCorrectnessTest.php on line 558

Warning: Undefined property: class@anonymous::$insert_id in D:\meowseo\tests\properties\Property14RedirectMatchingCorrectnessTest.php on line 558

Warning: Undefined property: class@anonymous::$insert_id in D:\meowseo\tests\properties\Property14RedirectMatchingCorrectnessTest.php on line 558

Warning: Undefined property: class@anonymous::$insert_id in D:\meowseo\tests\properties\Property14RedirectMatchingCorrectnessTest.php on line 558

Warning: Undefined property: class@anonymous::$insert_id in D:\meowseo\tests\properties\Property14RedirectMatchingCorrectnessTest.php on line 558

Warning: Undefined property: class@anonymous::$insert_id in D:\meowseo\tests\properties\Property14RedirectMatchingCorrectnessTest.php on line 558

Warning: Undefined property: class@anonymous::$insert_id in D:\meowseo\tests\properties\Property14RedirectMatchingCorrectnessTest.php on line 558

Warning: Undefined property: class@anonymous::$insert_id in D:\meowseo\tests\properties\Property14RedirectMatchingCorrectnessTest.php on line 558

Warning: Undefined property: class@anonymous::$insert_id in D:\meowseo\tests\properties\Property14RedirectMatchingCorrectnessTest.php on line 558

Warning: Undefined property: class@anonymous::$insert_id in D:\meowseo\tests\properties\Property14RedirectMatchingCorrectnessTest.php on line 558

Warning: Undefined property: class@anonymous::$insert_id in D:\meowseo\tests\properties\Property14RedirectMatchingCorrectnessTest.php on line 558

Warning: Undefined property: class@anonymous::$insert_id in D:\meowseo\tests\properties\Property14RedirectMatchingCorrectnessTest.php on line 558

Warning: Undefined property: class@anonymous::$insert_id in D:\meowseo\tests\properties\Property14RedirectMatchingCorrectnessTest.php on line 558

Warning: Undefined property: class@anonymous::$insert_id in D:\meowseo\tests\properties\Property14RedirectMatchingCorrectnessTest.php on line 558

Warning: Undefined property: class@anonymous::$insert_id in D:\meowseo\tests\properties\Property14RedirectMatchingCorrectnessTest.php on line 558

Warning: Undefined property: class@anonymous::$insert_id in D:\meowseo\tests\properties\Property14RedirectMatchingCorrectnessTest.php on line 558

Warning: Undefined property: class@anonymous::$insert_id in D:\meowseo\tests\properties\Property14RedirectMatchingCorrectnessTest.php on line 558

Warning: Undefined property: class@anonymous::$insert_id in D:\meowseo\tests\properties\Property14RedirectMatchingCorrectnessTest.php on line 558

Warning: Undefined property: class@anonymous::$insert_id in D:\meowseo\tests\properties\Property14RedirectMatchingCorrectnessTest.php on line 558

Warning: Undefined property: class@anonymous::$insert_id in D:\meowseo\tests\properties\Property14RedirectMatchingCorrectnessTest.php on line 558

Warning: Undefined property: class@anonymous::$insert_id in D:\meowseo\tests\properties\Property14RedirectMatchingCorrectnessTest.php on line 558

Warning: Undefined property: class@anonymous::$insert_id in D:\meowseo\tests\properties\Property14RedirectMatchingCorrectnessTest.php on line 558

Warning: Undefined property: class@anonymous::$insert_id in D:\meowseo\tests\properties\Property14RedirectMatchingCorrectnessTest.php on line 558

Warning: Undefined property: class@anonymous::$insert_id in D:\meowseo\tests\properties\Property14RedirectMatchingCorrectnessTest.php on line 558

Warning: Undefined property: class@anonymous::$insert_id in D:\meowseo\tests\properties\Property14RedirectMatchingCorrectnessTest.php on line 558

Warning: Undefined property: class@anonymous::$insert_id in D:\meowseo\tests\properties\Property14RedirectMatchingCorrectnessTest.php on line 558

Warning: Undefined property: class@anonymous::$insert_id in D:\meowseo\tests\properties\Property14RedirectMatchingCorrectnessTest.php on line 558

Warning: Undefined property: class@anonymous::$insert_id in D:\meowseo\tests\properties\Property14RedirectMatchingCorrectnessTest.php on line 558

Warning: Undefined property: class@anonymous::$insert_id in D:\meowseo\tests\properties\Property14RedirectMatchingCorrectnessTest.php on line 558

Warning: Undefined property: class@anonymous::$insert_id in D:\meowseo\tests\properties\Property14RedirectMatchingCorrectnessTest.php on line 558

Warning: Undefined property: class@anonymous::$insert_id in D:\meowseo\tests\properties\Property14RedirectMatchingCorrectnessTest.php on line 558

Warning: Undefined property: class@anonymous::$insert_id in D:\meowseo\tests\properties\Property14RedirectMatchingCorrectnessTest.php on line 558

Warning: Undefined property: class@anonymous::$insert_id in D:\meowseo\tests\properties\Property14RedirectMatchingCorrectnessTest.php on line 558

Warning: Undefined property: class@anonymous::$insert_id in D:\meowseo\tests\properties\Property14RedirectMatchingCorrectnessTest.php on line 558

Warning: Undefined property: class@anonymous::$insert_id in D:\meowseo\tests\properties\Property14RedirectMatchingCorrectnessTest.php on line 558

Warning: Undefined property: class@anonymous::$insert_id in D:\meowseo\tests\properties\Property14RedirectMatchingCorrectnessTest.php on line 558

Warning: Undefined property: class@anonymous::$insert_id in D:\meowseo\tests\properties\Property14RedirectMatchingCorrectnessTest.php on line 558

Warning: Undefined property: class@anonymous::$insert_id in D:\meowseo\tests\properties\Property14RedirectMatchingCorrectnessTest.php on line 558

Warning: Undefined property: class@anonymous::$insert_id in D:\meowseo\tests\properties\Property14RedirectMatchingCorrectnessTest.php on line 558

Warning: Undefined property: class@anonymous::$insert_id in D:\meowseo\tests\properties\Property14RedirectMatchingCorrectnessTest.php on line 558

Warning: Undefined property: class@anonymous::$insert_id in D:\meowseo\tests\properties\Property14RedirectMatchingCorrectnessTest.php on line 558

Warning: Undefined property: class@anonymous::$insert_id in D:\meowseo\tests\properties\Property14RedirectMatchingCorrectnessTest.php on line 558

Warning: Undefined property: class@anonymous::$insert_id in D:\meowseo\tests\properties\Property14RedirectMatchingCorrectnessTest.php on line 558

Warning: Undefined property: class@anonymous::$insert_id in D:\meowseo\tests\properties\Property14RedirectMatchingCorrectnessTest.php on line 558

Warning: Undefined property: class@anonymous::$insert_id in D:\meowseo\tests\properties\Property14RedirectMatchingCorrectnessTest.php on line 558

Warning: Undefined property: class@anonymous::$insert_id in D:\meowseo\tests\properties\Property14RedirectMatchingCorrectnessTest.php on line 558

Warning: Undefined property: class@anonymous::$insert_id in D:\meowseo\tests\properties\Property14RedirectMatchingCorrectnessTest.php on line 558

Warning: Undefined property: class@anonymous::$insert_id in D:\meowseo\tests\properties\Property14RedirectMatchingCorrectnessTest.php on line 558

Warning: Undefined property: class@anonymous::$insert_id in D:\meowseo\tests\properties\Property14RedirectMatchingCorrectnessTest.php on line 558

Warning: Undefined property: class@anonymous::$insert_id in D:\meowseo\tests\properties\Property14RedirectMatchingCorrectnessTest.php on line 558

Warning: Undefined property: class@anonymous::$insert_id in D:\meowseo\tests\properties\Property14RedirectMatchingCorrectnessTest.php on line 558

Warning: Undefined property: class@anonymous::$insert_id in D:\meowseo\tests\properties\Property14RedirectMatchingCorrectnessTest.php on line 558

Warning: Undefined property: class@anonymous::$insert_id in D:\meowseo\tests\properties\Property14RedirectMatchingCorrectnessTest.php on line 558

Warning: Undefined property: class@anonymous::$insert_id in D:\meowseo\tests\properties\Property14RedirectMatchingCorrectnessTest.php on line 558

Warning: Undefined property: class@anonymous::$insert_id in D:\meowseo\tests\properties\Property14RedirectMatchingCorrectnessTest.php on line 558

Warning: Undefined property: class@anonymous::$insert_id in D:\meowseo\tests\properties\Property14RedirectMatchingCorrectnessTest.php on line 558

Warning: Undefined property: class@anonymous::$insert_id in D:\meowseo\tests\properties\Property14RedirectMatchingCorrectnessTest.php on line 558

Warning: Undefined property: class@anonymous::$insert_id in D:\meowseo\tests\properties\Property14RedirectMatchingCorrectnessTest.php on line 558

Warning: Undefined property: class@anonymous::$insert_id in D:\meowseo\tests\properties\Property14RedirectMatchingCorrectnessTest.php on line 558

Warning: Undefined property: class@anonymous::$insert_id in D:\meowseo\tests\properties\Property14RedirectMatchingCorrectnessTest.php on line 558

Warning: Undefined property: class@anonymous::$insert_id in D:\meowseo\tests\properties\Property14RedirectMatchingCorrectnessTest.php on line 558

Warning: Undefined property: class@anonymous::$insert_id in D:\meowseo\tests\properties\Property14RedirectMatchingCorrectnessTest.php on line 558

Warning: Undefined property: class@anonymous::$insert_id in D:\meowseo\tests\properties\Property14RedirectMatchingCorrectnessTest.php on line 558

Warning: Undefined property: class@anonymous::$insert_id in D:\meowseo\tests\properties\Property14RedirectMatchingCorrectnessTest.php on line 558

Warning: Undefined property: class@anonymous::$insert_id in D:\meowseo\tests\properties\Property14RedirectMatchingCorrectnessTest.php on line 558

Warning: Undefined property: class@anonymous::$insert_id in D:\meowseo\tests\properties\Property14RedirectMatchingCorrectnessTest.php on line 558

Warning: Undefined property: class@anonymous::$insert_id in D:\meowseo\tests\properties\Property14RedirectMatchingCorrectnessTest.php on line 558

Warning: Undefined property: class@anonymous::$insert_id in D:\meowseo\tests\properties\Property14RedirectMatchingCorrectnessTest.php on line 558

Warning: Undefined property: class@anonymous::$insert_id in D:\meowseo\tests\properties\Property14RedirectMatchingCorrectnessTest.php on line 558

Warning: Undefined property: class@anonymous::$insert_id in D:\meowseo\tests\properties\Property14RedirectMatchingCorrectnessTest.php on line 558

Warning: Undefined property: class@anonymous::$insert_id in D:\meowseo\tests\properties\Property14RedirectMatchingCorrectnessTest.php on line 558

Warning: Undefined property: class@anonymous::$insert_id in D:\meowseo\tests\properties\Property14RedirectMatchingCorrectnessTest.php on line 558

Warning: Undefined property: class@anonymous::$insert_id in D:\meowseo\tests\properties\Property14RedirectMatchingCorrectnessTest.php on line 558

Warning: Undefined property: class@anonymous::$insert_id in D:\meowseo\tests\properties\Property14RedirectMatchingCorrectnessTest.php on line 558

Warning: Undefined property: class@anonymous::$insert_id in D:\meowseo\tests\properties\Property14RedirectMatchingCorrectnessTest.php on line 558

Warning: Undefined property: class@anonymous::$insert_id in D:\meowseo\tests\properties\Property14RedirectMatchingCorrectnessTest.php on line 558

Warning: Undefined property: class@anonymous::$insert_id in D:\meowseo\tests\properties\Property14RedirectMatchingCorrectnessTest.php on line 558

Warning: Undefined property: class@anonymous::$insert_id in D:\meowseo\tests\properties\Property14RedirectMatchingCorrectnessTest.php on line 558

Warning: Undefined property: class@anonymous::$insert_id in D:\meowseo\tests\properties\Property14RedirectMatchingCorrectnessTest.php on line 558

Warning: Undefined property: class@anonymous::$insert_id in D:\meowseo\tests\properties\Property14RedirectMatchingCorrectnessTest.php on line 558

Warning: Undefined property: class@anonymous::$insert_id in D:\meowseo\tests\properties\Property14RedirectMatchingCorrectnessTest.php on line 558

Warning: Undefined property: class@anonymous::$insert_id in D:\meowseo\tests\properties\Property14RedirectMatchingCorrectnessTest.php on line 558

Warning: Undefined property: class@anonymous::$insert_id in D:\meowseo\tests\properties\Property14RedirectMatchingCorrectnessTest.php on line 558

Warning: Undefined property: class@anonymous::$insert_id in D:\meowseo\tests\properties\Property14RedirectMatchingCorrectnessTest.php on line 558

Warning: Undefined property: class@anonymous::$insert_id in D:\meowseo\tests\properties\Property14RedirectMatchingCorrectnessTest.php on line 558

Warning: Undefined property: class@anonymous::$insert_id in D:\meowseo\tests\properties\Property14RedirectMatchingCorrectnessTest.php on line 558

Warning: Undefined property: class@anonymous::$insert_id in D:\meowseo\tests\properties\Property14RedirectMatchingCorrectnessTest.php on line 558

Warning: Undefined property: class@anonymous::$insert_id in D:\meowseo\tests\properties\Property14RedirectMatchingCorrectnessTest.php on line 558

Warning: Undefined property: class@anonymous::$insert_id in D:\meowseo\tests\properties\Property14RedirectMatchingCorrectnessTest.php on line 558

Warning: Undefined property: class@anonymous::$insert_id in D:\meowseo\tests\properties\Property14RedirectMatchingCorrectnessTest.php on line 558

Warning: Undefined property: class@anonymous::$insert_id in D:\meowseo\tests\properties\Property14RedirectMatchingCorrectnessTest.php on line 558

Warning: Undefined property: class@anonymous::$insert_id in D:\meowseo\tests\properties\Property14RedirectMatchingCorrectnessTest.php on line 558

Warning: Undefined property: class@anonymous::$insert_id in D:\meowseo\tests\properties\Property14RedirectMatchingCorrectnessTest.php on line 558

Warning: Undefined property: class@anonymous::$insert_id in D:\meowseo\tests\properties\Property14RedirectMatchingCorrectnessTest.php on line 558

Warning: Undefined property: class@anonymous::$insert_id in D:\meowseo\tests\properties\Property14RedirectMatchingCorrectnessTest.php on line 558

Warning: Undefined property: class@anonymous::$insert_id in D:\meowseo\tests\properties\Property14RedirectMatchingCorrectnessTest.php on line 558

Warning: Undefined property: class@anonymous::$insert_id in D:\meowseo\tests\properties\Property14RedirectMatchingCorrectnessTest.php on line 558

Warning: Undefined property: class@anonymous::$insert_id in D:\meowseo\tests\properties\Property14RedirectMatchingCorrectnessTest.php on line 558

Warning: Undefined property: class@anonymous::$insert_id in D:\meowseo\tests\properties\Property14RedirectMatchingCorrectnessTest.php on line 558

Warning: Undefined property: class@anonymous::$insert_id in D:\meowseo\tests\properties\Property14RedirectMatchingCorrectnessTest.php on line 558

Warning: Undefined property: class@anonymous::$insert_id in D:\meowseo\tests\properties\Property14RedirectMatchingCorrectnessTest.php on line 558

Warning: Undefined property: class@anonymous::$insert_id in D:\meowseo\tests\properties\Property14RedirectMatchingCorrectnessTest.php on line 558

Warning: Undefined property: class@anonymous::$insert_id in D:\meowseo\tests\properties\Property14RedirectMatchingCorrectnessTest.php on line 558

Warning: Undefined property: class@anonymous::$insert_id in D:\meowseo\tests\properties\Property14RedirectMatchingCorrectnessTest.php on line 558

Warning: Undefined property: class@anonymous::$insert_id in D:\meowseo\tests\properties\Property14RedirectMatchingCorrectnessTest.php on line 558

Warning: Undefined property: class@anonymous::$insert_id in D:\meowseo\tests\properties\Property14RedirectMatchingCorrectnessTest.php on line 558

Warning: Undefined property: class@anonymous::$insert_id in D:\meowseo\tests\properties\Property14RedirectMatchingCorrectnessTest.php on line 558

Warning: Undefined property: class@anonymous::$insert_id in D:\meowseo\tests\properties\Property14RedirectMatchingCorrectnessTest.php on line 558

Warning: Undefined property: class@anonymous::$insert_id in D:\meowseo\tests\properties\Property14RedirectMatchingCorrectnessTest.php on line 558

Warning: Undefined property: class@anonymous::$insert_id in D:\meowseo\tests\properties\Property14RedirectMatchingCorrectnessTest.php on line 558

Warning: Undefined property: class@anonymous::$insert_id in D:\meowseo\tests\properties\Property14RedirectMatchingCorrectnessTest.php on line 558

Warning: Undefined property: class@anonymous::$insert_id in D:\meowseo\tests\properties\Property14RedirectMatchingCorrectnessTest.php on line 558

Warning: Undefined property: class@anonymous::$insert_id in D:\meowseo\tests\properties\Property14RedirectMatchingCorrectnessTest.php on line 558

Warning: Undefined property: class@anonymous::$insert_id in D:\meowseo\tests\properties\Property14RedirectMatchingCorrectnessTest.php on line 558
F
Warning: Undefined property: class@anonymous::$insert_id in D:\meowseo\tests\properties\Property14RedirectMatchingCorrectnessTest.php on line 558

Reproduce with:
ERIS_SEED=1776673294377904 vendor/bin/phpunit --filter 'MeowSEO\\Tests\\Property14RedirectMatchingCorrectnessTest::test_redirect_matching_case_sensitive'
.........F
Reproduce with:
ERIS_SEED=1776673294455115 vendor/bin/phpunit --filter 'MeowSEO\\Tests\\Property15_404BufferingTest::test_404_buffering_prevents_synchronous_db_writes'
......SSSSSSSS...........SSSSSSSSS. 1159 / 1389 ( 83%)
..........SSSSSSSS........................................... 1220 / 1389 ( 87%)
....................................SS....................... 1281 / 1389 ( 92%)
............................................................. 1342 / 1389 ( 96%)
...............................................               1389 / 1389 (100%)

Time: 00:09.478, Memory: 210.00 MB

There were 22 failures:

1) MeowSEO\Tests\ModuleLoadingPropertyTest::test_module_manager_loads_exactly_enabled_set
Module_Manager should load exactly the enabled modules
Failed asserting that two arrays are equal.
--- Expected
+++ Actual
@@ @@
 Array (
     0 => 'meta'
     1 => 'schema'
-    2 => 'sitemap'
 )

D:\meowseo\tests\properties\ModuleLoadingPropertyTest.php:101
D:\meowseo\vendor\giorgiosironi\eris\src\Quantifier\Evaluation.php:52
D:\meowseo\vendor\giorgiosironi\eris\src\Shrinker\Multiple.php:102
D:\meowseo\vendor\giorgiosironi\eris\src\Quantifier\ForAll.php:169
D:\meowseo\vendor\giorgiosironi\eris\src\Quantifier\Evaluation.php:57
D:\meowseo\vendor\giorgiosironi\eris\src\Quantifier\ForAll.php:171
D:\meowseo\vendor\giorgiosironi\eris\src\Quantifier\ForAll.php:194
D:\meowseo\tests\properties\ModuleLoadingPropertyTest.php:63

2) MeowSEO\Tests\ModuleLoadingPropertyTest::test_module_manager_loads_all_enabled_modules
Enabled module 'sitemap' should be active
Failed asserting that false is true.

D:\meowseo\tests\properties\ModuleLoadingPropertyTest.php:257
D:\meowseo\vendor\giorgiosironi\eris\src\Quantifier\Evaluation.php:52
D:\meowseo\vendor\giorgiosironi\eris\src\Shrinker\Multiple.php:102
D:\meowseo\vendor\giorgiosironi\eris\src\Quantifier\ForAll.php:169
D:\meowseo\vendor\giorgiosironi\eris\src\Quantifier\Evaluation.php:57
D:\meowseo\vendor\giorgiosironi\eris\src\Quantifier\ForAll.php:171
D:\meowseo\vendor\giorgiosironi\eris\src\Quantifier\ForAll.php:194
D:\meowseo\tests\properties\ModuleLoadingPropertyTest.php:233

3) MeowSEO\Tests\ModuleLoadingPropertyTest::test_module_manager_respects_options_on_each_boot
Second boot should load the second set of modules
Failed asserting that two arrays are equal.
--- Expected
+++ Actual
@@ @@
 Array (
     0 => 'meta'
     1 => 'schema'
-    2 => 'sitemap'
 )

D:\meowseo\tests\properties\ModuleLoadingPropertyTest.php:366
D:\meowseo\vendor\giorgiosironi\eris\src\Quantifier\Evaluation.php:52
D:\meowseo\vendor\giorgiosironi\eris\src\Shrinker\Multiple.php:102
D:\meowseo\vendor\giorgiosironi\eris\src\Quantifier\ForAll.php:169
D:\meowseo\vendor\giorgiosironi\eris\src\Quantifier\Evaluation.php:57
D:\meowseo\vendor\giorgiosironi\eris\src\Quantifier\ForAll.php:171
D:\meowseo\vendor\giorgiosironi\eris\src\Quantifier\ForAll.php:194
D:\meowseo\tests\properties\ModuleLoadingPropertyTest.php:308

4) MeowSEO\Tests\Property10LogEntryLimitTest::test_cleanup_triggered_after_exceeding_limit
Log entry count should not exceed 1000 after batch 14
Failed asserting that 1005 is equal to 1000 or is less than 1000.

D:\meowseo\tests\properties\Property10LogEntryLimitTest.php:305
D:\meowseo\vendor\giorgiosironi\eris\src\Quantifier\Evaluation.php:52
D:\meowseo\vendor\giorgiosironi\eris\src\Shrinker\Multiple.php:102
D:\meowseo\vendor\giorgiosironi\eris\src\Quantifier\ForAll.php:169
D:\meowseo\vendor\giorgiosironi\eris\src\Quantifier\Evaluation.php:57
D:\meowseo\vendor\giorgiosironi\eris\src\Quantifier\ForAll.php:171
D:\meowseo\vendor\giorgiosironi\eris\src\Quantifier\ForAll.php:194
D:\meowseo\tests\properties\Property10LogEntryLimitTest.php:292

5) MeowSEO\Tests\Property11CleanupTriggerTest::test_cleanup_triggered_when_limit_exceeded
Cleanup should preserve at least some entries
Failed asserting that 0 is greater than 0.

D:\meowseo\tests\properties\Property11CleanupTriggerTest.php:258
D:\meowseo\vendor\giorgiosironi\eris\src\Quantifier\Evaluation.php:52
D:\meowseo\vendor\giorgiosironi\eris\src\Quantifier\ForAll.php:171
D:\meowseo\vendor\giorgiosironi\eris\src\Quantifier\ForAll.php:194
D:\meowseo\tests\properties\Property11CleanupTriggerTest.php:239

6) MeowSEO\Tests\Property11CleanupTriggerTest::test_cleanup_not_triggered_when_under_limit
No cleanup should occur when under the 1000 entry limit
Failed asserting that 0 matches expected 1.

D:\meowseo\tests\properties\Property11CleanupTriggerTest.php:293
D:\meowseo\vendor\giorgiosironi\eris\src\Quantifier\Evaluation.php:52
D:\meowseo\vendor\giorgiosironi\eris\src\Shrinker\Multiple.php:102
D:\meowseo\vendor\giorgiosironi\eris\src\Quantifier\ForAll.php:169
D:\meowseo\vendor\giorgiosironi\eris\src\Quantifier\Evaluation.php:57
D:\meowseo\vendor\giorgiosironi\eris\src\Quantifier\ForAll.php:171
D:\meowseo\vendor\giorgiosironi\eris\src\Quantifier\ForAll.php:194
D:\meowseo\tests\properties\Property11CleanupTriggerTest.php:281

7) MeowSEO\Tests\Property12DeduplicationTest::test_duplicate_entries_increment_hit_count
Deduplication should increment hit_count via UPDATE
Failed asserting that 0 matches expected -1.

D:\meowseo\tests\properties\Property12DeduplicationTest.php:261
D:\meowseo\vendor\giorgiosironi\eris\src\Quantifier\Evaluation.php:52
D:\meowseo\vendor\giorgiosironi\eris\src\Quantifier\ForAll.php:171
D:\meowseo\vendor\giorgiosironi\eris\src\Quantifier\ForAll.php:194
D:\meowseo\tests\properties\Property12DeduplicationTest.php:223

8) MeowSEO\Tests\Property14PaginationTest::test_pagination_pages_calculated_correctly
For N=101 entries and P=1 page size, expected 101 pages but got 100
Failed asserting that 100.0 matches expected 101.0.

D:\meowseo\tests\properties\Property14PaginationTest.php:117
D:\meowseo\vendor\giorgiosironi\eris\src\Quantifier\Evaluation.php:52
D:\meowseo\vendor\giorgiosironi\eris\src\Shrinker\Multiple.php:102
D:\meowseo\vendor\giorgiosironi\eris\src\Quantifier\ForAll.php:169
D:\meowseo\vendor\giorgiosironi\eris\src\Quantifier\Evaluation.php:57
D:\meowseo\vendor\giorgiosironi\eris\src\Quantifier\ForAll.php:171
D:\meowseo\vendor\giorgiosironi\eris\src\Quantifier\ForAll.php:194
D:\meowseo\tests\properties\Property14PaginationTest.php:99

9) MeowSEO\Tests\Property14PaginationTest::test_all_pages_except_last_contain_exactly_p_entries
Page 1 (not the last) with page_size=10 should contain exactly 10 entries, but got 0
Failed asserting that 0 matches expected 10.

D:\meowseo\tests\properties\Property14PaginationTest.php:200
D:\meowseo\vendor\giorgiosironi\eris\src\Quantifier\Evaluation.php:52
D:\meowseo\vendor\giorgiosironi\eris\src\Shrinker\Multiple.php:102
D:\meowseo\vendor\giorgiosironi\eris\src\Quantifier\ForAll.php:169
D:\meowseo\vendor\giorgiosironi\eris\src\Quantifier\Evaluation.php:57
D:\meowseo\vendor\giorgiosironi\eris\src\Quantifier\ForAll.php:171
D:\meowseo\vendor\giorgiosironi\eris\src\Quantifier\ForAll.php:194
D:\meowseo\tests\properties\Property14PaginationTest.php:182

10) MeowSEO\Tests\Property14PaginationTest::test_last_page_contains_remainder_entries
Last page (page 2) with N=3 and P=2 should contain exactly 1 entries (N % P), but got 0
Failed asserting that 0 matches expected 1.

D:\meowseo\tests\properties\Property14PaginationTest.php:291
D:\meowseo\vendor\giorgiosironi\eris\src\Quantifier\Evaluation.php:52
D:\meowseo\vendor\giorgiosironi\eris\src\Shrinker\Multiple.php:102
D:\meowseo\vendor\giorgiosironi\eris\src\Quantifier\ForAll.php:169
D:\meowseo\vendor\giorgiosironi\eris\src\Quantifier\Evaluation.php:57
D:\meowseo\vendor\giorgiosironi\eris\src\Quantifier\ForAll.php:171
D:\meowseo\vendor\giorgiosironi\eris\src\Quantifier\ForAll.php:194
D:\meowseo\tests\properties\Property14PaginationTest.php:268

11) MeowSEO\Tests\Property14PaginationTest::test_edge_case_zero_entries_returns_one_page
With 0 entries and page_size=1, expected 1 pages but got 100
Failed asserting that 100.0 matches expected 1.

D:\meowseo\tests\properties\Property14PaginationTest.php:330
D:\meowseo\vendor\giorgiosironi\eris\src\Quantifier\Evaluation.php:52
D:\meowseo\vendor\giorgiosironi\eris\src\Shrinker\Multiple.php:102
D:\meowseo\vendor\giorgiosironi\eris\src\Quantifier\ForAll.php:169
D:\meowseo\vendor\giorgiosironi\eris\src\Quantifier\Evaluation.php:57
D:\meowseo\vendor\giorgiosironi\eris\src\Quantifier\ForAll.php:171
D:\meowseo\vendor\giorgiosironi\eris\src\Quantifier\ForAll.php:194
D:\meowseo\tests\properties\Property14PaginationTest.php:314

12) MeowSEO\Tests\Property14PaginationTest::test_edge_case_one_entry_returns_one_page
With 1 entry and page_size=1, expected 1 page but got 100
Failed asserting that 100.0 matches expected 1.

D:\meowseo\tests\properties\Property14PaginationTest.php:370
D:\meowseo\vendor\giorgiosironi\eris\src\Quantifier\Evaluation.php:52
D:\meowseo\vendor\giorgiosironi\eris\src\Shrinker\Multiple.php:102
D:\meowseo\vendor\giorgiosironi\eris\src\Quantifier\ForAll.php:169
D:\meowseo\vendor\giorgiosironi\eris\src\Quantifier\Evaluation.php:57
D:\meowseo\vendor\giorgiosironi\eris\src\Quantifier\ForAll.php:171
D:\meowseo\vendor\giorgiosironi\eris\src\Quantifier\ForAll.php:194
D:\meowseo\tests\properties\Property14PaginationTest.php:356

13) MeowSEO\Tests\Property14PaginationTest::test_edge_case_exactly_p_entries_returns_one_page
With 1 entries and page_size=1, expected 1 page but got 100
Failed asserting that 100.0 matches expected 1.

D:\meowseo\tests\properties\Property14PaginationTest.php:414
D:\meowseo\vendor\giorgiosironi\eris\src\Quantifier\Evaluation.php:52
D:\meowseo\vendor\giorgiosironi\eris\src\Shrinker\Multiple.php:102
D:\meowseo\vendor\giorgiosironi\eris\src\Quantifier\ForAll.php:169
D:\meowseo\vendor\giorgiosironi\eris\src\Quantifier\Evaluation.php:57
D:\meowseo\vendor\giorgiosironi\eris\src\Quantifier\ForAll.php:171
D:\meowseo\vendor\giorgiosironi\eris\src\Quantifier\ForAll.php:194
D:\meowseo\tests\properties\Property14PaginationTest.php:400

14) MeowSEO\Tests\Property14PaginationTest::test_edge_case_p_plus_one_entries_returns_two_pages
With 2 entries and page_size=1, expected 2 pages but got 100
Failed asserting that 100.0 matches expected 2.

D:\meowseo\tests\properties\Property14PaginationTest.php:459
D:\meowseo\vendor\giorgiosironi\eris\src\Quantifier\Evaluation.php:52
D:\meowseo\vendor\giorgiosironi\eris\src\Shrinker\Multiple.php:102
D:\meowseo\vendor\giorgiosironi\eris\src\Quantifier\ForAll.php:169
D:\meowseo\vendor\giorgiosironi\eris\src\Quantifier\Evaluation.php:57
D:\meowseo\vendor\giorgiosironi\eris\src\Quantifier\ForAll.php:171
D:\meowseo\vendor\giorgiosironi\eris\src\Quantifier\ForAll.php:194
D:\meowseo\tests\properties\Property14PaginationTest.php:444

15) MeowSEO\Tests\Property14RedirectMatchingCorrectnessTest::test_redirect_matching_algorithm_correctness
Exact match should be found for matching source_url
Failed asserting that null is not null.

D:\meowseo\tests\properties\Property14RedirectMatchingCorrectnessTest.php:109
D:\meowseo\vendor\giorgiosironi\eris\src\Quantifier\Evaluation.php:52
D:\meowseo\vendor\giorgiosironi\eris\src\Shrinker\Multiple.php:102
D:\meowseo\vendor\giorgiosironi\eris\src\Quantifier\ForAll.php:169
D:\meowseo\vendor\giorgiosironi\eris\src\Quantifier\Evaluation.php:57
D:\meowseo\vendor\giorgiosironi\eris\src\Quantifier\ForAll.php:171
D:\meowseo\vendor\giorgiosironi\eris\src\Quantifier\ForAll.php:194
D:\meowseo\tests\properties\Property14RedirectMatchingCorrectnessTest.php:92

16) MeowSEO\Tests\Property14RedirectMatchingCorrectnessTest::test_exact_match_precedence_over_regex
Exact match should be found
Failed asserting that null is not null.

D:\meowseo\tests\properties\Property14RedirectMatchingCorrectnessTest.php:180
D:\meowseo\vendor\giorgiosironi\eris\src\Quantifier\Evaluation.php:52
D:\meowseo\vendor\giorgiosironi\eris\src\Shrinker\Multiple.php:102
D:\meowseo\vendor\giorgiosironi\eris\src\Quantifier\ForAll.php:169
D:\meowseo\vendor\giorgiosironi\eris\src\Quantifier\Evaluation.php:57
D:\meowseo\vendor\giorgiosironi\eris\src\Quantifier\ForAll.php:171
D:\meowseo\vendor\giorgiosironi\eris\src\Quantifier\ForAll.php:194
D:\meowseo\tests\properties\Property14RedirectMatchingCorrectnessTest.php:154

17) MeowSEO\Tests\Property14RedirectMatchingCorrectnessTest::test_regex_rules_only_loaded_when_needed
Only regex rules should be returned
Failed asserting that actual size 0 matches expected size 1.

D:\meowseo\tests\properties\Property14RedirectMatchingCorrectnessTest.php:234
D:\meowseo\vendor\giorgiosironi\eris\src\Quantifier\Evaluation.php:52
D:\meowseo\vendor\giorgiosironi\eris\src\Shrinker\Multiple.php:102
D:\meowseo\vendor\giorgiosironi\eris\src\Quantifier\ForAll.php:169
D:\meowseo\vendor\giorgiosironi\eris\src\Quantifier\Evaluation.php:57
D:\meowseo\vendor\giorgiosironi\eris\src\Quantifier\ForAll.php:171
D:\meowseo\vendor\giorgiosironi\eris\src\Quantifier\ForAll.php:194
D:\meowseo\tests\properties\Property14RedirectMatchingCorrectnessTest.php:208

18) MeowSEO\Tests\Property14RedirectMatchingCorrectnessTest::test_all_redirect_types_preserved
Redirect type 301 should be found
Failed asserting that null is not null.

D:\meowseo\tests\properties\Property14RedirectMatchingCorrectnessTest.php:322

19) MeowSEO\Tests\Property14RedirectMatchingCorrectnessTest::test_regex_backreferences_supported
Regex rule should be returned
Failed asserting that an array is not empty.

D:\meowseo\tests\properties\Property14RedirectMatchingCorrectnessTest.php:362
D:\meowseo\vendor\giorgiosironi\eris\src\Quantifier\Evaluation.php:52
D:\meowseo\vendor\giorgiosironi\eris\src\Quantifier\ForAll.php:171
D:\meowseo\vendor\giorgiosironi\eris\src\Quantifier\ForAll.php:194
D:\meowseo\tests\properties\Property14RedirectMatchingCorrectnessTest.php:344

20) MeowSEO\Tests\Property14RedirectMatchingCorrectnessTest::test_hit_count_incremented_on_execution
Redirect should exist
Failed asserting that null is not null.

D:\meowseo\tests\properties\Property14RedirectMatchingCorrectnessTest.php:419
D:\meowseo\vendor\giorgiosironi\eris\src\Quantifier\Evaluation.php:52
D:\meowseo\vendor\giorgiosironi\eris\src\Shrinker\Multiple.php:102
D:\meowseo\vendor\giorgiosironi\eris\src\Quantifier\ForAll.php:169
D:\meowseo\vendor\giorgiosironi\eris\src\Quantifier\Evaluation.php:57
D:\meowseo\vendor\giorgiosironi\eris\src\Quantifier\ForAll.php:171
D:\meowseo\vendor\giorgiosironi\eris\src\Quantifier\ForAll.php:194
D:\meowseo\tests\properties\Property14RedirectMatchingCorrectnessTest.php:398

21) MeowSEO\Tests\Property14RedirectMatchingCorrectnessTest::test_redirect_matching_case_sensitive
Lowercase URL should match
Failed asserting that null is not null.

D:\meowseo\tests\properties\Property14RedirectMatchingCorrectnessTest.php:508
D:\meowseo\vendor\giorgiosironi\eris\src\Quantifier\Evaluation.php:52
D:\meowseo\vendor\giorgiosironi\eris\src\Quantifier\ForAll.php:171
D:\meowseo\vendor\giorgiosironi\eris\src\Quantifier\ForAll.php:194
D:\meowseo\tests\properties\Property14RedirectMatchingCorrectnessTest.php:491

22) MeowSEO\Tests\Property15_404BufferingTest::test_404_buffering_prevents_synchronous_db_writes
Bucket should contain all hits
Failed asserting that actual size 15 matches expected size 1.

D:\meowseo\tests\properties\Property15_404BufferingTest.php:130
D:\meowseo\vendor\giorgiosironi\eris\src\Quantifier\Evaluation.php:52
D:\meowseo\vendor\giorgiosironi\eris\src\Shrinker\Multiple.php:102
D:\meowseo\vendor\giorgiosironi\eris\src\Quantifier\ForAll.php:169
D:\meowseo\vendor\giorgiosironi\eris\src\Quantifier\Evaluation.php:57
D:\meowseo\vendor\giorgiosironi\eris\src\Quantifier\ForAll.php:171
D:\meowseo\vendor\giorgiosironi\eris\src\Quantifier\ForAll.php:194
D:\meowseo\tests\properties\Property15_404BufferingTest.php:89

--

There were 3 risky tests:

1) MeowSEO\Tests\Bugfix\DuplicateMenuRegistrationBugConditionTest::test_only_admin_class_hooks_into_admin_menu
Test code or tested code printed unexpected output: 
=== Bug Condition Exploration Results ===
Total MeowSEO admin_menu callbacks: 2
  - Class: MeowSEO\Admin, Method: register_admin_menu
  - Class: MeowSEO\Admin\Log_Viewer, Method: register_admin_menu
=========================================

2) MeowSEO\Tests\Property14RedirectMatchingCorrectnessTest::test_inactive_redirects_never_matched
Test code or tested code printed unexpected output: 
Warning: Undefined property: class@anonymous::$insert_id in D:\meowseo\tests\properties\Property14RedirectMatchingCorrectnessTest.php on line 558

Warning: Undefined property: class@anonymous::$insert_id in D:\meowseo\tests\properties\Property14RedirectMatchingCorrectnessTest.php on line 558

Warning: Undefined property: class@anonymous::$insert_id in D:\meowseo\tests\properties\Property14RedirectMatchingCorrectnessTest.php on line 558

Warning: Undefined property: class@anonymous::$insert_id in D:\meowseo\tests\properties\Property14RedirectMatchingCorrectnessTest.php on line 558

Warning: Undefined property: class@anonymous::$insert_id in D:\meowseo\tests\properties\Property14RedirectMatchingCorrectnessTest.php on line 558

Warning: Undefined property: class@anonymous::$insert_id in D:\meowseo\tests\properties\Property14RedirectMatchingCorrectnessTest.php on line 558

Warning: Undefined property: class@anonymous::$insert_id in D:\meowseo\tests\properties\Property14RedirectMatchingCorrectnessTest.php on line 558

Warning: Undefined property: class@anonymous::$insert_id in D:\meowseo\tests\properties\Property14RedirectMatchingCorrectnessTest.php on line 558

Warning: Undefined property: class@anonymous::$insert_id in D:\meowseo\tests\properties\Property14RedirectMatchingCorrectnessTest.php on line 558

Warning: Undefined property: class@anonymous::$insert_id in D:\meowseo\tests\properties\Property14RedirectMatchingCorrectnessTest.php on line 558

Warning: Undefined property: class@anonymous::$insert_id in D:\meowseo\tests\properties\Property14RedirectMatchingCorrectnessTest.php on line 558

Warning: Undefined property: class@anonymous::$insert_id in D:\meowseo\tests\properties\Property14RedirectMatchingCorrectnessTest.php on line 558

Warning: Undefined property: class@anonymous::$insert_id in D:\meowseo\tests\properties\Property14RedirectMatchingCorrectnessTest.php on line 558

Warning: Undefined property: class@anonymous::$insert_id in D:\meowseo\tests\properties\Property14RedirectMatchingCorrectnessTest.php on line 558

Warning: Undefined property: class@anonymous::$insert_id in D:\meowseo\tests\properties\Property14RedirectMatchingCorrectnessTest.php on line 558

Warning: Undefined property: class@anonymous::$insert_id in D:\meowseo\tests\properties\Property14RedirectMatchingCorrectnessTest.php on line 558

Warning: Undefined property: class@anonymous::$insert_id in D:\meowseo\tests\properties\Property14RedirectMatchingCorrectnessTest.php on line 558

Warning: Undefined property: class@anonymous::$insert_id in D:\meowseo\tests\properties\Property14RedirectMatchingCorrectnessTest.php on line 558

Warning: Undefined property: class@anonymous::$insert_id in D:\meowseo\tests\properties\Property14RedirectMatchingCorrectnessTest.php on line 558

Warning: Undefined property: class@anonymous::$insert_id in D:\meowseo\tests\properties\Property14RedirectMatchingCorrectnessTest.php on line 558

Warning: Undefined property: class@anonymous::$insert_id in D:\meowseo\tests\properties\Property14RedirectMatchingCorrectnessTest.php on line 558

Warning: Undefined property: class@anonymous::$insert_id in D:\meowseo\tests\properties\Property14RedirectMatchingCorrectnessTest.php on line 558

Warning: Undefined property: class@anonymous::$insert_id in D:\meowseo\tests\properties\Property14RedirectMatchingCorrectnessTest.php on line 558

Warning: Undefined property: class@anonymous::$insert_id in D:\meowseo\tests\properties\Property14RedirectMatchingCorrectnessTest.php on line 558

Warning: Undefined property: class@anonymous::$insert_id in D:\meowseo\tests\properties\Property14RedirectMatchingCorrectnessTest.php on line 558

Warning: Undefined property: class@anonymous::$insert_id in D:\meowseo\tests\properties\Property14RedirectMatchingCorrectnessTest.php on line 558

Warning: Undefined property: class@anonymous::$insert_id in D:\meowseo\tests\properties\Property14RedirectMatchingCorrectnessTest.php on line 558

Warning: Undefined property: class@anonymous::$insert_id in D:\meowseo\tests\properties\Property14RedirectMatchingCorrectnessTest.php on line 558

Warning: Undefined property: class@anonymous::$insert_id in D:\meowseo\tests\properties\Property14RedirectMatchingCorrectnessTest.php on line 558

Warning: Undefined property: class@anonymous::$insert_id in D:\meowseo\tests\properties\Property14RedirectMatchingCorrectnessTest.php on line 558

Warning: Undefined property: class@anonymous::$insert_id in D:\meowseo\tests\properties\Property14RedirectMatchingCorrectnessTest.php on line 558

Warning: Undefined property: class@anonymous::$insert_id in D:\meowseo\tests\properties\Property14RedirectMatchingCorrectnessTest.php on line 558

Warning: Undefined property: class@anonymous::$insert_id in D:\meowseo\tests\properties\Property14RedirectMatchingCorrectnessTest.php on line 558

Warning: Undefined property: class@anonymous::$insert_id in D:\meowseo\tests\properties\Property14RedirectMatchingCorrectnessTest.php on line 558

Warning: Undefined property: class@anonymous::$insert_id in D:\meowseo\tests\properties\Property14RedirectMatchingCorrectnessTest.php on line 558

Warning: Undefined property: class@anonymous::$insert_id in D:\meowseo\tests\properties\Property14RedirectMatchingCorrectnessTest.php on line 558

Warning: Undefined property: class@anonymous::$insert_id in D:\meowseo\tests\properties\Property14RedirectMatchingCorrectnessTest.php on line 558

Warning: Undefined property: class@anonymous::$insert_id in D:\meowseo\tests\properties\Property14RedirectMatchingCorrectnessTest.php on line 558

Warning: Undefined property: class@anonymous::$insert_id in D:\meowseo\tests\properties\Property14RedirectMatchingCorrectnessTest.php on line 558

Warning: Undefined property: class@anonymous::$insert_id in D:\meowseo\tests\properties\Property14RedirectMatchingCorrectnessTest.php on line 558

Warning: Undefined property: class@anonymous::$insert_id in D:\meowseo\tests\properties\Property14RedirectMatchingCorrectnessTest.php on line 558

Warning: Undefined property: class@anonymous::$insert_id in D:\meowseo\tests\properties\Property14RedirectMatchingCorrectnessTest.php on line 558

Warning: Undefined property: class@anonymous::$insert_id in D:\meowseo\tests\properties\Property14RedirectMatchingCorrectnessTest.php on line 558

Warning: Undefined property: class@anonymous::$insert_id in D:\meowseo\tests\properties\Property14RedirectMatchingCorrectnessTest.php on line 558

Warning: Undefined property: class@anonymous::$insert_id in D:\meowseo\tests\properties\Property14RedirectMatchingCorrectnessTest.php on line 558

Warning: Undefined property: class@anonymous::$insert_id in D:\meowseo\tests\properties\Property14RedirectMatchingCorrectnessTest.php on line 558

Warning: Undefined property: class@anonymous::$insert_id in D:\meowseo\tests\properties\Property14RedirectMatchingCorrectnessTest.php on line 558

Warning: Undefined property: class@anonymous::$insert_id in D:\meowseo\tests\properties\Property14RedirectMatchingCorrectnessTest.php on line 558

Warning: Undefined property: class@anonymous::$insert_id in D:\meowseo\tests\properties\Property14RedirectMatchingCorrectnessTest.php on line 558

Warning: Undefined property: class@anonymous::$insert_id in D:\meowseo\tests\properties\Property14RedirectMatchingCorrectnessTest.php on line 558

Warning: Undefined property: class@anonymous::$insert_id in D:\meowseo\tests\properties\Property14RedirectMatchingCorrectnessTest.php on line 558

Warning: Undefined property: class@anonymous::$insert_id in D:\meowseo\tests\properties\Property14RedirectMatchingCorrectnessTest.php on line 558

Warning: Undefined property: class@anonymous::$insert_id in D:\meowseo\tests\properties\Property14RedirectMatchingCorrectnessTest.php on line 558

Warning: Undefined property: class@anonymous::$insert_id in D:\meowseo\tests\properties\Property14RedirectMatchingCorrectnessTest.php on line 558

Warning: Undefined property: class@anonymous::$insert_id in D:\meowseo\tests\properties\Property14RedirectMatchingCorrectnessTest.php on line 558

Warning: Undefined property: class@anonymous::$insert_id in D:\meowseo\tests\properties\Property14RedirectMatchingCorrectnessTest.php on line 558

Warning: Undefined property: class@anonymous::$insert_id in D:\meowseo\tests\properties\Property14RedirectMatchingCorrectnessTest.php on line 558

Warning: Undefined property: class@anonymous::$insert_id in D:\meowseo\tests\properties\Property14RedirectMatchingCorrectnessTest.php on line 558

Warning: Undefined property: class@anonymous::$insert_id in D:\meowseo\tests\properties\Property14RedirectMatchingCorrectnessTest.php on line 558

Warning: Undefined property: class@anonymous::$insert_id in D:\meowseo\tests\properties\Property14RedirectMatchingCorrectnessTest.php on line 558

Warning: Undefined property: class@anonymous::$insert_id in D:\meowseo\tests\properties\Property14RedirectMatchingCorrectnessTest.php on line 558

Warning: Undefined property: class@anonymous::$insert_id in D:\meowseo\tests\properties\Property14RedirectMatchingCorrectnessTest.php on line 558

Warning: Undefined property: class@anonymous::$insert_id in D:\meowseo\tests\properties\Property14RedirectMatchingCorrectnessTest.php on line 558

Warning: Undefined property: class@anonymous::$insert_id in D:\meowseo\tests\properties\Property14RedirectMatchingCorrectnessTest.php on line 558

Warning: Undefined property: class@anonymous::$insert_id in D:\meowseo\tests\properties\Property14RedirectMatchingCorrectnessTest.php on line 558

Warning: Undefined property: class@anonymous::$insert_id in D:\meowseo\tests\properties\Property14RedirectMatchingCorrectnessTest.php on line 558

Warning: Undefined property: class@anonymous::$insert_id in D:\meowseo\tests\properties\Property14RedirectMatchingCorrectnessTest.php on line 558

Warning: Undefined property: class@anonymous::$insert_id in D:\meowseo\tests\properties\Property14RedirectMatchingCorrectnessTest.php on line 558

Warning: Undefined property: class@anonymous::$insert_id in D:\meowseo\tests\properties\Property14RedirectMatchingCorrectnessTest.php on line 558

Warning: Undefined property: class@anonymous::$insert_id in D:\meowseo\tests\properties\Property14RedirectMatchingCorrectnessTest.php on line 558

Warning: Undefined property: class@anonymous::$insert_id in D:\meowseo\tests\properties\Property14RedirectMatchingCorrectnessTest.php on line 558

Warning: Undefined property: class@anonymous::$insert_id in D:\meowseo\tests\properties\Property14RedirectMatchingCorrectnessTest.php on line 558

Warning: Undefined property: class@anonymous::$insert_id in D:\meowseo\tests\properties\Property14RedirectMatchingCorrectnessTest.php on line 558

Warning: Undefined property: class@anonymous::$insert_id in D:\meowseo\tests\properties\Property14RedirectMatchingCorrectnessTest.php on line 558

Warning: Undefined property: class@anonymous::$insert_id in D:\meowseo\tests\properties\Property14RedirectMatchingCorrectnessTest.php on line 558

Warning: Undefined property: class@anonymous::$insert_id in D:\meowseo\tests\properties\Property14RedirectMatchingCorrectnessTest.php on line 558

Warning: Undefined property: class@anonymous::$insert_id in D:\meowseo\tests\properties\Property14RedirectMatchingCorrectnessTest.php on line 558

Warning: Undefined property: class@anonymous::$insert_id in D:\meowseo\tests\properties\Property14RedirectMatchingCorrectnessTest.php on line 558

Warning: Undefined property: class@anonymous::$insert_id in D:\meowseo\tests\properties\Property14RedirectMatchingCorrectnessTest.php on line 558

Warning: Undefined property: class@anonymous::$insert_id in D:\meowseo\tests\properties\Property14RedirectMatchingCorrectnessTest.php on line 558

Warning: Undefined property: class@anonymous::$insert_id in D:\meowseo\tests\properties\Property14RedirectMatchingCorrectnessTest.php on line 558

Warning: Undefined property: class@anonymous::$insert_id in D:\meowseo\tests\properties\Property14RedirectMatchingCorrectnessTest.php on line 558

Warning: Undefined property: class@anonymous::$insert_id in D:\meowseo\tests\properties\Property14RedirectMatchingCorrectnessTest.php on line 558

Warning: Undefined property: class@anonymous::$insert_id in D:\meowseo\tests\properties\Property14RedirectMatchingCorrectnessTest.php on line 558

Warning: Undefined property: class@anonymous::$insert_id in D:\meowseo\tests\properties\Property14RedirectMatchingCorrectnessTest.php on line 558

Warning: Undefined property: class@anonymous::$insert_id in D:\meowseo\tests\properties\Property14RedirectMatchingCorrectnessTest.php on line 558

Warning: Undefined property: class@anonymous::$insert_id in D:\meowseo\tests\properties\Property14RedirectMatchingCorrectnessTest.php on line 558

Warning: Undefined property: class@anonymous::$insert_id in D:\meowseo\tests\properties\Property14RedirectMatchingCorrectnessTest.php on line 558

Warning: Undefined property: class@anonymous::$insert_id in D:\meowseo\tests\properties\Property14RedirectMatchingCorrectnessTest.php on line 558

Warning: Undefined property: class@anonymous::$insert_id in D:\meowseo\tests\properties\Property14RedirectMatchingCorrectnessTest.php on line 558

Warning: Undefined property: class@anonymous::$insert_id in D:\meowseo\tests\properties\Property14RedirectMatchingCorrectnessTest.php on line 558

Warning: Undefined property: class@anonymous::$insert_id in D:\meowseo\tests\properties\Property14RedirectMatchingCorrectnessTest.php on line 558

Warning: Undefined property: class@anonymous::$insert_id in D:\meowseo\tests\properties\Property14RedirectMatchingCorrectnessTest.php on line 558

Warning: Undefined property: class@anonymous::$insert_id in D:\meowseo\tests\properties\Property14RedirectMatchingCorrectnessTest.php on line 558

Warning: Undefined property: class@anonymous::$insert_id in D:\meowseo\tests\properties\Property14RedirectMatchingCorrectnessTest.php on line 558

Warning: Undefined property: class@anonymous::$insert_id in D:\meowseo\tests\properties\Property14RedirectMatchingCorrectnessTest.php on line 558

Warning: Undefined property: class@anonymous::$insert_id in D:\meowseo\tests\properties\Property14RedirectMatchingCorrectnessTest.php on line 558

Warning: Undefined property: class@anonymous::$insert_id in D:\meowseo\tests\properties\Property14RedirectMatchingCorrectnessTest.php on line 558

Warning: Undefined property: class@anonymous::$insert_id in D:\meowseo\tests\properties\Property14RedirectMatchingCorrectnessTest.php on line 558

Warning: Undefined property: class@anonymous::$insert_id in D:\meowseo\tests\properties\Property14RedirectMatchingCorrectnessTest.php on line 558

3) MeowSEO\Tests\Property14RedirectMatchingCorrectnessTest::test_no_unnecessary_rules_loaded
Test code or tested code printed unexpected output: 
Warning: Undefined property: class@anonymous::$insert_id in D:\meowseo\tests\properties\Property14RedirectMatchingCorrectnessTest.php on line 558

Warning: Undefined property: class@anonymous::$insert_id in D:\meowseo\tests\properties\Property14RedirectMatchingCorrectnessTest.php on line 558

Warning: Undefined property: class@anonymous::$insert_id in D:\meowseo\tests\properties\Property14RedirectMatchingCorrectnessTest.php on line 558

Warning: Undefined property: class@anonymous::$insert_id in D:\meowseo\tests\properties\Property14RedirectMatchingCorrectnessTest.php on line 558

Warning: Undefined property: class@anonymous::$insert_id in D:\meowseo\tests\properties\Property14RedirectMatchingCorrectnessTest.php on line 558

Warning: Undefined property: class@anonymous::$insert_id in D:\meowseo\tests\properties\Property14RedirectMatchingCorrectnessTest.php on line 558

Warning: Undefined property: class@anonymous::$insert_id in D:\meowseo\tests\properties\Property14RedirectMatchingCorrectnessTest.php on line 558

Warning: Undefined property: class@anonymous::$insert_id in D:\meowseo\tests\properties\Property14RedirectMatchingCorrectnessTest.php on line 558

Warning: Undefined property: class@anonymous::$insert_id in D:\meowseo\tests\properties\Property14RedirectMatchingCorrectnessTest.php on line 558

Warning: Undefined property: class@anonymous::$insert_id in D:\meowseo\tests\properties\Property14RedirectMatchingCorrectnessTest.php on line 558

Warning: Undefined property: class@anonymous::$insert_id in D:\meowseo\tests\properties\Property14RedirectMatchingCorrectnessTest.php on line 558

Warning: Undefined property: class@anonymous::$insert_id in D:\meowseo\tests\properties\Property14RedirectMatchingCorrectnessTest.php on line 558

Warning: Undefined property: class@anonymous::$insert_id in D:\meowseo\tests\properties\Property14RedirectMatchingCorrectnessTest.php on line 558

Warning: Undefined property: class@anonymous::$insert_id in D:\meowseo\tests\properties\Property14RedirectMatchingCorrectnessTest.php on line 558

Warning: Undefined property: class@anonymous::$insert_id in D:\meowseo\tests\properties\Property14RedirectMatchingCorrectnessTest.php on line 558

Warning: Undefined property: class@anonymous::$insert_id in D:\meowseo\tests\properties\Property14RedirectMatchingCorrectnessTest.php on line 558

Warning: Undefined property: class@anonymous::$insert_id in D:\meowseo\tests\properties\Property14RedirectMatchingCorrectnessTest.php on line 558

Warning: Undefined property: class@anonymous::$insert_id in D:\meowseo\tests\properties\Property14RedirectMatchingCorrectnessTest.php on line 558

Warning: Undefined property: class@anonymous::$insert_id in D:\meowseo\tests\properties\Property14RedirectMatchingCorrectnessTest.php on line 558

Warning: Undefined property: class@anonymous::$insert_id in D:\meowseo\tests\properties\Property14RedirectMatchingCorrectnessTest.php on line 558

Warning: Undefined property: class@anonymous::$insert_id in D:\meowseo\tests\properties\Property14RedirectMatchingCorrectnessTest.php on line 558

Warning: Undefined property: class@anonymous::$insert_id in D:\meowseo\tests\properties\Property14RedirectMatchingCorrectnessTest.php on line 558

Warning: Undefined property: class@anonymous::$insert_id in D:\meowseo\tests\properties\Property14RedirectMatchingCorrectnessTest.php on line 558

Warning: Undefined property: class@anonymous::$insert_id in D:\meowseo\tests\properties\Property14RedirectMatchingCorrectnessTest.php on line 558

Warning: Undefined property: class@anonymous::$insert_id in D:\meowseo\tests\properties\Property14RedirectMatchingCorrectnessTest.php on line 558

Warning: Undefined property: class@anonymous::$insert_id in D:\meowseo\tests\properties\Property14RedirectMatchingCorrectnessTest.php on line 558

Warning: Undefined property: class@anonymous::$insert_id in D:\meowseo\tests\properties\Property14RedirectMatchingCorrectnessTest.php on line 558

Warning: Undefined property: class@anonymous::$insert_id in D:\meowseo\tests\properties\Property14RedirectMatchingCorrectnessTest.php on line 558

Warning: Undefined property: class@anonymous::$insert_id in D:\meowseo\tests\properties\Property14RedirectMatchingCorrectnessTest.php on line 558

Warning: Undefined property: class@anonymous::$insert_id in D:\meowseo\tests\properties\Property14RedirectMatchingCorrectnessTest.php on line 558

Warning: Undefined property: class@anonymous::$insert_id in D:\meowseo\tests\properties\Property14RedirectMatchingCorrectnessTest.php on line 558

Warning: Undefined property: class@anonymous::$insert_id in D:\meowseo\tests\properties\Property14RedirectMatchingCorrectnessTest.php on line 558

Warning: Undefined property: class@anonymous::$insert_id in D:\meowseo\tests\properties\Property14RedirectMatchingCorrectnessTest.php on line 558

Warning: Undefined property: class@anonymous::$insert_id in D:\meowseo\tests\properties\Property14RedirectMatchingCorrectnessTest.php on line 558

Warning: Undefined property: class@anonymous::$insert_id in D:\meowseo\tests\properties\Property14RedirectMatchingCorrectnessTest.php on line 558

Warning: Undefined property: class@anonymous::$insert_id in D:\meowseo\tests\properties\Property14RedirectMatchingCorrectnessTest.php on line 558

Warning: Undefined property: class@anonymous::$insert_id in D:\meowseo\tests\properties\Property14RedirectMatchingCorrectnessTest.php on line 558

Warning: Undefined property: class@anonymous::$insert_id in D:\meowseo\tests\properties\Property14RedirectMatchingCorrectnessTest.php on line 558

Warning: Undefined property: class@anonymous::$insert_id in D:\meowseo\tests\properties\Property14RedirectMatchingCorrectnessTest.php on line 558

Warning: Undefined property: class@anonymous::$insert_id in D:\meowseo\tests\properties\Property14RedirectMatchingCorrectnessTest.php on line 558

Warning: Undefined property: class@anonymous::$insert_id in D:\meowseo\tests\properties\Property14RedirectMatchingCorrectnessTest.php on line 558

Warning: Undefined property: class@anonymous::$insert_id in D:\meowseo\tests\properties\Property14RedirectMatchingCorrectnessTest.php on line 558

Warning: Undefined property: class@anonymous::$insert_id in D:\meowseo\tests\properties\Property14RedirectMatchingCorrectnessTest.php on line 558

Warning: Undefined property: class@anonymous::$insert_id in D:\meowseo\tests\properties\Property14RedirectMatchingCorrectnessTest.php on line 558

Warning: Undefined property: class@anonymous::$insert_id in D:\meowseo\tests\properties\Property14RedirectMatchingCorrectnessTest.php on line 558

Warning: Undefined property: class@anonymous::$insert_id in D:\meowseo\tests\properties\Property14RedirectMatchingCorrectnessTest.php on line 558

Warning: Undefined property: class@anonymous::$insert_id in D:\meowseo\tests\properties\Property14RedirectMatchingCorrectnessTest.php on line 558

Warning: Undefined property: class@anonymous::$insert_id in D:\meowseo\tests\properties\Property14RedirectMatchingCorrectnessTest.php on line 558

Warning: Undefined property: class@anonymous::$insert_id in D:\meowseo\tests\properties\Property14RedirectMatchingCorrectnessTest.php on line 558

Warning: Undefined property: class@anonymous::$insert_id in D:\meowseo\tests\properties\Property14RedirectMatchingCorrectnessTest.php on line 558

Warning: Undefined property: class@anonymous::$insert_id in D:\meowseo\tests\properties\Property14RedirectMatchingCorrectnessTest.php on line 558

Warning: Undefined property: class@anonymous::$insert_id in D:\meowseo\tests\properties\Property14RedirectMatchingCorrectnessTest.php on line 558

Warning: Undefined property: class@anonymous::$insert_id in D:\meowseo\tests\properties\Property14RedirectMatchingCorrectnessTest.php on line 558

Warning: Undefined property: class@anonymous::$insert_id in D:\meowseo\tests\properties\Property14RedirectMatchingCorrectnessTest.php on line 558

Warning: Undefined property: class@anonymous::$insert_id in D:\meowseo\tests\properties\Property14RedirectMatchingCorrectnessTest.php on line 558

Warning: Undefined property: class@anonymous::$insert_id in D:\meowseo\tests\properties\Property14RedirectMatchingCorrectnessTest.php on line 558

Warning: Undefined property: class@anonymous::$insert_id in D:\meowseo\tests\properties\Property14RedirectMatchingCorrectnessTest.php on line 558

Warning: Undefined property: class@anonymous::$insert_id in D:\meowseo\tests\properties\Property14RedirectMatchingCorrectnessTest.php on line 558

Warning: Undefined property: class@anonymous::$insert_id in D:\meowseo\tests\properties\Property14RedirectMatchingCorrectnessTest.php on line 558

Warning: Undefined property: class@anonymous::$insert_id in D:\meowseo\tests\properties\Property14RedirectMatchingCorrectnessTest.php on line 558

Warning: Undefined property: class@anonymous::$insert_id in D:\meowseo\tests\properties\Property14RedirectMatchingCorrectnessTest.php on line 558

Warning: Undefined property: class@anonymous::$insert_id in D:\meowseo\tests\properties\Property14RedirectMatchingCorrectnessTest.php on line 558

Warning: Undefined property: class@anonymous::$insert_id in D:\meowseo\tests\properties\Property14RedirectMatchingCorrectnessTest.php on line 558

Warning: Undefined property: class@anonymous::$insert_id in D:\meowseo\tests\properties\Property14RedirectMatchingCorrectnessTest.php on line 558

Warning: Undefined property: class@anonymous::$insert_id in D:\meowseo\tests\properties\Property14RedirectMatchingCorrectnessTest.php on line 558

Warning: Undefined property: class@anonymous::$insert_id in D:\meowseo\tests\properties\Property14RedirectMatchingCorrectnessTest.php on line 558

Warning: Undefined property: class@anonymous::$insert_id in D:\meowseo\tests\properties\Property14RedirectMatchingCorrectnessTest.php on line 558

Warning: Undefined property: class@anonymous::$insert_id in D:\meowseo\tests\properties\Property14RedirectMatchingCorrectnessTest.php on line 558

Warning: Undefined property: class@anonymous::$insert_id in D:\meowseo\tests\properties\Property14RedirectMatchingCorrectnessTest.php on line 558

Warning: Undefined property: class@anonymous::$insert_id in D:\meowseo\tests\properties\Property14RedirectMatchingCorrectnessTest.php on line 558

Warning: Undefined property: class@anonymous::$insert_id in D:\meowseo\tests\properties\Property14RedirectMatchingCorrectnessTest.php on line 558

Warning: Undefined property: class@anonymous::$insert_id in D:\meowseo\tests\properties\Property14RedirectMatchingCorrectnessTest.php on line 558

Warning: Undefined property: class@anonymous::$insert_id in D:\meowseo\tests\properties\Property14RedirectMatchingCorrectnessTest.php on line 558

Warning: Undefined property: class@anonymous::$insert_id in D:\meowseo\tests\properties\Property14RedirectMatchingCorrectnessTest.php on line 558

Warning: Undefined property: class@anonymous::$insert_id in D:\meowseo\tests\properties\Property14RedirectMatchingCorrectnessTest.php on line 558

Warning: Undefined property: class@anonymous::$insert_id in D:\meowseo\tests\properties\Property14RedirectMatchingCorrectnessTest.php on line 558

Warning: Undefined property: class@anonymous::$insert_id in D:\meowseo\tests\properties\Property14RedirectMatchingCorrectnessTest.php on line 558

Warning: Undefined property: class@anonymous::$insert_id in D:\meowseo\tests\properties\Property14RedirectMatchingCorrectnessTest.php on line 558

Warning: Undefined property: class@anonymous::$insert_id in D:\meowseo\tests\properties\Property14RedirectMatchingCorrectnessTest.php on line 558

Warning: Undefined property: class@anonymous::$insert_id in D:\meowseo\tests\properties\Property14RedirectMatchingCorrectnessTest.php on line 558

Warning: Undefined property: class@anonymous::$insert_id in D:\meowseo\tests\properties\Property14RedirectMatchingCorrectnessTest.php on line 558

Warning: Undefined property: class@anonymous::$insert_id in D:\meowseo\tests\properties\Property14RedirectMatchingCorrectnessTest.php on line 558

Warning: Undefined property: class@anonymous::$insert_id in D:\meowseo\tests\properties\Property14RedirectMatchingCorrectnessTest.php on line 558

Warning: Undefined property: class@anonymous::$insert_id in D:\meowseo\tests\properties\Property14RedirectMatchingCorrectnessTest.php on line 558

Warning: Undefined property: class@anonymous::$insert_id in D:\meowseo\tests\properties\Property14RedirectMatchingCorrectnessTest.php on line 558

Warning: Undefined property: class@anonymous::$insert_id in D:\meowseo\tests\properties\Property14RedirectMatchingCorrectnessTest.php on line 558

Warning: Undefined property: class@anonymous::$insert_id in D:\meowseo\tests\properties\Property14RedirectMatchingCorrectnessTest.php on line 558

Warning: Undefined property: class@anonymous::$insert_id in D:\meowseo\tests\properties\Property14RedirectMatchingCorrectnessTest.php on line 558

Warning: Undefined property: class@anonymous::$insert_id in D:\meowseo\tests\properties\Property14RedirectMatchingCorrectnessTest.php on line 558

Warning: Undefined property: class@anonymous::$insert_id in D:\meowseo\tests\properties\Property14RedirectMatchingCorrectnessTest.php on line 558

Warning: Undefined property: class@anonymous::$insert_id in D:\meowseo\tests\properties\Property14RedirectMatchingCorrectnessTest.php on line 558

Warning: Undefined property: class@anonymous::$insert_id in D:\meowseo\tests\properties\Property14RedirectMatchingCorrectnessTest.php on line 558

Warning: Undefined property: class@anonymous::$insert_id in D:\meowseo\tests\properties\Property14RedirectMatchingCorrectnessTest.php on line 558

Warning: Undefined property: class@anonymous::$insert_id in D:\meowseo\tests\properties\Property14RedirectMatchingCorrectnessTest.php on line 558

Warning: Undefined property: class@anonymous::$insert_id in D:\meowseo\tests\properties\Property14RedirectMatchingCorrectnessTest.php on line 558

Warning: Undefined property: class@anonymous::$insert_id in D:\meowseo\tests\properties\Property14RedirectMatchingCorrectnessTest.php on line 558

Warning: Undefined property: class@anonymous::$insert_id in D:\meowseo\tests\properties\Property14RedirectMatchingCorrectnessTest.php on line 558

Warning: Undefined property: class@anonymous::$insert_id in D:\meowseo\tests\properties\Property14RedirectMatchingCorrectnessTest.php on line 558

Warning: Undefined property: class@anonymous::$insert_id in D:\meowseo\tests\properties\Property14RedirectMatchingCorrectnessTest.php on line 558

Warning: Undefined property: class@anonymous::$insert_id in D:\meowseo\tests\properties\Property14RedirectMatchingCorrectnessTest.php on line 558

Warning: Undefined property: class@anonymous::$insert_id in D:\meowseo\tests\properties\Property14RedirectMatchingCorrectnessTest.php on line 558

Warning: Undefined property: class@anonymous::$insert_id in D:\meowseo\tests\properties\Property14RedirectMatchingCorrectnessTest.php on line 558

Warning: Undefined property: class@anonymous::$insert_id in D:\meowseo\tests\properties\Property14RedirectMatchingCorrectnessTest.php on line 558

Warning: Undefined property: class@anonymous::$insert_id in D:\meowseo\tests\properties\Property14RedirectMatchingCorrectnessTest.php on line 558

Warning: Undefined property: class@anonymous::$insert_id in D:\meowseo\tests\properties\Property14RedirectMatchingCorrectnessTest.php on line 558

Warning: Undefined property: class@anonymous::$insert_id in D:\meowseo\tests\properties\Property14RedirectMatchingCorrectnessTest.php on line 558

Warning: Undefined property: class@anonymous::$insert_id in D:\meowseo\tests\properties\Property14RedirectMatchingCorrectnessTest.php on line 558

Warning: Undefined property: class@anonymous::$insert_id in D:\meowseo\tests\properties\Property14RedirectMatchingCorrectnessTest.php on line 558

Warning: Undefined property: class@anonymous::$insert_id in D:\meowseo\tests\properties\Property14RedirectMatchingCorrectnessTest.php on line 558

Warning: Undefined property: class@anonymous::$insert_id in D:\meowseo\tests\properties\Property14RedirectMatchingCorrectnessTest.php on line 558

Warning: Undefined property: class@anonymous::$insert_id in D:\meowseo\tests\properties\Property14RedirectMatchingCorrectnessTest.php on line 558

Warning: Undefined property: class@anonymous::$insert_id in D:\meowseo\tests\properties\Property14RedirectMatchingCorrectnessTest.php on line 558

Warning: Undefined property: class@anonymous::$insert_id in D:\meowseo\tests\properties\Property14RedirectMatchingCorrectnessTest.php on line 558

Warning: Undefined property: class@anonymous::$insert_id in D:\meowseo\tests\properties\Property14RedirectMatchingCorrectnessTest.php on line 558

Warning: Undefined property: class@anonymous::$insert_id in D:\meowseo\tests\properties\Property14RedirectMatchingCorrectnessTest.php on line 558

Warning: Undefined property: class@anonymous::$insert_id in D:\meowseo\tests\properties\Property14RedirectMatchingCorrectnessTest.php on line 558

Warning: Undefined property: class@anonymous::$insert_id in D:\meowseo\tests\properties\Property14RedirectMatchingCorrectnessTest.php on line 558

Warning: Undefined property: class@anonymous::$insert_id in D:\meowseo\tests\properties\Property14RedirectMatchingCorrectnessTest.php on line 558

Warning: Undefined property: class@anonymous::$insert_id in D:\meowseo\tests\properties\Property14RedirectMatchingCorrectnessTest.php on line 558

Warning: Undefined property: class@anonymous::$insert_id in D:\meowseo\tests\properties\Property14RedirectMatchingCorrectnessTest.php on line 558

Warning: Undefined property: class@anonymous::$insert_id in D:\meowseo\tests\properties\Property14RedirectMatchingCorrectnessTest.php on line 558

Warning: Undefined property: class@anonymous::$insert_id in D:\meowseo\tests\properties\Property14RedirectMatchingCorrectnessTest.php on line 558

Warning: Undefined property: class@anonymous::$insert_id in D:\meowseo\tests\properties\Property14RedirectMatchingCorrectnessTest.php on line 558

Warning: Undefined property: class@anonymous::$insert_id in D:\meowseo\tests\properties\Property14RedirectMatchingCorrectnessTest.php on line 558

Warning: Undefined property: class@anonymous::$insert_id in D:\meowseo\tests\properties\Property14RedirectMatchingCorrectnessTest.php on line 558

Warning: Undefined property: class@anonymous::$insert_id in D:\meowseo\tests\properties\Property14RedirectMatchingCorrectnessTest.php on line 558

Warning: Undefined property: class@anonymous::$insert_id in D:\meowseo\tests\properties\Property14RedirectMatchingCorrectnessTest.php on line 558

Warning: Undefined property: class@anonymous::$insert_id in D:\meowseo\tests\properties\Property14RedirectMatchingCorrectnessTest.php on line 558

Warning: Undefined property: class@anonymous::$insert_id in D:\meowseo\tests\properties\Property14RedirectMatchingCorrectnessTest.php on line 558

Warning: Undefined property: class@anonymous::$insert_id in D:\meowseo\tests\properties\Property14RedirectMatchingCorrectnessTest.php on line 558

Warning: Undefined property: class@anonymous::$insert_id in D:\meowseo\tests\properties\Property14RedirectMatchingCorrectnessTest.php on line 558

Warning: Undefined property: class@anonymous::$insert_id in D:\meowseo\tests\properties\Property14RedirectMatchingCorrectnessTest.php on line 558

Warning: Undefined property: class@anonymous::$insert_id in D:\meowseo\tests\properties\Property14RedirectMatchingCorrectnessTest.php on line 558

Warning: Undefined property: class@anonymous::$insert_id in D:\meowseo\tests\properties\Property14RedirectMatchingCorrectnessTest.php on line 558

Warning: Undefined property: class@anonymous::$insert_id in D:\meowseo\tests\properties\Property14RedirectMatchingCorrectnessTest.php on line 558

Warning: Undefined property: class@anonymous::$insert_id in D:\meowseo\tests\properties\Property14RedirectMatchingCorrectnessTest.php on line 558

Warning: Undefined property: class@anonymous::$insert_id in D:\meowseo\tests\properties\Property14RedirectMatchingCorrectnessTest.php on line 558

Warning: Undefined property: class@anonymous::$insert_id in D:\meowseo\tests\properties\Property14RedirectMatchingCorrectnessTest.php on line 558

Warning: Undefined property: class@anonymous::$insert_id in D:\meowseo\tests\properties\Property14RedirectMatchingCorrectnessTest.php on line 558

Warning: Undefined property: class@anonymous::$insert_id in D:\meowseo\tests\properties\Property14RedirectMatchingCorrectnessTest.php on line 558

Warning: Undefined property: class@anonymous::$insert_id in D:\meowseo\tests\properties\Property14RedirectMatchingCorrectnessTest.php on line 558

Warning: Undefined property: class@anonymous::$insert_id in D:\meowseo\tests\properties\Property14RedirectMatchingCorrectnessTest.php on line 558

Warning: Undefined property: class@anonymous::$insert_id in D:\meowseo\tests\properties\Property14RedirectMatchingCorrectnessTest.php on line 558

Warning: Undefined property: class@anonymous::$insert_id in D:\meowseo\tests\properties\Property14RedirectMatchingCorrectnessTest.php on line 558

Warning: Undefined property: class@anonymous::$insert_id in D:\meowseo\tests\properties\Property14RedirectMatchingCorrectnessTest.php on line 558

Warning: Undefined property: class@anonymous::$insert_id in D:\meowseo\tests\properties\Property14RedirectMatchingCorrectnessTest.php on line 558

Warning: Undefined property: class@anonymous::$insert_id in D:\meowseo\tests\properties\Property14RedirectMatchingCorrectnessTest.php on line 558

Warning: Undefined property: class@anonymous::$insert_id in D:\meowseo\tests\properties\Property14RedirectMatchingCorrectnessTest.php on line 558

Warning: Undefined property: class@anonymous::$insert_id in D:\meowseo\tests\properties\Property14RedirectMatchingCorrectnessTest.php on line 558

Warning: Undefined property: class@anonymous::$insert_id in D:\meowseo\tests\properties\Property14RedirectMatchingCorrectnessTest.php on line 558

Warning: Undefined property: class@anonymous::$insert_id in D:\meowseo\tests\properties\Property14RedirectMatchingCorrectnessTest.php on line 558

Warning: Undefined property: class@anonymous::$insert_id in D:\meowseo\tests\properties\Property14RedirectMatchingCorrectnessTest.php on line 558

Warning: Undefined property: class@anonymous::$insert_id in D:\meowseo\tests\properties\Property14RedirectMatchingCorrectnessTest.php on line 558

Warning: Undefined property: class@anonymous::$insert_id in D:\meowseo\tests\properties\Property14RedirectMatchingCorrectnessTest.php on line 558

Warning: Undefined property: class@anonymous::$insert_id in D:\meowseo\tests\properties\Property14RedirectMatchingCorrectnessTest.php on line 558

Warning: Undefined property: class@anonymous::$insert_id in D:\meowseo\tests\properties\Property14RedirectMatchingCorrectnessTest.php on line 558

Warning: Undefined property: class@anonymous::$insert_id in D:\meowseo\tests\properties\Property14RedirectMatchingCorrectnessTest.php on line 558

Warning: Undefined property: class@anonymous::$insert_id in D:\meowseo\tests\properties\Property14RedirectMatchingCorrectnessTest.php on line 558

Warning: Undefined property: class@anonymous::$insert_id in D:\meowseo\tests\properties\Property14RedirectMatchingCorrectnessTest.php on line 558

Warning: Undefined property: class@anonymous::$insert_id in D:\meowseo\tests\properties\Property14RedirectMatchingCorrectnessTest.php on line 558

Warning: Undefined property: class@anonymous::$insert_id in D:\meowseo\tests\properties\Property14RedirectMatchingCorrectnessTest.php on line 558

Warning: Undefined property: class@anonymous::$insert_id in D:\meowseo\tests\properties\Property14RedirectMatchingCorrectnessTest.php on line 558

Warning: Undefined property: class@anonymous::$insert_id in D:\meowseo\tests\properties\Property14RedirectMatchingCorrectnessTest.php on line 558

Warning: Undefined property: class@anonymous::$insert_id in D:\meowseo\tests\properties\Property14RedirectMatchingCorrectnessTest.php on line 558

Warning: Undefined property: class@anonymous::$insert_id in D:\meowseo\tests\properties\Property14RedirectMatchingCorrectnessTest.php on line 558

Warning: Undefined property: class@anonymous::$insert_id in D:\meowseo\tests\properties\Property14RedirectMatchingCorrectnessTest.php on line 558

Warning: Undefined property: class@anonymous::$insert_id in D:\meowseo\tests\properties\Property14RedirectMatchingCorrectnessTest.php on line 558

Warning: Undefined property: class@anonymous::$insert_id in D:\meowseo\tests\properties\Property14RedirectMatchingCorrectnessTest.php on line 558

Warning: Undefined property: class@anonymous::$insert_id in D:\meowseo\tests\properties\Property14RedirectMatchingCorrectnessTest.php on line 558

Warning: Undefined property: class@anonymous::$insert_id in D:\meowseo\tests\properties\Property14RedirectMatchingCorrectnessTest.php on line 558

Warning: Undefined property: class@anonymous::$insert_id in D:\meowseo\tests\properties\Property14RedirectMatchingCorrectnessTest.php on line 558

Warning: Undefined property: class@anonymous::$insert_id in D:\meowseo\tests\properties\Property14RedirectMatchingCorrectnessTest.php on line 558

Warning: Undefined property: class@anonymous::$insert_id in D:\meowseo\tests\properties\Property14RedirectMatchingCorrectnessTest.php on line 558

Warning: Undefined property: class@anonymous::$insert_id in D:\meowseo\tests\properties\Property14RedirectMatchingCorrectnessTest.php on line 558

Warning: Undefined property: class@anonymous::$insert_id in D:\meowseo\tests\properties\Property14RedirectMatchingCorrectnessTest.php on line 558

Warning: Undefined property: class@anonymous::$insert_id in D:\meowseo\tests\properties\Property14RedirectMatchingCorrectnessTest.php on line 558

Warning: Undefined property: class@anonymous::$insert_id in D:\meowseo\tests\properties\Property14RedirectMatchingCorrectnessTest.php on line 558

Warning: Undefined property: class@anonymous::$insert_id in D:\meowseo\tests\properties\Property14RedirectMatchingCorrectnessTest.php on line 558

Warning: Undefined property: class@anonymous::$insert_id in D:\meowseo\tests\properties\Property14RedirectMatchingCorrectnessTest.php on line 558

Warning: Undefined property: class@anonymous::$insert_id in D:\meowseo\tests\properties\Property14RedirectMatchingCorrectnessTest.php on line 558

Warning: Undefined property: class@anonymous::$insert_id in D:\meowseo\tests\properties\Property14RedirectMatchingCorrectnessTest.php on line 558

Warning: Undefined property: class@anonymous::$insert_id in D:\meowseo\tests\properties\Property14RedirectMatchingCorrectnessTest.php on line 558

Warning: Undefined property: class@anonymous::$insert_id in D:\meowseo\tests\properties\Property14RedirectMatchingCorrectnessTest.php on line 558

Warning: Undefined property: class@anonymous::$insert_id in D:\meowseo\tests\properties\Property14RedirectMatchingCorrectnessTest.php on line 558

Warning: Undefined property: class@anonymous::$insert_id in D:\meowseo\tests\properties\Property14RedirectMatchingCorrectnessTest.php on line 558

Warning: Undefined property: class@anonymous::$insert_id in D:\meowseo\tests\properties\Property14RedirectMatchingCorrectnessTest.php on line 558

Warning: Undefined property: class@anonymous::$insert_id in D:\meowseo\tests\properties\Property14RedirectMatchingCorrectnessTest.php on line 558

Warning: Undefined property: class@anonymous::$insert_id in D:\meowseo\tests\properties\Property14RedirectMatchingCorrectnessTest.php on line 558

Warning: Undefined property: class@anonymous::$insert_id in D:\meowseo\tests\properties\Property14RedirectMatchingCorrectnessTest.php on line 558

Warning: Undefined property: class@anonymous::$insert_id in D:\meowseo\tests\properties\Property14RedirectMatchingCorrectnessTest.php on line 558

Warning: Undefined property: class@anonymous::$insert_id in D:\meowseo\tests\properties\Property14RedirectMatchingCorrectnessTest.php on line 558

Warning: Undefined property: class@anonymous::$insert_id in D:\meowseo\tests\properties\Property14RedirectMatchingCorrectnessTest.php on line 558

Warning: Undefined property: class@anonymous::$insert_id in D:\meowseo\tests\properties\Property14RedirectMatchingCorrectnessTest.php on line 558

Warning: Undefined property: class@anonymous::$insert_id in D:\meowseo\tests\properties\Property14RedirectMatchingCorrectnessTest.php on line 558

Warning: Undefined property: class@anonymous::$insert_id in D:\meowseo\tests\properties\Property14RedirectMatchingCorrectnessTest.php on line 558

Warning: Undefined property: class@anonymous::$insert_id in D:\meowseo\tests\properties\Property14RedirectMatchingCorrectnessTest.php on line 558

Warning: Undefined property: class@anonymous::$insert_id in D:\meowseo\tests\properties\Property14RedirectMatchingCorrectnessTest.php on line 558

Warning: Undefined property: class@anonymous::$insert_id in D:\meowseo\tests\properties\Property14RedirectMatchingCorrectnessTest.php on line 558

Warning: Undefined property: class@anonymous::$insert_id in D:\meowseo\tests\properties\Property14RedirectMatchingCorrectnessTest.php on line 558

Warning: Undefined property: class@anonymous::$insert_id in D:\meowseo\tests\properties\Property14RedirectMatchingCorrectnessTest.php on line 558

Warning: Undefined property: class@anonymous::$insert_id in D:\meowseo\tests\properties\Property14RedirectMatchingCorrectnessTest.php on line 558

Warning: Undefined property: class@anonymous::$insert_id in D:\meowseo\tests\properties\Property14RedirectMatchingCorrectnessTest.php on line 558

Warning: Undefined property: class@anonymous::$insert_id in D:\meowseo\tests\properties\Property14RedirectMatchingCorrectnessTest.php on line 558

Warning: Undefined property: class@anonymous::$insert_id in D:\meowseo\tests\properties\Property14RedirectMatchingCorrectnessTest.php on line 558

Warning: Undefined property: class@anonymous::$insert_id in D:\meowseo\tests\properties\Property14RedirectMatchingCorrectnessTest.php on line 558

Warning: Undefined property: class@anonymous::$insert_id in D:\meowseo\tests\properties\Property14RedirectMatchingCorrectnessTest.php on line 558

Warning: Undefined property: class@anonymous::$insert_id in D:\meowseo\tests\properties\Property14RedirectMatchingCorrectnessTest.php on line 558

Warning: Undefined property: class@anonymous::$insert_id in D:\meowseo\tests\properties\Property14RedirectMatchingCorrectnessTest.php on line 558

Warning: Undefined property: class@anonymous::$insert_id in D:\meowseo\tests\properties\Property14RedirectMatchingCorrectnessTest.php on line 558

Warning: Undefined property: class@anonymous::$insert_id in D:\meowseo\tests\properties\Property14RedirectMatchingCorrectnessTest.php on line 558

Warning: Undefined property: class@anonymous::$insert_id in D:\meowseo\tests\properties\Property14RedirectMatchingCorrectnessTest.php on line 558

Warning: Undefined property: class@anonymous::$insert_id in D:\meowseo\tests\properties\Property14RedirectMatchingCorrectnessTest.php on line 558

Warning: Undefined property: class@anonymous::$insert_id in D:\meowseo\tests\properties\Property14RedirectMatchingCorrectnessTest.php on line 558

Warning: Undefined property: class@anonymous::$insert_id in D:\meowseo\tests\properties\Property14RedirectMatchingCorrectnessTest.php on line 558

Warning: Undefined property: class@anonymous::$insert_id in D:\meowseo\tests\properties\Property14RedirectMatchingCorrectnessTest.php on line 558

Warning: Undefined property: class@anonymous::$insert_id in D:\meowseo\tests\properties\Property14RedirectMatchingCorrectnessTest.php on line 558

Warning: Undefined property: class@anonymous::$insert_id in D:\meowseo\tests\properties\Property14RedirectMatchingCorrectnessTest.php on line 558

Warning: Undefined property: class@anonymous::$insert_id in D:\meowseo\tests\properties\Property14RedirectMatchingCorrectnessTest.php on line 558

Warning: Undefined property: class@anonymous::$insert_id in D:\meowseo\tests\properties\Property14RedirectMatchingCorrectnessTest.php on line 558

Warning: Undefined property: class@anonymous::$insert_id in D:\meowseo\tests\properties\Property14RedirectMatchingCorrectnessTest.php on line 558

Warning: Undefined property: class@anonymous::$insert_id in D:\meowseo\tests\properties\Property14RedirectMatchingCorrectnessTest.php on line 558

Warning: Undefined property: class@anonymous::$insert_id in D:\meowseo\tests\properties\Property14RedirectMatchingCorrectnessTest.php on line 558

Warning: Undefined property: class@anonymous::$insert_id in D:\meowseo\tests\properties\Property14RedirectMatchingCorrectnessTest.php on line 558

Warning: Undefined property: class@anonymous::$insert_id in D:\meowseo\tests\properties\Property14RedirectMatchingCorrectnessTest.php on line 558

Warning: Undefined property: class@anonymous::$insert_id in D:\meowseo\tests\properties\Property14RedirectMatchingCorrectnessTest.php on line 558

Warning: Undefined property: class@anonymous::$insert_id in D:\meowseo\tests\properties\Property14RedirectMatchingCorrectnessTest.php on line 558

Warning: Undefined property: class@anonymous::$insert_id in D:\meowseo\tests\properties\Property14RedirectMatchingCorrectnessTest.php on line 558

Warning: Undefined property: class@anonymous::$insert_id in D:\meowseo\tests\properties\Property14RedirectMatchingCorrectnessTest.php on line 558

Warning: Undefined property: class@anonymous::$insert_id in D:\meowseo\tests\properties\Property14RedirectMatchingCorrectnessTest.php on line 558

Warning: Undefined property: class@anonymous::$insert_id in D:\meowseo\tests\properties\Property14RedirectMatchingCorrectnessTest.php on line 558

Warning: Undefined property: class@anonymous::$insert_id in D:\meowseo\tests\properties\Property14RedirectMatchingCorrectnessTest.php on line 558

Warning: Undefined property: class@anonymous::$insert_id in D:\meowseo\tests\properties\Property14RedirectMatchingCorrectnessTest.php on line 558

Warning: Undefined property: class@anonymous::$insert_id in D:\meowseo\tests\properties\Property14RedirectMatchingCorrectnessTest.php on line 558

Warning: Undefined property: class@anonymous::$insert_id in D:\meowseo\tests\properties\Property14RedirectMatchingCorrectnessTest.php on line 558

Warning: Undefined property: class@anonymous::$insert_id in D:\meowseo\tests\properties\Property14RedirectMatchingCorrectnessTest.php on line 558

Warning: Undefined property: class@anonymous::$insert_id in D:\meowseo\tests\properties\Property14RedirectMatchingCorrectnessTest.php on line 558

Warning: Undefined property: class@anonymous::$insert_id in D:\meowseo\tests\properties\Property14RedirectMatchingCorrectnessTest.php on line 558

Warning: Undefined property: class@anonymous::$insert_id in D:\meowseo\tests\properties\Property14RedirectMatchingCorrectnessTest.php on line 558

Warning: Undefined property: class@anonymous::$insert_id in D:\meowseo\tests\properties\Property14RedirectMatchingCorrectnessTest.php on line 558

Warning: Undefined property: class@anonymous::$insert_id in D:\meowseo\tests\properties\Property14RedirectMatchingCorrectnessTest.php on line 558

Warning: Undefined property: class@anonymous::$insert_id in D:\meowseo\tests\properties\Property14RedirectMatchingCorrectnessTest.php on line 558

Warning: Undefined property: class@anonymous::$insert_id in D:\meowseo\tests\properties\Property14RedirectMatchingCorrectnessTest.php on line 558

Warning: Undefined property: class@anonymous::$insert_id in D:\meowseo\tests\properties\Property14RedirectMatchingCorrectnessTest.php on line 558

Warning: Undefined property: class@anonymous::$insert_id in D:\meowseo\tests\properties\Property14RedirectMatchingCorrectnessTest.php on line 558

Warning: Undefined property: class@anonymous::$insert_id in D:\meowseo\tests\properties\Property14RedirectMatchingCorrectnessTest.php on line 558

Warning: Undefined property: class@anonymous::$insert_id in D:\meowseo\tests\properties\Property14RedirectMatchingCorrectnessTest.php on line 558

Warning: Undefined property: class@anonymous::$insert_id in D:\meowseo\tests\properties\Property14RedirectMatchingCorrectnessTest.php on line 558

Warning: Undefined property: class@anonymous::$insert_id in D:\meowseo\tests\properties\Property14RedirectMatchingCorrectnessTest.php on line 558

Warning: Undefined property: class@anonymous::$insert_id in D:\meowseo\tests\properties\Property14RedirectMatchingCorrectnessTest.php on line 558

Warning: Undefined property: class@anonymous::$insert_id in D:\meowseo\tests\properties\Property14RedirectMatchingCorrectnessTest.php on line 558

Warning: Undefined property: class@anonymous::$insert_id in D:\meowseo\tests\properties\Property14RedirectMatchingCorrectnessTest.php on line 558

Warning: Undefined property: class@anonymous::$insert_id in D:\meowseo\tests\properties\Property14RedirectMatchingCorrectnessTest.php on line 558

Warning: Undefined property: class@anonymous::$insert_id in D:\meowseo\tests\properties\Property14RedirectMatchingCorrectnessTest.php on line 558

Warning: Undefined property: class@anonymous::$insert_id in D:\meowseo\tests\properties\Property14RedirectMatchingCorrectnessTest.php on line 558

Warning: Undefined property: class@anonymous::$insert_id in D:\meowseo\tests\properties\Property14RedirectMatchingCorrectnessTest.php on line 558

Warning: Undefined property: class@anonymous::$insert_id in D:\meowseo\tests\properties\Property14RedirectMatchingCorrectnessTest.php on line 558

Warning: Undefined property: class@anonymous::$insert_id in D:\meowseo\tests\properties\Property14RedirectMatchingCorrectnessTest.php on line 558

Warning: Undefined property: class@anonymous::$insert_id in D:\meowseo\tests\properties\Property14RedirectMatchingCorrectnessTest.php on line 558

Warning: Undefined property: class@anonymous::$insert_id in D:\meowseo\tests\properties\Property14RedirectMatchingCorrectnessTest.php on line 558

Warning: Undefined property: class@anonymous::$insert_id in D:\meowseo\tests\properties\Property14RedirectMatchingCorrectnessTest.php on line 558

Warning: Undefined property: class@anonymous::$insert_id in D:\meowseo\tests\properties\Property14RedirectMatchingCorrectnessTest.php on line 558

Warning: Undefined property: class@anonymous::$insert_id in D:\meowseo\tests\properties\Property14RedirectMatchingCorrectnessTest.php on line 558

Warning: Undefined property: class@anonymous::$insert_id in D:\meowseo\tests\properties\Property14RedirectMatchingCorrectnessTest.php on line 558

Warning: Undefined property: class@anonymous::$insert_id in D:\meowseo\tests\properties\Property14RedirectMatchingCorrectnessTest.php on line 558

Warning: Undefined property: class@anonymous::$insert_id in D:\meowseo\tests\properties\Property14RedirectMatchingCorrectnessTest.php on line 558

Warning: Undefined property: class@anonymous::$insert_id in D:\meowseo\tests\properties\Property14RedirectMatchingCorrectnessTest.php on line 558

Warning: Undefined property: class@anonymous::$insert_id in D:\meowseo\tests\properties\Property14RedirectMatchingCorrectnessTest.php on line 558

Warning: Undefined property: class@anonymous::$insert_id in D:\meowseo\tests\properties\Property14RedirectMatchingCorrectnessTest.php on line 558

Warning: Undefined property: class@anonymous::$insert_id in D:\meowseo\tests\properties\Property14RedirectMatchingCorrectnessTest.php on line 558

Warning: Undefined property: class@anonymous::$insert_id in D:\meowseo\tests\properties\Property14RedirectMatchingCorrectnessTest.php on line 558

Warning: Undefined property: class@anonymous::$insert_id in D:\meowseo\tests\properties\Property14RedirectMatchingCorrectnessTest.php on line 558

Warning: Undefined property: class@anonymous::$insert_id in D:\meowseo\tests\properties\Property14RedirectMatchingCorrectnessTest.php on line 558

Warning: Undefined property: class@anonymous::$insert_id in D:\meowseo\tests\properties\Property14RedirectMatchingCorrectnessTest.php on line 558

Warning: Undefined property: class@anonymous::$insert_id in D:\meowseo\tests\properties\Property14RedirectMatchingCorrectnessTest.php on line 558

Warning: Undefined property: class@anonymous::$insert_id in D:\meowseo\tests\properties\Property14RedirectMatchingCorrectnessTest.php on line 558

Warning: Undefined property: class@anonymous::$insert_id in D:\meowseo\tests\properties\Property14RedirectMatchingCorrectnessTest.php on line 558

Warning: Undefined property: class@anonymous::$insert_id in D:\meowseo\tests\properties\Property14RedirectMatchingCorrectnessTest.php on line 558

Warning: Undefined property: class@anonymous::$insert_id in D:\meowseo\tests\properties\Property14RedirectMatchingCorrectnessTest.php on line 558

Warning: Undefined property: class@anonymous::$insert_id in D:\meowseo\tests\properties\Property14RedirectMatchingCorrectnessTest.php on line 558

Warning: Undefined property: class@anonymous::$insert_id in D:\meowseo\tests\properties\Property14RedirectMatchingCorrectnessTest.php on line 558

Warning: Undefined property: class@anonymous::$insert_id in D:\meowseo\tests\properties\Property14RedirectMatchingCorrectnessTest.php on line 558

Warning: Undefined property: class@anonymous::$insert_id in D:\meowseo\tests\properties\Property14RedirectMatchingCorrectnessTest.php on line 558

Warning: Undefined property: class@anonymous::$insert_id in D:\meowseo\tests\properties\Property14RedirectMatchingCorrectnessTest.php on line 558

Warning: Undefined property: class@anonymous::$insert_id in D:\meowseo\tests\properties\Property14RedirectMatchingCorrectnessTest.php on line 558

Warning: Undefined property: class@anonymous::$insert_id in D:\meowseo\tests\properties\Property14RedirectMatchingCorrectnessTest.php on line 558

Warning: Undefined property: class@anonymous::$insert_id in D:\meowseo\tests\properties\Property14RedirectMatchingCorrectnessTest.php on line 558

Warning: Undefined property: class@anonymous::$insert_id in D:\meowseo\tests\properties\Property14RedirectMatchingCorrectnessTest.php on line 558

Warning: Undefined property: class@anonymous::$insert_id in D:\meowseo\tests\properties\Property14RedirectMatchingCorrectnessTest.php on line 558

Warning: Undefined property: class@anonymous::$insert_id in D:\meowseo\tests\properties\Property14RedirectMatchingCorrectnessTest.php on line 558

Warning: Undefined property: class@anonymous::$insert_id in D:\meowseo\tests\properties\Property14RedirectMatchingCorrectnessTest.php on line 558

Warning: Undefined property: class@anonymous::$insert_id in D:\meowseo\tests\properties\Property14RedirectMatchingCorrectnessTest.php on line 558

Warning: Undefined property: class@anonymous::$insert_id in D:\meowseo\tests\properties\Property14RedirectMatchingCorrectnessTest.php on line 558

Warning: Undefined property: class@anonymous::$insert_id in D:\meowseo\tests\properties\Property14RedirectMatchingCorrectnessTest.php on line 558

Warning: Undefined property: class@anonymous::$insert_id in D:\meowseo\tests\properties\Property14RedirectMatchingCorrectnessTest.php on line 558

Warning: Undefined property: class@anonymous::$insert_id in D:\meowseo\tests\properties\Property14RedirectMatchingCorrectnessTest.php on line 558

Warning: Undefined property: class@anonymous::$insert_id in D:\meowseo\tests\properties\Property14RedirectMatchingCorrectnessTest.php on line 558

Warning: Undefined property: class@anonymous::$insert_id in D:\meowseo\tests\properties\Property14RedirectMatchingCorrectnessTest.php on line 558

Warning: Undefined property: class@anonymous::$insert_id in D:\meowseo\tests\properties\Property14RedirectMatchingCorrectnessTest.php on line 558

Warning: Undefined property: class@anonymous::$insert_id in D:\meowseo\tests\properties\Property14RedirectMatchingCorrectnessTest.php on line 558

Warning: Undefined property: class@anonymous::$insert_id in D:\meowseo\tests\properties\Property14RedirectMatchingCorrectnessTest.php on line 558

Warning: Undefined property: class@anonymous::$insert_id in D:\meowseo\tests\properties\Property14RedirectMatchingCorrectnessTest.php on line 558

Warning: Undefined property: class@anonymous::$insert_id in D:\meowseo\tests\properties\Property14RedirectMatchingCorrectnessTest.php on line 558

Warning: Undefined property: class@anonymous::$insert_id in D:\meowseo\tests\properties\Property14RedirectMatchingCorrectnessTest.php on line 558

Warning: Undefined property: class@anonymous::$insert_id in D:\meowseo\tests\properties\Property14RedirectMatchingCorrectnessTest.php on line 558

Warning: Undefined property: class@anonymous::$insert_id in D:\meowseo\tests\properties\Property14RedirectMatchingCorrectnessTest.php on line 558

Warning: Undefined property: class@anonymous::$insert_id in D:\meowseo\tests\properties\Property14RedirectMatchingCorrectnessTest.php on line 558

Warning: Undefined property: class@anonymous::$insert_id in D:\meowseo\tests\properties\Property14RedirectMatchingCorrectnessTest.php on line 558

Warning: Undefined property: class@anonymous::$insert_id in D:\meowseo\tests\properties\Property14RedirectMatchingCorrectnessTest.php on line 558

Warning: Undefined property: class@anonymous::$insert_id in D:\meowseo\tests\properties\Property14RedirectMatchingCorrectnessTest.php on line 558

Warning: Undefined property: class@anonymous::$insert_id in D:\meowseo\tests\properties\Property14RedirectMatchingCorrectnessTest.php on line 558

Warning: Undefined property: class@anonymous::$insert_id in D:\meowseo\tests\properties\Property14RedirectMatchingCorrectnessTest.php on line 558

Warning: Undefined property: class@anonymous::$insert_id in D:\meowseo\tests\properties\Property14RedirectMatchingCorrectnessTest.php on line 558

Warning: Undefined property: class@anonymous::$insert_id in D:\meowseo\tests\properties\Property14RedirectMatchingCorrectnessTest.php on line 558

Warning: Undefined property: class@anonymous::$insert_id in D:\meowseo\tests\properties\Property14RedirectMatchingCorrectnessTest.php on line 558

Warning: Undefined property: class@anonymous::$insert_id in D:\meowseo\tests\properties\Property14RedirectMatchingCorrectnessTest.php on line 558

Warning: Undefined property: class@anonymous::$insert_id in D:\meowseo\tests\properties\Property14RedirectMatchingCorrectnessTest.php on line 558

Warning: Undefined property: class@anonymous::$insert_id in D:\meowseo\tests\properties\Property14RedirectMatchingCorrectnessTest.php on line 558

Warning: Undefined property: class@anonymous::$insert_id in D:\meowseo\tests\properties\Property14RedirectMatchingCorrectnessTest.php on line 558

Warning: Undefined property: class@anonymous::$insert_id in D:\meowseo\tests\properties\Property14RedirectMatchingCorrectnessTest.php on line 558

Warning: Undefined property: class@anonymous::$insert_id in D:\meowseo\tests\properties\Property14RedirectMatchingCorrectnessTest.php on line 558

Warning: Undefined property: class@anonymous::$insert_id in D:\meowseo\tests\properties\Property14RedirectMatchingCorrectnessTest.php on line 558

Warning: Undefined property: class@anonymous::$insert_id in D:\meowseo\tests\properties\Property14RedirectMatchingCorrectnessTest.php on line 558

Warning: Undefined property: class@anonymous::$insert_id in D:\meowseo\tests\properties\Property14RedirectMatchingCorrectnessTest.php on line 558

Warning: Undefined property: class@anonymous::$insert_id in D:\meowseo\tests\properties\Property14RedirectMatchingCorrectnessTest.php on line 558

Warning: Undefined property: class@anonymous::$insert_id in D:\meowseo\tests\properties\Property14RedirectMatchingCorrectnessTest.php on line 558

Warning: Undefined property: class@anonymous::$insert_id in D:\meowseo\tests\properties\Property14RedirectMatchingCorrectnessTest.php on line 558

Warning: Undefined property: class@anonymous::$insert_id in D:\meowseo\tests\properties\Property14RedirectMatchingCorrectnessTest.php on line 558

Warning: Undefined property: class@anonymous::$insert_id in D:\meowseo\tests\properties\Property14RedirectMatchingCorrectnessTest.php on line 558

Warning: Undefined property: class@anonymous::$insert_id in D:\meowseo\tests\properties\Property14RedirectMatchingCorrectnessTest.php on line 558

Warning: Undefined property: class@anonymous::$insert_id in D:\meowseo\tests\properties\Property14RedirectMatchingCorrectnessTest.php on line 558

Warning: Undefined property: class@anonymous::$insert_id in D:\meowseo\tests\properties\Property14RedirectMatchingCorrectnessTest.php on line 558

Warning: Undefined property: class@anonymous::$insert_id in D:\meowseo\tests\properties\Property14RedirectMatchingCorrectnessTest.php on line 558

Warning: Undefined property: class@anonymous::$insert_id in D:\meowseo\tests\properties\Property14RedirectMatchingCorrectnessTest.php on line 558

Warning: Undefined property: class@anonymous::$insert_id in D:\meowseo\tests\properties\Property14RedirectMatchingCorrectnessTest.php on line 558

Warning: Undefined property: class@anonymous::$insert_id in D:\meowseo\tests\properties\Property14RedirectMatchingCorrectnessTest.php on line 558

Warning: Undefined property: class@anonymous::$insert_id in D:\meowseo\tests\properties\Property14RedirectMatchingCorrectnessTest.php on line 558

Warning: Undefined property: class@anonymous::$insert_id in D:\meowseo\tests\properties\Property14RedirectMatchingCorrectnessTest.php on line 558

Warning: Undefined property: class@anonymous::$insert_id in D:\meowseo\tests\properties\Property14RedirectMatchingCorrectnessTest.php on line 558

Warning: Undefined property: class@anonymous::$insert_id in D:\meowseo\tests\properties\Property14RedirectMatchingCorrectnessTest.php on line 558

Warning: Undefined property: class@anonymous::$insert_id in D:\meowseo\tests\properties\Property14RedirectMatchingCorrectnessTest.php on line 558

Warning: Undefined property: class@anonymous::$insert_id in D:\meowseo\tests\properties\Property14RedirectMatchingCorrectnessTest.php on line 558

Warning: Undefined property: class@anonymous::$insert_id in D:\meowseo\tests\properties\Property14RedirectMatchingCorrectnessTest.php on line 558

Warning: Undefined property: class@anonymous::$insert_id in D:\meowseo\tests\properties\Property14RedirectMatchingCorrectnessTest.php on line 558

Warning: Undefined property: class@anonymous::$insert_id in D:\meowseo\tests\properties\Property14RedirectMatchingCorrectnessTest.php on line 558

Warning: Undefined property: class@anonymous::$insert_id in D:\meowseo\tests\properties\Property14RedirectMatchingCorrectnessTest.php on line 558

Warning: Undefined property: class@anonymous::$insert_id in D:\meowseo\tests\properties\Property14RedirectMatchingCorrectnessTest.php on line 558

Warning: Undefined property: class@anonymous::$insert_id in D:\meowseo\tests\properties\Property14RedirectMatchingCorrectnessTest.php on line 558

Warning: Undefined property: class@anonymous::$insert_id in D:\meowseo\tests\properties\Property14RedirectMatchingCorrectnessTest.php on line 558

Warning: Undefined property: class@anonymous::$insert_id in D:\meowseo\tests\properties\Property14RedirectMatchingCorrectnessTest.php on line 558

Warning: Undefined property: class@anonymous::$insert_id in D:\meowseo\tests\properties\Property14RedirectMatchingCorrectnessTest.php on line 558

Warning: Undefined property: class@anonymous::$insert_id in D:\meowseo\tests\properties\Property14RedirectMatchingCorrectnessTest.php on line 558

Warning: Undefined property: class@anonymous::$insert_id in D:\meowseo\tests\properties\Property14RedirectMatchingCorrectnessTest.php on line 558

Warning: Undefined property: class@anonymous::$insert_id in D:\meowseo\tests\properties\Property14RedirectMatchingCorrectnessTest.php on line 558

Warning: Undefined property: class@anonymous::$insert_id in D:\meowseo\tests\properties\Property14RedirectMatchingCorrectnessTest.php on line 558

Warning: Undefined property: class@anonymous::$insert_id in D:\meowseo\tests\properties\Property14RedirectMatchingCorrectnessTest.php on line 558

Warning: Undefined property: class@anonymous::$insert_id in D:\meowseo\tests\properties\Property14RedirectMatchingCorrectnessTest.php on line 558

Warning: Undefined property: class@anonymous::$insert_id in D:\meowseo\tests\properties\Property14RedirectMatchingCorrectnessTest.php on line 558

Warning: Undefined property: class@anonymous::$insert_id in D:\meowseo\tests\properties\Property14RedirectMatchingCorrectnessTest.php on line 558

Warning: Undefined property: class@anonymous::$insert_id in D:\meowseo\tests\properties\Property14RedirectMatchingCorrectnessTest.php on line 558

Warning: Undefined property: class@anonymous::$insert_id in D:\meowseo\tests\properties\Property14RedirectMatchingCorrectnessTest.php on line 558

Warning: Undefined property: class@anonymous::$insert_id in D:\meowseo\tests\properties\Property14RedirectMatchingCorrectnessTest.php on line 558

Warning: Undefined property: class@anonymous::$insert_id in D:\meowseo\tests\properties\Property14RedirectMatchingCorrectnessTest.php on line 558

Warning: Undefined property: class@anonymous::$insert_id in D:\meowseo\tests\properties\Property14RedirectMatchingCorrectnessTest.php on line 558

Warning: Undefined property: class@anonymous::$insert_id in D:\meowseo\tests\properties\Property14RedirectMatchingCorrectnessTest.php on line 558

Warning: Undefined property: class@anonymous::$insert_id in D:\meowseo\tests\properties\Property14RedirectMatchingCorrectnessTest.php on line 558

Warning: Undefined property: class@anonymous::$insert_id in D:\meowseo\tests\properties\Property14RedirectMatchingCorrectnessTest.php on line 558

Warning: Undefined property: class@anonymous::$insert_id in D:\meowseo\tests\properties\Property14RedirectMatchingCorrectnessTest.php on line 558

Warning: Undefined property: class@anonymous::$insert_id in D:\meowseo\tests\properties\Property14RedirectMatchingCorrectnessTest.php on line 558

Warning: Undefined property: class@anonymous::$insert_id in D:\meowseo\tests\properties\Property14RedirectMatchingCorrectnessTest.php on line 558

Warning: Undefined property: class@anonymous::$insert_id in D:\meowseo\tests\properties\Property14RedirectMatchingCorrectnessTest.php on line 558

Warning: Undefined property: class@anonymous::$insert_id in D:\meowseo\tests\properties\Property14RedirectMatchingCorrectnessTest.php on line 558

Warning: Undefined property: class@anonymous::$insert_id in D:\meowseo\tests\properties\Property14RedirectMatchingCorrectnessTest.php on line 558

Warning: Undefined property: class@anonymous::$insert_id in D:\meowseo\tests\properties\Property14RedirectMatchingCorrectnessTest.php on line 558

Warning: Undefined property: class@anonymous::$insert_id in D:\meowseo\tests\properties\Property14RedirectMatchingCorrectnessTest.php on line 558

Warning: Undefined property: class@anonymous::$insert_id in D:\meowseo\tests\properties\Property14RedirectMatchingCorrectnessTest.php on line 558

Warning: Undefined property: class@anonymous::$insert_id in D:\meowseo\tests\properties\Property14RedirectMatchingCorrectnessTest.php on line 558

Warning: Undefined property: class@anonymous::$insert_id in D:\meowseo\tests\properties\Property14RedirectMatchingCorrectnessTest.php on line 558

Warning: Undefined property: class@anonymous::$insert_id in D:\meowseo\tests\properties\Property14RedirectMatchingCorrectnessTest.php on line 558

Warning: Undefined property: class@anonymous::$insert_id in D:\meowseo\tests\properties\Property14RedirectMatchingCorrectnessTest.php on line 558

Warning: Undefined property: class@anonymous::$insert_id in D:\meowseo\tests\properties\Property14RedirectMatchingCorrectnessTest.php on line 558

Warning: Undefined property: class@anonymous::$insert_id in D:\meowseo\tests\properties\Property14RedirectMatchingCorrectnessTest.php on line 558

Warning: Undefined property: class@anonymous::$insert_id in D:\meowseo\tests\properties\Property14RedirectMatchingCorrectnessTest.php on line 558

Warning: Undefined property: class@anonymous::$insert_id in D:\meowseo\tests\properties\Property14RedirectMatchingCorrectnessTest.php on line 558

Warning: Undefined property: class@anonymous::$insert_id in D:\meowseo\tests\properties\Property14RedirectMatchingCorrectnessTest.php on line 558

Warning: Undefined property: class@anonymous::$insert_id in D:\meowseo\tests\properties\Property14RedirectMatchingCorrectnessTest.php on line 558

Warning: Undefined property: class@anonymous::$insert_id in D:\meowseo\tests\properties\Property14RedirectMatchingCorrectnessTest.php on line 558

Warning: Undefined property: class@anonymous::$insert_id in D:\meowseo\tests\properties\Property14RedirectMatchingCorrectnessTest.php on line 558

Warning: Undefined property: class@anonymous::$insert_id in D:\meowseo\tests\properties\Property14RedirectMatchingCorrectnessTest.php on line 558

Warning: Undefined property: class@anonymous::$insert_id in D:\meowseo\tests\properties\Property14RedirectMatchingCorrectnessTest.php on line 558

Warning: Undefined property: class@anonymous::$insert_id in D:\meowseo\tests\properties\Property14RedirectMatchingCorrectnessTest.php on line 558

Warning: Undefined property: class@anonymous::$insert_id in D:\meowseo\tests\properties\Property14RedirectMatchingCorrectnessTest.php on line 558

Warning: Undefined property: class@anonymous::$insert_id in D:\meowseo\tests\properties\Property14RedirectMatchingCorrectnessTest.php on line 558

Warning: Undefined property: class@anonymous::$insert_id in D:\meowseo\tests\properties\Property14RedirectMatchingCorrectnessTest.php on line 558

Warning: Undefined property: class@anonymous::$insert_id in D:\meowseo\tests\properties\Property14RedirectMatchingCorrectnessTest.php on line 558

Warning: Undefined property: class@anonymous::$insert_id in D:\meowseo\tests\properties\Property14RedirectMatchingCorrectnessTest.php on line 558

Warning: Undefined property: class@anonymous::$insert_id in D:\meowseo\tests\properties\Property14RedirectMatchingCorrectnessTest.php on line 558

Warning: Undefined property: class@anonymous::$insert_id in D:\meowseo\tests\properties\Property14RedirectMatchingCorrectnessTest.php on line 558

Warning: Undefined property: class@anonymous::$insert_id in D:\meowseo\tests\properties\Property14RedirectMatchingCorrectnessTest.php on line 558

Warning: Undefined property: class@anonymous::$insert_id in D:\meowseo\tests\properties\Property14RedirectMatchingCorrectnessTest.php on line 558

Warning: Undefined property: class@anonymous::$insert_id in D:\meowseo\tests\properties\Property14RedirectMatchingCorrectnessTest.php on line 558

Warning: Undefined property: class@anonymous::$insert_id in D:\meowseo\tests\properties\Property14RedirectMatchingCorrectnessTest.php on line 558

Warning: Undefined property: class@anonymous::$insert_id in D:\meowseo\tests\properties\Property14RedirectMatchingCorrectnessTest.php on line 558

Warning: Undefined property: class@anonymous::$insert_id in D:\meowseo\tests\properties\Property14RedirectMatchingCorrectnessTest.php on line 558

Warning: Undefined property: class@anonymous::$insert_id in D:\meowseo\tests\properties\Property14RedirectMatchingCorrectnessTest.php on line 558

Warning: Undefined property: class@anonymous::$insert_id in D:\meowseo\tests\properties\Property14RedirectMatchingCorrectnessTest.php on line 558

Warning: Undefined property: class@anonymous::$insert_id in D:\meowseo\tests\properties\Property14RedirectMatchingCorrectnessTest.php on line 558

Warning: Undefined property: class@anonymous::$insert_id in D:\meowseo\tests\properties\Property14RedirectMatchingCorrectnessTest.php on line 558

Warning: Undefined property: class@anonymous::$insert_id in D:\meowseo\tests\properties\Property14RedirectMatchingCorrectnessTest.php on line 558

Warning: Undefined property: class@anonymous::$insert_id in D:\meowseo\tests\properties\Property14RedirectMatchingCorrectnessTest.php on line 558

Warning: Undefined property: class@anonymous::$insert_id in D:\meowseo\tests\properties\Property14RedirectMatchingCorrectnessTest.php on line 558

Warning: Undefined property: class@anonymous::$insert_id in D:\meowseo\tests\properties\Property14RedirectMatchingCorrectnessTest.php on line 558

Warning: Undefined property: class@anonymous::$insert_id in D:\meowseo\tests\properties\Property14RedirectMatchingCorrectnessTest.php on line 558

Warning: Undefined property: class@anonymous::$insert_id in D:\meowseo\tests\properties\Property14RedirectMatchingCorrectnessTest.php on line 558

Warning: Undefined property: class@anonymous::$insert_id in D:\meowseo\tests\properties\Property14RedirectMatchingCorrectnessTest.php on line 558

Warning: Undefined property: class@anonymous::$insert_id in D:\meowseo\tests\properties\Property14RedirectMatchingCorrectnessTest.php on line 558

Warning: Undefined property: class@anonymous::$insert_id in D:\meowseo\tests\properties\Property14RedirectMatchingCorrectnessTest.php on line 558

Warning: Undefined property: class@anonymous::$insert_id in D:\meowseo\tests\properties\Property14RedirectMatchingCorrectnessTest.php on line 558

Warning: Undefined property: class@anonymous::$insert_id in D:\meowseo\tests\properties\Property14RedirectMatchingCorrectnessTest.php on line 558

Warning: Undefined property: class@anonymous::$insert_id in D:\meowseo\tests\properties\Property14RedirectMatchingCorrectnessTest.php on line 558

Warning: Undefined property: class@anonymous::$insert_id in D:\meowseo\tests\properties\Property14RedirectMatchingCorrectnessTest.php on line 558

Warning: Undefined property: class@anonymous::$insert_id in D:\meowseo\tests\properties\Property14RedirectMatchingCorrectnessTest.php on line 558

Warning: Undefined property: class@anonymous::$insert_id in D:\meowseo\tests\properties\Property14RedirectMatchingCorrectnessTest.php on line 558

Warning: Undefined property: class@anonymous::$insert_id in D:\meowseo\tests\properties\Property14RedirectMatchingCorrectnessTest.php on line 558

Warning: Undefined property: class@anonymous::$insert_id in D:\meowseo\tests\properties\Property14RedirectMatchingCorrectnessTest.php on line 558

Warning: Undefined property: class@anonymous::$insert_id in D:\meowseo\tests\properties\Property14RedirectMatchingCorrectnessTest.php on line 558

Warning: Undefined property: class@anonymous::$insert_id in D:\meowseo\tests\properties\Property14RedirectMatchingCorrectnessTest.php on line 558

Warning: Undefined property: class@anonymous::$insert_id in D:\meowseo\tests\properties\Property14RedirectMatchingCorrectnessTest.php on line 558

Warning: Undefined property: class@anonymous::$insert_id in D:\meowseo\tests\properties\Property14RedirectMatchingCorrectnessTest.php on line 558

Warning: Undefined property: class@anonymous::$insert_id in D:\meowseo\tests\properties\Property14RedirectMatchingCorrectnessTest.php on line 558

Warning: Undefined property: class@anonymous::$insert_id in D:\meowseo\tests\properties\Property14RedirectMatchingCorrectnessTest.php on line 558

Warning: Undefined property: class@anonymous::$insert_id in D:\meowseo\tests\properties\Property14RedirectMatchingCorrectnessTest.php on line 558

Warning: Undefined property: class@anonymous::$insert_id in D:\meowseo\tests\properties\Property14RedirectMatchingCorrectnessTest.php on line 558

Warning: Undefined property: class@anonymous::$insert_id in D:\meowseo\tests\properties\Property14RedirectMatchingCorrectnessTest.php on line 558

Warning: Undefined property: class@anonymous::$insert_id in D:\meowseo\tests\properties\Property14RedirectMatchingCorrectnessTest.php on line 558

Warning: Undefined property: class@anonymous::$insert_id in D:\meowseo\tests\properties\Property14RedirectMatchingCorrectnessTest.php on line 558

Warning: Undefined property: class@anonymous::$insert_id in D:\meowseo\tests\properties\Property14RedirectMatchingCorrectnessTest.php on line 558

Warning: Undefined property: class@anonymous::$insert_id in D:\meowseo\tests\properties\Property14RedirectMatchingCorrectnessTest.php on line 558

Warning: Undefined property: class@anonymous::$insert_id in D:\meowseo\tests\properties\Property14RedirectMatchingCorrectnessTest.php on line 558

Warning: Undefined property: class@anonymous::$insert_id in D:\meowseo\tests\properties\Property14RedirectMatchingCorrectnessTest.php on line 558

Warning: Undefined property: class@anonymous::$insert_id in D:\meowseo\tests\properties\Property14RedirectMatchingCorrectnessTest.php on line 558

Warning: Undefined property: class@anonymous::$insert_id in D:\meowseo\tests\properties\Property14RedirectMatchingCorrectnessTest.php on line 558

Warning: Undefined property: class@anonymous::$insert_id in D:\meowseo\tests\properties\Property14RedirectMatchingCorrectnessTest.php on line 558

Warning: Undefined property: class@anonymous::$insert_id in D:\meowseo\tests\properties\Property14RedirectMatchingCorrectnessTest.php on line 558

Warning: Undefined property: class@anonymous::$insert_id in D:\meowseo\tests\properties\Property14RedirectMatchingCorrectnessTest.php on line 558

Warning: Undefined property: class@anonymous::$insert_id in D:\meowseo\tests\properties\Property14RedirectMatchingCorrectnessTest.php on line 558

Warning: Undefined property: class@anonymous::$insert_id in D:\meowseo\tests\properties\Property14RedirectMatchingCorrectnessTest.php on line 558

Warning: Undefined property: class@anonymous::$insert_id in D:\meowseo\tests\properties\Property14RedirectMatchingCorrectnessTest.php on line 558

Warning: Undefined property: class@anonymous::$insert_id in D:\meowseo\tests\properties\Property14RedirectMatchingCorrectnessTest.php on line 558

Warning: Undefined property: class@anonymous::$insert_id in D:\meowseo\tests\properties\Property14RedirectMatchingCorrectnessTest.php on line 558

Warning: Undefined property: class@anonymous::$insert_id in D:\meowseo\tests\properties\Property14RedirectMatchingCorrectnessTest.php on line 558

Warning: Undefined property: class@anonymous::$insert_id in D:\meowseo\tests\properties\Property14RedirectMatchingCorrectnessTest.php on line 558

Warning: Undefined property: class@anonymous::$insert_id in D:\meowseo\tests\properties\Property14RedirectMatchingCorrectnessTest.php on line 558

Warning: Undefined property: class@anonymous::$insert_id in D:\meowseo\tests\properties\Property14RedirectMatchingCorrectnessTest.php on line 558

Warning: Undefined property: class@anonymous::$insert_id in D:\meowseo\tests\properties\Property14RedirectMatchingCorrectnessTest.php on line 558

Warning: Undefined property: class@anonymous::$insert_id in D:\meowseo\tests\properties\Property14RedirectMatchingCorrectnessTest.php on line 558

Warning: Undefined property: class@anonymous::$insert_id in D:\meowseo\tests\properties\Property14RedirectMatchingCorrectnessTest.php on line 558

Warning: Undefined property: class@anonymous::$insert_id in D:\meowseo\tests\properties\Property14RedirectMatchingCorrectnessTest.php on line 558

Warning: Undefined property: class@anonymous::$insert_id in D:\meowseo\tests\properties\Property14RedirectMatchingCorrectnessTest.php on line 558

Warning: Undefined property: class@anonymous::$insert_id in D:\meowseo\tests\properties\Property14RedirectMatchingCorrectnessTest.php on line 558

Warning: Undefined property: class@anonymous::$insert_id in D:\meowseo\tests\properties\Property14RedirectMatchingCorrectnessTest.php on line 558

Warning: Undefined property: class@anonymous::$insert_id in D:\meowseo\tests\properties\Property14RedirectMatchingCorrectnessTest.php on line 558

Warning: Undefined property: class@anonymous::$insert_id in D:\meowseo\tests\properties\Property14RedirectMatchingCorrectnessTest.php on line 558

Warning: Undefined property: class@anonymous::$insert_id in D:\meowseo\tests\properties\Property14RedirectMatchingCorrectnessTest.php on line 558

Warning: Undefined property: class@anonymous::$insert_id in D:\meowseo\tests\properties\Property14RedirectMatchingCorrectnessTest.php on line 558

Warning: Undefined property: class@anonymous::$insert_id in D:\meowseo\tests\properties\Property14RedirectMatchingCorrectnessTest.php on line 558

Warning: Undefined property: class@anonymous::$insert_id in D:\meowseo\tests\properties\Property14RedirectMatchingCorrectnessTest.php on line 558

Warning: Undefined property: class@anonymous::$insert_id in D:\meowseo\tests\properties\Property14RedirectMatchingCorrectnessTest.php on line 558

Warning: Undefined property: class@anonymous::$insert_id in D:\meowseo\tests\properties\Property14RedirectMatchingCorrectnessTest.php on line 558

Warning: Undefined property: class@anonymous::$insert_id in D:\meowseo\tests\properties\Property14RedirectMatchingCorrectnessTest.php on line 558

Warning: Undefined property: class@anonymous::$insert_id in D:\meowseo\tests\properties\Property14RedirectMatchingCorrectnessTest.php on line 558

Warning: Undefined property: class@anonymous::$insert_id in D:\meowseo\tests\properties\Property14RedirectMatchingCorrectnessTest.php on line 558

Warning: Undefined property: class@anonymous::$insert_id in D:\meowseo\tests\properties\Property14RedirectMatchingCorrectnessTest.php on line 558

Warning: Undefined property: class@anonymous::$insert_id in D:\meowseo\tests\properties\Property14RedirectMatchingCorrectnessTest.php on line 558

Warning: Undefined property: class@anonymous::$insert_id in D:\meowseo\tests\properties\Property14RedirectMatchingCorrectnessTest.php on line 558

Warning: Undefined property: class@anonymous::$insert_id in D:\meowseo\tests\properties\Property14RedirectMatchingCorrectnessTest.php on line 558

Warning: Undefined property: class@anonymous::$insert_id in D:\meowseo\tests\properties\Property14RedirectMatchingCorrectnessTest.php on line 558

Warning: Undefined property: class@anonymous::$insert_id in D:\meowseo\tests\properties\Property14RedirectMatchingCorrectnessTest.php on line 558

Warning: Undefined property: class@anonymous::$insert_id in D:\meowseo\tests\properties\Property14RedirectMatchingCorrectnessTest.php on line 558

Warning: Undefined property: class@anonymous::$insert_id in D:\meowseo\tests\properties\Property14RedirectMatchingCorrectnessTest.php on line 558

Warning: Undefined property: class@anonymous::$insert_id in D:\meowseo\tests\properties\Property14RedirectMatchingCorrectnessTest.php on line 558

Warning: Undefined property: class@anonymous::$insert_id in D:\meowseo\tests\properties\Property14RedirectMatchingCorrectnessTest.php on line 558

Warning: Undefined property: class@anonymous::$insert_id in D:\meowseo\tests\properties\Property14RedirectMatchingCorrectnessTest.php on line 558

Warning: Undefined property: class@anonymous::$insert_id in D:\meowseo\tests\properties\Property14RedirectMatchingCorrectnessTest.php on line 558

Warning: Undefined property: class@anonymous::$insert_id in D:\meowseo\tests\properties\Property14RedirectMatchingCorrectnessTest.php on line 558

Warning: Undefined property: class@anonymous::$insert_id in D:\meowseo\tests\properties\Property14RedirectMatchingCorrectnessTest.php on line 558

Warning: Undefined property: class@anonymous::$insert_id in D:\meowseo\tests\properties\Property14RedirectMatchingCorrectnessTest.php on line 558

Warning: Undefined property: class@anonymous::$insert_id in D:\meowseo\tests\properties\Property14RedirectMatchingCorrectnessTest.php on line 558

Warning: Undefined property: class@anonymous::$insert_id in D:\meowseo\tests\properties\Property14RedirectMatchingCorrectnessTest.php on line 558

Warning: Undefined property: class@anonymous::$insert_id in D:\meowseo\tests\properties\Property14RedirectMatchingCorrectnessTest.php on line 558

Warning: Undefined property: class@anonymous::$insert_id in D:\meowseo\tests\properties\Property14RedirectMatchingCorrectnessTest.php on line 558

Warning: Undefined property: class@anonymous::$insert_id in D:\meowseo\tests\properties\Property14RedirectMatchingCorrectnessTest.php on line 558

Warning: Undefined property: class@anonymous::$insert_id in D:\meowseo\tests\properties\Property14RedirectMatchingCorrectnessTest.php on line 558

Warning: Undefined property: class@anonymous::$insert_id in D:\meowseo\tests\properties\Property14RedirectMatchingCorrectnessTest.php on line 558

Warning: Undefined property: class@anonymous::$insert_id in D:\meowseo\tests\properties\Property14RedirectMatchingCorrectnessTest.php on line 558

Warning: Undefined property: class@anonymous::$insert_id in D:\meowseo\tests\properties\Property14RedirectMatchingCorrectnessTest.php on line 558

Warning: Undefined property: class@anonymous::$insert_id in D:\meowseo\tests\properties\Property14RedirectMatchingCorrectnessTest.php on line 558

Warning: Undefined property: class@anonymous::$insert_id in D:\meowseo\tests\properties\Property14RedirectMatchingCorrectnessTest.php on line 558

Warning: Undefined property: class@anonymous::$insert_id in D:\meowseo\tests\properties\Property14RedirectMatchingCorrectnessTest.php on line 558

Warning: Undefined property: class@anonymous::$insert_id in D:\meowseo\tests\properties\Property14RedirectMatchingCorrectnessTest.php on line 558

Warning: Undefined property: class@anonymous::$insert_id in D:\meowseo\tests\properties\Property14RedirectMatchingCorrectnessTest.php on line 558

Warning: Undefined property: class@anonymous::$insert_id in D:\meowseo\tests\properties\Property14RedirectMatchingCorrectnessTest.php on line 558

Warning: Undefined property: class@anonymous::$insert_id in D:\meowseo\tests\properties\Property14RedirectMatchingCorrectnessTest.php on line 558

Warning: Undefined property: class@anonymous::$insert_id in D:\meowseo\tests\properties\Property14RedirectMatchingCorrectnessTest.php on line 558

Warning: Undefined property: class@anonymous::$insert_id in D:\meowseo\tests\properties\Property14RedirectMatchingCorrectnessTest.php on line 558

Warning: Undefined property: class@anonymous::$insert_id in D:\meowseo\tests\properties\Property14RedirectMatchingCorrectnessTest.php on line 558

Warning: Undefined property: class@anonymous::$insert_id in D:\meowseo\tests\properties\Property14RedirectMatchingCorrectnessTest.php on line 558

Warning: Undefined property: class@anonymous::$insert_id in D:\meowseo\tests\properties\Property14RedirectMatchingCorrectnessTest.php on line 558

Warning: Undefined property: class@anonymous::$insert_id in D:\meowseo\tests\properties\Property14RedirectMatchingCorrectnessTest.php on line 558

Warning: Undefined property: class@anonymous::$insert_id in D:\meowseo\tests\properties\Property14RedirectMatchingCorrectnessTest.php on line 558

Warning: Undefined property: class@anonymous::$insert_id in D:\meowseo\tests\properties\Property14RedirectMatchingCorrectnessTest.php on line 558

Warning: Undefined property: class@anonymous::$insert_id in D:\meowseo\tests\properties\Property14RedirectMatchingCorrectnessTest.php on line 558

Warning: Undefined property: class@anonymous::$insert_id in D:\meowseo\tests\properties\Property14RedirectMatchingCorrectnessTest.php on line 558

Warning: Undefined property: class@anonymous::$insert_id in D:\meowseo\tests\properties\Property14RedirectMatchingCorrectnessTest.php on line 558

Warning: Undefined property: class@anonymous::$insert_id in D:\meowseo\tests\properties\Property14RedirectMatchingCorrectnessTest.php on line 558

Warning: Undefined property: class@anonymous::$insert_id in D:\meowseo\tests\properties\Property14RedirectMatchingCorrectnessTest.php on line 558

Warning: Undefined property: class@anonymous::$insert_id in D:\meowseo\tests\properties\Property14RedirectMatchingCorrectnessTest.php on line 558

Warning: Undefined property: class@anonymous::$insert_id in D:\meowseo\tests\properties\Property14RedirectMatchingCorrectnessTest.php on line 558

Warning: Undefined property: class@anonymous::$insert_id in D:\meowseo\tests\properties\Property14RedirectMatchingCorrectnessTest.php on line 558

Warning: Undefined property: class@anonymous::$insert_id in D:\meowseo\tests\properties\Property14RedirectMatchingCorrectnessTest.php on line 558

Warning: Undefined property: class@anonymous::$insert_id in D:\meowseo\tests\properties\Property14RedirectMatchingCorrectnessTest.php on line 558

Warning: Undefined property: class@anonymous::$insert_id in D:\meowseo\tests\properties\Property14RedirectMatchingCorrectnessTest.php on line 558

Warning: Undefined property: class@anonymous::$insert_id in D:\meowseo\tests\properties\Property14RedirectMatchingCorrectnessTest.php on line 558

Warning: Undefined property: class@anonymous::$insert_id in D:\meowseo\tests\properties\Property14RedirectMatchingCorrectnessTest.php on line 558

Warning: Undefined property: class@anonymous::$insert_id in D:\meowseo\tests\properties\Property14RedirectMatchingCorrectnessTest.php on line 558

Warning: Undefined property: class@anonymous::$insert_id in D:\meowseo\tests\properties\Property14RedirectMatchingCorrectnessTest.php on line 558

Warning: Undefined property: class@anonymous::$insert_id in D:\meowseo\tests\properties\Property14RedirectMatchingCorrectnessTest.php on line 558

Warning: Undefined property: class@anonymous::$insert_id in D:\meowseo\tests\properties\Property14RedirectMatchingCorrectnessTest.php on line 558

Warning: Undefined property: class@anonymous::$insert_id in D:\meowseo\tests\properties\Property14RedirectMatchingCorrectnessTest.php on line 558

Warning: Undefined property: class@anonymous::$insert_id in D:\meowseo\tests\properties\Property14RedirectMatchingCorrectnessTest.php on line 558

Warning: Undefined property: class@anonymous::$insert_id in D:\meowseo\tests\properties\Property14RedirectMatchingCorrectnessTest.php on line 558

Warning: Undefined property: class@anonymous::$insert_id in D:\meowseo\tests\properties\Property14RedirectMatchingCorrectnessTest.php on line 558

Warning: Undefined property: class@anonymous::$insert_id in D:\meowseo\tests\properties\Property14RedirectMatchingCorrectnessTest.php on line 558

Warning: Undefined property: class@anonymous::$insert_id in D:\meowseo\tests\properties\Property14RedirectMatchingCorrectnessTest.php on line 558

Warning: Undefined property: class@anonymous::$insert_id in D:\meowseo\tests\properties\Property14RedirectMatchingCorrectnessTest.php on line 558

Warning: Undefined property: class@anonymous::$insert_id in D:\meowseo\tests\properties\Property14RedirectMatchingCorrectnessTest.php on line 558

Warning: Undefined property: class@anonymous::$insert_id in D:\meowseo\tests\properties\Property14RedirectMatchingCorrectnessTest.php on line 558

Warning: Undefined property: class@anonymous::$insert_id in D:\meowseo\tests\properties\Property14RedirectMatchingCorrectnessTest.php on line 558

Warning: Undefined property: class@anonymous::$insert_id in D:\meowseo\tests\properties\Property14RedirectMatchingCorrectnessTest.php on line 558

Warning: Undefined property: class@anonymous::$insert_id in D:\meowseo\tests\properties\Property14RedirectMatchingCorrectnessTest.php on line 558

Warning: Undefined property: class@anonymous::$insert_id in D:\meowseo\tests\properties\Property14RedirectMatchingCorrectnessTest.php on line 558

Warning: Undefined property: class@anonymous::$insert_id in D:\meowseo\tests\properties\Property14RedirectMatchingCorrectnessTest.php on line 558

Warning: Undefined property: class@anonymous::$insert_id in D:\meowseo\tests\properties\Property14RedirectMatchingCorrectnessTest.php on line 558

Warning: Undefined property: class@anonymous::$insert_id in D:\meowseo\tests\properties\Property14RedirectMatchingCorrectnessTest.php on line 558

Warning: Undefined property: class@anonymous::$insert_id in D:\meowseo\tests\properties\Property14RedirectMatchingCorrectnessTest.php on line 558

Warning: Undefined property: class@anonymous::$insert_id in D:\meowseo\tests\properties\Property14RedirectMatchingCorrectnessTest.php on line 558

Warning: Undefined property: class@anonymous::$insert_id in D:\meowseo\tests\properties\Property14RedirectMatchingCorrectnessTest.php on line 558

Warning: Undefined property: class@anonymous::$insert_id in D:\meowseo\tests\properties\Property14RedirectMatchingCorrectnessTest.php on line 558

Warning: Undefined property: class@anonymous::$insert_id in D:\meowseo\tests\properties\Property14RedirectMatchingCorrectnessTest.php on line 558

Warning: Undefined property: class@anonymous::$insert_id in D:\meowseo\tests\properties\Property14RedirectMatchingCorrectnessTest.php on line 558

Warning: Undefined property: class@anonymous::$insert_id in D:\meowseo\tests\properties\Property14RedirectMatchingCorrectnessTest.php on line 558

Warning: Undefined property: class@anonymous::$insert_id in D:\meowseo\tests\properties\Property14RedirectMatchingCorrectnessTest.php on line 558

Warning: Undefined property: class@anonymous::$insert_id in D:\meowseo\tests\properties\Property14RedirectMatchingCorrectnessTest.php on line 558

Warning: Undefined property: class@anonymous::$insert_id in D:\meowseo\tests\properties\Property14RedirectMatchingCorrectnessTest.php on line 558

Warning: Undefined property: class@anonymous::$insert_id in D:\meowseo\tests\properties\Property14RedirectMatchingCorrectnessTest.php on line 558

Warning: Undefined property: class@anonymous::$insert_id in D:\meowseo\tests\properties\Property14RedirectMatchingCorrectnessTest.php on line 558

Warning: Undefined property: class@anonymous::$insert_id in D:\meowseo\tests\properties\Property14RedirectMatchingCorrectnessTest.php on line 558

Warning: Undefined property: class@anonymous::$insert_id in D:\meowseo\tests\properties\Property14RedirectMatchingCorrectnessTest.php on line 558

Warning: Undefined property: class@anonymous::$insert_id in D:\meowseo\tests\properties\Property14RedirectMatchingCorrectnessTest.php on line 558

Warning: Undefined property: class@anonymous::$insert_id in D:\meowseo\tests\properties\Property14RedirectMatchingCorrectnessTest.php on line 558

Warning: Undefined property: class@anonymous::$insert_id in D:\meowseo\tests\properties\Property14RedirectMatchingCorrectnessTest.php on line 558

Warning: Undefined property: class@anonymous::$insert_id in D:\meowseo\tests\properties\Property14RedirectMatchingCorrectnessTest.php on line 558

Warning: Undefined property: class@anonymous::$insert_id in D:\meowseo\tests\properties\Property14RedirectMatchingCorrectnessTest.php on line 558

Warning: Undefined property: class@anonymous::$insert_id in D:\meowseo\tests\properties\Property14RedirectMatchingCorrectnessTest.php on line 558

Warning: Undefined property: class@anonymous::$insert_id in D:\meowseo\tests\properties\Property14RedirectMatchingCorrectnessTest.php on line 558

Warning: Undefined property: class@anonymous::$insert_id in D:\meowseo\tests\properties\Property14RedirectMatchingCorrectnessTest.php on line 558

Warning: Undefined property: class@anonymous::$insert_id in D:\meowseo\tests\properties\Property14RedirectMatchingCorrectnessTest.php on line 558

Warning: Undefined property: class@anonymous::$insert_id in D:\meowseo\tests\properties\Property14RedirectMatchingCorrectnessTest.php on line 558

Warning: Undefined property: class@anonymous::$insert_id in D:\meowseo\tests\properties\Property14RedirectMatchingCorrectnessTest.php on line 558

Warning: Undefined property: class@anonymous::$insert_id in D:\meowseo\tests\properties\Property14RedirectMatchingCorrectnessTest.php on line 558

Warning: Undefined property: class@anonymous::$insert_id in D:\meowseo\tests\properties\Property14RedirectMatchingCorrectnessTest.php on line 558

Warning: Undefined property: class@anonymous::$insert_id in D:\meowseo\tests\properties\Property14RedirectMatchingCorrectnessTest.php on line 558

Warning: Undefined property: class@anonymous::$insert_id in D:\meowseo\tests\properties\Property14RedirectMatchingCorrectnessTest.php on line 558

Warning: Undefined property: class@anonymous::$insert_id in D:\meowseo\tests\properties\Property14RedirectMatchingCorrectnessTest.php on line 558

Warning: Undefined property: class@anonymous::$insert_id in D:\meowseo\tests\properties\Property14RedirectMatchingCorrectnessTest.php on line 558

Warning: Undefined property: class@anonymous::$insert_id in D:\meowseo\tests\properties\Property14RedirectMatchingCorrectnessTest.php on line 558

Warning: Undefined property: class@anonymous::$insert_id in D:\meowseo\tests\properties\Property14RedirectMatchingCorrectnessTest.php on line 558

Warning: Undefined property: class@anonymous::$insert_id in D:\meowseo\tests\properties\Property14RedirectMatchingCorrectnessTest.php on line 558

Warning: Undefined property: class@anonymous::$insert_id in D:\meowseo\tests\properties\Property14RedirectMatchingCorrectnessTest.php on line 558

Warning: Undefined property: class@anonymous::$insert_id in D:\meowseo\tests\properties\Property14RedirectMatchingCorrectnessTest.php on line 558

Warning: Undefined property: class@anonymous::$insert_id in D:\meowseo\tests\properties\Property14RedirectMatchingCorrectnessTest.php on line 558

Warning: Undefined property: class@anonymous::$insert_id in D:\meowseo\tests\properties\Property14RedirectMatchingCorrectnessTest.php on line 558

Warning: Undefined property: class@anonymous::$insert_id in D:\meowseo\tests\properties\Property14RedirectMatchingCorrectnessTest.php on line 558

Warning: Undefined property: class@anonymous::$insert_id in D:\meowseo\tests\properties\Property14RedirectMatchingCorrectnessTest.php on line 558

Warning: Undefined property: class@anonymous::$insert_id in D:\meowseo\tests\properties\Property14RedirectMatchingCorrectnessTest.php on line 558

Warning: Undefined property: class@anonymous::$insert_id in D:\meowseo\tests\properties\Property14RedirectMatchingCorrectnessTest.php on line 558

Warning: Undefined property: class@anonymous::$insert_id in D:\meowseo\tests\properties\Property14RedirectMatchingCorrectnessTest.php on line 558

Warning: Undefined property: class@anonymous::$insert_id in D:\meowseo\tests\properties\Property14RedirectMatchingCorrectnessTest.php on line 558

Warning: Undefined property: class@anonymous::$insert_id in D:\meowseo\tests\properties\Property14RedirectMatchingCorrectnessTest.php on line 558

Warning: Undefined property: class@anonymous::$insert_id in D:\meowseo\tests\properties\Property14RedirectMatchingCorrectnessTest.php on line 558

Warning: Undefined property: class@anonymous::$insert_id in D:\meowseo\tests\properties\Property14RedirectMatchingCorrectnessTest.php on line 558

Warning: Undefined property: class@anonymous::$insert_id in D:\meowseo\tests\properties\Property14RedirectMatchingCorrectnessTest.php on line 558

Warning: Undefined property: class@anonymous::$insert_id in D:\meowseo\tests\properties\Property14RedirectMatchingCorrectnessTest.php on line 558

Warning: Undefined property: class@anonymous::$insert_id in D:\meowseo\tests\properties\Property14RedirectMatchingCorrectnessTest.php on line 558

Warning: Undefined property: class@anonymous::$insert_id in D:\meowseo\tests\properties\Property14RedirectMatchingCorrectnessTest.php on line 558

Warning: Undefined property: class@anonymous::$insert_id in D:\meowseo\tests\properties\Property14RedirectMatchingCorrectnessTest.php on line 558

Warning: Undefined property: class@anonymous::$insert_id in D:\meowseo\tests\properties\Property14RedirectMatchingCorrectnessTest.php on line 558

Warning: Undefined property: class@anonymous::$insert_id in D:\meowseo\tests\properties\Property14RedirectMatchingCorrectnessTest.php on line 558

Warning: Undefined property: class@anonymous::$insert_id in D:\meowseo\tests\properties\Property14RedirectMatchingCorrectnessTest.php on line 558

Warning: Undefined property: class@anonymous::$insert_id in D:\meowseo\tests\properties\Property14RedirectMatchingCorrectnessTest.php on line 558

Warning: Undefined property: class@anonymous::$insert_id in D:\meowseo\tests\properties\Property14RedirectMatchingCorrectnessTest.php on line 558

Warning: Undefined property: class@anonymous::$insert_id in D:\meowseo\tests\properties\Property14RedirectMatchingCorrectnessTest.php on line 558

Warning: Undefined property: class@anonymous::$insert_id in D:\meowseo\tests\properties\Property14RedirectMatchingCorrectnessTest.php on line 558

Warning: Undefined property: class@anonymous::$insert_id in D:\meowseo\tests\properties\Property14RedirectMatchingCorrectnessTest.php on line 558

Warning: Undefined property: class@anonymous::$insert_id in D:\meowseo\tests\properties\Property14RedirectMatchingCorrectnessTest.php on line 558

Warning: Undefined property: class@anonymous::$insert_id in D:\meowseo\tests\properties\Property14RedirectMatchingCorrectnessTest.php on line 558

Warning: Undefined property: class@anonymous::$insert_id in D:\meowseo\tests\properties\Property14RedirectMatchingCorrectnessTest.php on line 558

Warning: Undefined property: class@anonymous::$insert_id in D:\meowseo\tests\properties\Property14RedirectMatchingCorrectnessTest.php on line 558

Warning: Undefined property: class@anonymous::$insert_id in D:\meowseo\tests\properties\Property14RedirectMatchingCorrectnessTest.php on line 558

Warning: Undefined property: class@anonymous::$insert_id in D:\meowseo\tests\properties\Property14RedirectMatchingCorrectnessTest.php on line 558

Warning: Undefined property: class@anonymous::$insert_id in D:\meowseo\tests\properties\Property14RedirectMatchingCorrectnessTest.php on line 558

Warning: Undefined property: class@anonymous::$insert_id in D:\meowseo\tests\properties\Property14RedirectMatchingCorrectnessTest.php on line 558

Warning: Undefined property: class@anonymous::$insert_id in D:\meowseo\tests\properties\Property14RedirectMatchingCorrectnessTest.php on line 558

Warning: Undefined property: class@anonymous::$insert_id in D:\meowseo\tests\properties\Property14RedirectMatchingCorrectnessTest.php on line 558

Warning: Undefined property: class@anonymous::$insert_id in D:\meowseo\tests\properties\Property14RedirectMatchingCorrectnessTest.php on line 558

Warning: Undefined property: class@anonymous::$insert_id in D:\meowseo\tests\properties\Property14RedirectMatchingCorrectnessTest.php on line 558

Warning: Undefined property: class@anonymous::$insert_id in D:\meowseo\tests\properties\Property14RedirectMatchingCorrectnessTest.php on line 558

Warning: Undefined property: class@anonymous::$insert_id in D:\meowseo\tests\properties\Property14RedirectMatchingCorrectnessTest.php on line 558

Warning: Undefined property: class@anonymous::$insert_id in D:\meowseo\tests\properties\Property14RedirectMatchingCorrectnessTest.php on line 558

Warning: Undefined property: class@anonymous::$insert_id in D:\meowseo\tests\properties\Property14RedirectMatchingCorrectnessTest.php on line 558

Warning: Undefined property: class@anonymous::$insert_id in D:\meowseo\tests\properties\Property14RedirectMatchingCorrectnessTest.php on line 558

Warning: Undefined property: class@anonymous::$insert_id in D:\meowseo\tests\properties\Property14RedirectMatchingCorrectnessTest.php on line 558

Warning: Undefined property: class@anonymous::$insert_id in D:\meowseo\tests\properties\Property14RedirectMatchingCorrectnessTest.php on line 558

Warning: Undefined property: class@anonymous::$insert_id in D:\meowseo\tests\properties\Property14RedirectMatchingCorrectnessTest.php on line 558

Warning: Undefined property: class@anonymous::$insert_id in D:\meowseo\tests\properties\Property14RedirectMatchingCorrectnessTest.php on line 558

Warning: Undefined property: class@anonymous::$insert_id in D:\meowseo\tests\properties\Property14RedirectMatchingCorrectnessTest.php on line 558

Warning: Undefined property: class@anonymous::$insert_id in D:\meowseo\tests\properties\Property14RedirectMatchingCorrectnessTest.php on line 558

Warning: Undefined property: class@anonymous::$insert_id in D:\meowseo\tests\properties\Property14RedirectMatchingCorrectnessTest.php on line 558

Warning: Undefined property: class@anonymous::$insert_id in D:\meowseo\tests\properties\Property14RedirectMatchingCorrectnessTest.php on line 558

Warning: Undefined property: class@anonymous::$insert_id in D:\meowseo\tests\properties\Property14RedirectMatchingCorrectnessTest.php on line 558

Warning: Undefined property: class@anonymous::$insert_id in D:\meowseo\tests\properties\Property14RedirectMatchingCorrectnessTest.php on line 558

Warning: Undefined property: class@anonymous::$insert_id in D:\meowseo\tests\properties\Property14RedirectMatchingCorrectnessTest.php on line 558

Warning: Undefined property: class@anonymous::$insert_id in D:\meowseo\tests\properties\Property14RedirectMatchingCorrectnessTest.php on line 558

Warning: Undefined property: class@anonymous::$insert_id in D:\meowseo\tests\properties\Property14RedirectMatchingCorrectnessTest.php on line 558

Warning: Undefined property: class@anonymous::$insert_id in D:\meowseo\tests\properties\Property14RedirectMatchingCorrectnessTest.php on line 558

Warning: Undefined property: class@anonymous::$insert_id in D:\meowseo\tests\properties\Property14RedirectMatchingCorrectnessTest.php on line 558

Warning: Undefined property: class@anonymous::$insert_id in D:\meowseo\tests\properties\Property14RedirectMatchingCorrectnessTest.php on line 558

Warning: Undefined property: class@anonymous::$insert_id in D:\meowseo\tests\properties\Property14RedirectMatchingCorrectnessTest.php on line 558

Warning: Undefined property: class@anonymous::$insert_id in D:\meowseo\tests\properties\Property14RedirectMatchingCorrectnessTest.php on line 558

Warning: Undefined property: class@anonymous::$insert_id in D:\meowseo\tests\properties\Property14RedirectMatchingCorrectnessTest.php on line 558

Warning: Undefined property: class@anonymous::$insert_id in D:\meowseo\tests\properties\Property14RedirectMatchingCorrectnessTest.php on line 558

Warning: Undefined property: class@anonymous::$insert_id in D:\meowseo\tests\properties\Property14RedirectMatchingCorrectnessTest.php on line 558

Warning: Undefined property: class@anonymous::$insert_id in D:\meowseo\tests\properties\Property14RedirectMatchingCorrectnessTest.php on line 558

Warning: Undefined property: class@anonymous::$insert_id in D:\meowseo\tests\properties\Property14RedirectMatchingCorrectnessTest.php on line 558

Warning: Undefined property: class@anonymous::$insert_id in D:\meowseo\tests\properties\Property14RedirectMatchingCorrectnessTest.php on line 558

Warning: Undefined property: class@anonymous::$insert_id in D:\meowseo\tests\properties\Property14RedirectMatchingCorrectnessTest.php on line 558

Warning: Undefined property: class@anonymous::$insert_id in D:\meowseo\tests\properties\Property14RedirectMatchingCorrectnessTest.php on line 558

Warning: Undefined property: class@anonymous::$insert_id in D:\meowseo\tests\properties\Property14RedirectMatchingCorrectnessTest.php on line 558

Warning: Undefined property: class@anonymous::$insert_id in D:\meowseo\tests\properties\Property14RedirectMatchingCorrectnessTest.php on line 558

Warning: Undefined property: class@anonymous::$insert_id in D:\meowseo\tests\properties\Property14RedirectMatchingCorrectnessTest.php on line 558

Warning: Undefined property: class@anonymous::$insert_id in D:\meowseo\tests\properties\Property14RedirectMatchingCorrectnessTest.php on line 558

Warning: Undefined property: class@anonymous::$insert_id in D:\meowseo\tests\properties\Property14RedirectMatchingCorrectnessTest.php on line 558

Warning: Undefined property: class@anonymous::$insert_id in D:\meowseo\tests\properties\Property14RedirectMatchingCorrectnessTest.php on line 558

Warning: Undefined property: class@anonymous::$insert_id in D:\meowseo\tests\properties\Property14RedirectMatchingCorrectnessTest.php on line 558

Warning: Undefined property: class@anonymous::$insert_id in D:\meowseo\tests\properties\Property14RedirectMatchingCorrectnessTest.php on line 558

Warning: Undefined property: class@anonymous::$insert_id in D:\meowseo\tests\properties\Property14RedirectMatchingCorrectnessTest.php on line 558

Warning: Undefined property: class@anonymous::$insert_id in D:\meowseo\tests\properties\Property14RedirectMatchingCorrectnessTest.php on line 558

Warning: Undefined property: class@anonymous::$insert_id in D:\meowseo\tests\properties\Property14RedirectMatchingCorrectnessTest.php on line 558

Warning: Undefined property: class@anonymous::$insert_id in D:\meowseo\tests\properties\Property14RedirectMatchingCorrectnessTest.php on line 558

Warning: Undefined property: class@anonymous::$insert_id in D:\meowseo\tests\properties\Property14RedirectMatchingCorrectnessTest.php on line 558

Warning: Undefined property: class@anonymous::$insert_id in D:\meowseo\tests\properties\Property14RedirectMatchingCorrectnessTest.php on line 558

Warning: Undefined property: class@anonymous::$insert_id in D:\meowseo\tests\properties\Property14RedirectMatchingCorrectnessTest.php on line 558

Warning: Undefined property: class@anonymous::$insert_id in D:\meowseo\tests\properties\Property14RedirectMatchingCorrectnessTest.php on line 558

Warning: Undefined property: class@anonymous::$insert_id in D:\meowseo\tests\properties\Property14RedirectMatchingCorrectnessTest.php on line 558

Warning: Undefined property: class@anonymous::$insert_id in D:\meowseo\tests\properties\Property14RedirectMatchingCorrectnessTest.php on line 558

Warning: Undefined property: class@anonymous::$insert_id in D:\meowseo\tests\properties\Property14RedirectMatchingCorrectnessTest.php on line 558

Warning: Undefined property: class@anonymous::$insert_id in D:\meowseo\tests\properties\Property14RedirectMatchingCorrectnessTest.php on line 558

Warning: Undefined property: class@anonymous::$insert_id in D:\meowseo\tests\properties\Property14RedirectMatchingCorrectnessTest.php on line 558

Warning: Undefined property: class@anonymous::$insert_id in D:\meowseo\tests\properties\Property14RedirectMatchingCorrectnessTest.php on line 558

Warning: Undefined property: class@anonymous::$insert_id in D:\meowseo\tests\properties\Property14RedirectMatchingCorrectnessTest.php on line 558

Warning: Undefined property: class@anonymous::$insert_id in D:\meowseo\tests\properties\Property14RedirectMatchingCorrectnessTest.php on line 558

Warning: Undefined property: class@anonymous::$insert_id in D:\meowseo\tests\properties\Property14RedirectMatchingCorrectnessTest.php on line 558

Warning: Undefined property: class@anonymous::$insert_id in D:\meowseo\tests\properties\Property14RedirectMatchingCorrectnessTest.php on line 558

Warning: Undefined property: class@anonymous::$insert_id in D:\meowseo\tests\properties\Property14RedirectMatchingCorrectnessTest.php on line 558

Warning: Undefined property: class@anonymous::$insert_id in D:\meowseo\tests\properties\Property14RedirectMatchingCorrectnessTest.php on line 558

Warning: Undefined property: class@anonymous::$insert_id in D:\meowseo\tests\properties\Property14RedirectMatchingCorrectnessTest.php on line 558

Warning: Undefined property: class@anonymous::$insert_id in D:\meowseo\tests\properties\Property14RedirectMatchingCorrectnessTest.php on line 558

Warning: Undefined property: class@anonymous::$insert_id in D:\meowseo\tests\properties\Property14RedirectMatchingCorrectnessTest.php on line 558

Warning: Undefined property: class@anonymous::$insert_id in D:\meowseo\tests\properties\Property14RedirectMatchingCorrectnessTest.php on line 558

Warning: Undefined property: class@anonymous::$insert_id in D:\meowseo\tests\properties\Property14RedirectMatchingCorrectnessTest.php on line 558

Warning: Undefined property: class@anonymous::$insert_id in D:\meowseo\tests\properties\Property14RedirectMatchingCorrectnessTest.php on line 558

Warning: Undefined property: class@anonymous::$insert_id in D:\meowseo\tests\properties\Property14RedirectMatchingCorrectnessTest.php on line 558

Warning: Undefined property: class@anonymous::$insert_id in D:\meowseo\tests\properties\Property14RedirectMatchingCorrectnessTest.php on line 558

Warning: Undefined property: class@anonymous::$insert_id in D:\meowseo\tests\properties\Property14RedirectMatchingCorrectnessTest.php on line 558

Warning: Undefined property: class@anonymous::$insert_id in D:\meowseo\tests\properties\Property14RedirectMatchingCorrectnessTest.php on line 558

Warning: Undefined property: class@anonymous::$insert_id in D:\meowseo\tests\properties\Property14RedirectMatchingCorrectnessTest.php on line 558

Warning: Undefined property: class@anonymous::$insert_id in D:\meowseo\tests\properties\Property14RedirectMatchingCorrectnessTest.php on line 558

Warning: Undefined property: class@anonymous::$insert_id in D:\meowseo\tests\properties\Property14RedirectMatchingCorrectnessTest.php on line 558

Warning: Undefined property: class@anonymous::$insert_id in D:\meowseo\tests\properties\Property14RedirectMatchingCorrectnessTest.php on line 558

Warning: Undefined property: class@anonymous::$insert_id in D:\meowseo\tests\properties\Property14RedirectMatchingCorrectnessTest.php on line 558

Warning: Undefined property: class@anonymous::$insert_id in D:\meowseo\tests\properties\Property14RedirectMatchingCorrectnessTest.php on line 558

Warning: Undefined property: class@anonymous::$insert_id in D:\meowseo\tests\properties\Property14RedirectMatchingCorrectnessTest.php on line 558

Warning: Undefined property: class@anonymous::$insert_id in D:\meowseo\tests\properties\Property14RedirectMatchingCorrectnessTest.php on line 558

Warning: Undefined property: class@anonymous::$insert_id in D:\meowseo\tests\properties\Property14RedirectMatchingCorrectnessTest.php on line 558

Warning: Undefined property: class@anonymous::$insert_id in D:\meowseo\tests\properties\Property14RedirectMatchingCorrectnessTest.php on line 558

Warning: Undefined property: class@anonymous::$insert_id in D:\meowseo\tests\properties\Property14RedirectMatchingCorrectnessTest.php on line 558

Warning: Undefined property: class@anonymous::$insert_id in D:\meowseo\tests\properties\Property14RedirectMatchingCorrectnessTest.php on line 558

Warning: Undefined property: class@anonymous::$insert_id in D:\meowseo\tests\properties\Property14RedirectMatchingCorrectnessTest.php on line 558

Warning: Undefined property: class@anonymous::$insert_id in D:\meowseo\tests\properties\Property14RedirectMatchingCorrectnessTest.php on line 558

Warning: Undefined property: class@anonymous::$insert_id in D:\meowseo\tests\properties\Property14RedirectMatchingCorrectnessTest.php on line 558

Warning: Undefined property: class@anonymous::$insert_id in D:\meowseo\tests\properties\Property14RedirectMatchingCorrectnessTest.php on line 558

Warning: Undefined property: class@anonymous::$insert_id in D:\meowseo\tests\properties\Property14RedirectMatchingCorrectnessTest.php on line 558

Warning: Undefined property: class@anonymous::$insert_id in D:\meowseo\tests\properties\Property14RedirectMatchingCorrectnessTest.php on line 558

Warning: Undefined property: class@anonymous::$insert_id in D:\meowseo\tests\properties\Property14RedirectMatchingCorrectnessTest.php on line 558

Warning: Undefined property: class@anonymous::$insert_id in D:\meowseo\tests\properties\Property14RedirectMatchingCorrectnessTest.php on line 558

Warning: Undefined property: class@anonymous::$insert_id in D:\meowseo\tests\properties\Property14RedirectMatchingCorrectnessTest.php on line 558

Warning: Undefined property: class@anonymous::$insert_id in D:\meowseo\tests\properties\Property14RedirectMatchingCorrectnessTest.php on line 558

Warning: Undefined property: class@anonymous::$insert_id in D:\meowseo\tests\properties\Property14RedirectMatchingCorrectnessTest.php on line 558

Warning: Undefined property: class@anonymous::$insert_id in D:\meowseo\tests\properties\Property14RedirectMatchingCorrectnessTest.php on line 558

Warning: Undefined property: class@anonymous::$insert_id in D:\meowseo\tests\properties\Property14RedirectMatchingCorrectnessTest.php on line 558

Warning: Undefined property: class@anonymous::$insert_id in D:\meowseo\tests\properties\Property14RedirectMatchingCorrectnessTest.php on line 558

Warning: Undefined property: class@anonymous::$insert_id in D:\meowseo\tests\properties\Property14RedirectMatchingCorrectnessTest.php on line 558

Warning: Undefined property: class@anonymous::$insert_id in D:\meowseo\tests\properties\Property14RedirectMatchingCorrectnessTest.php on line 558

Warning: Undefined property: class@anonymous::$insert_id in D:\meowseo\tests\properties\Property14RedirectMatchingCorrectnessTest.php on line 558

Warning: Undefined property: class@anonymous::$insert_id in D:\meowseo\tests\properties\Property14RedirectMatchingCorrectnessTest.php on line 558

Warning: Undefined property: class@anonymous::$insert_id in D:\meowseo\tests\properties\Property14RedirectMatchingCorrectnessTest.php on line 558

Warning: Undefined property: class@anonymous::$insert_id in D:\meowseo\tests\properties\Property14RedirectMatchingCorrectnessTest.php on line 558

Warning: Undefined property: class@anonymous::$insert_id in D:\meowseo\tests\properties\Property14RedirectMatchingCorrectnessTest.php on line 558

Warning: Undefined property: class@anonymous::$insert_id in D:\meowseo\tests\properties\Property14RedirectMatchingCorrectnessTest.php on line 558

Warning: Undefined property: class@anonymous::$insert_id in D:\meowseo\tests\properties\Property14RedirectMatchingCorrectnessTest.php on line 558

Warning: Undefined property: class@anonymous::$insert_id in D:\meowseo\tests\properties\Property14RedirectMatchingCorrectnessTest.php on line 558

Warning: Undefined property: class@anonymous::$insert_id in D:\meowseo\tests\properties\Property14RedirectMatchingCorrectnessTest.php on line 558

Warning: Undefined property: class@anonymous::$insert_id in D:\meowseo\tests\properties\Property14RedirectMatchingCorrectnessTest.php on line 558

Warning: Undefined property: class@anonymous::$insert_id in D:\meowseo\tests\properties\Property14RedirectMatchingCorrectnessTest.php on line 558

Warning: Undefined property: class@anonymous::$insert_id in D:\meowseo\tests\properties\Property14RedirectMatchingCorrectnessTest.php on line 558

Warning: Undefined property: class@anonymous::$insert_id in D:\meowseo\tests\properties\Property14RedirectMatchingCorrectnessTest.php on line 558

Warning: Undefined property: class@anonymous::$insert_id in D:\meowseo\tests\properties\Property14RedirectMatchingCorrectnessTest.php on line 558

Warning: Undefined property: class@anonymous::$insert_id in D:\meowseo\tests\properties\Property14RedirectMatchingCorrectnessTest.php on line 558

Warning: Undefined property: class@anonymous::$insert_id in D:\meowseo\tests\properties\Property14RedirectMatchingCorrectnessTest.php on line 558

Warning: Undefined property: class@anonymous::$insert_id in D:\meowseo\tests\properties\Property14RedirectMatchingCorrectnessTest.php on line 558

Warning: Undefined property: class@anonymous::$insert_id in D:\meowseo\tests\properties\Property14RedirectMatchingCorrectnessTest.php on line 558

Warning: Undefined property: class@anonymous::$insert_id in D:\meowseo\tests\properties\Property14RedirectMatchingCorrectnessTest.php on line 558

Warning: Undefined property: class@anonymous::$insert_id in D:\meowseo\tests\properties\Property14RedirectMatchingCorrectnessTest.php on line 558

Warning: Undefined property: class@anonymous::$insert_id in D:\meowseo\tests\properties\Property14RedirectMatchingCorrectnessTest.php on line 558

Warning: Undefined property: class@anonymous::$insert_id in D:\meowseo\tests\properties\Property14RedirectMatchingCorrectnessTest.php on line 558

Warning: Undefined property: class@anonymous::$insert_id in D:\meowseo\tests\properties\Property14RedirectMatchingCorrectnessTest.php on line 558

Warning: Undefined property: class@anonymous::$insert_id in D:\meowseo\tests\properties\Property14RedirectMatchingCorrectnessTest.php on line 558

Warning: Undefined property: class@anonymous::$insert_id in D:\meowseo\tests\properties\Property14RedirectMatchingCorrectnessTest.php on line 558

Warning: Undefined property: class@anonymous::$insert_id in D:\meowseo\tests\properties\Property14RedirectMatchingCorrectnessTest.php on line 558

Warning: Undefined property: class@anonymous::$insert_id in D:\meowseo\tests\properties\Property14RedirectMatchingCorrectnessTest.php on line 558

Warning: Undefined property: class@anonymous::$insert_id in D:\meowseo\tests\properties\Property14RedirectMatchingCorrectnessTest.php on line 558

Warning: Undefined property: class@anonymous::$insert_id in D:\meowseo\tests\properties\Property14RedirectMatchingCorrectnessTest.php on line 558

Warning: Undefined property: class@anonymous::$insert_id in D:\meowseo\tests\properties\Property14RedirectMatchingCorrectnessTest.php on line 558

Warning: Undefined property: class@anonymous::$insert_id in D:\meowseo\tests\properties\Property14RedirectMatchingCorrectnessTest.php on line 558

Warning: Undefined property: class@anonymous::$insert_id in D:\meowseo\tests\properties\Property14RedirectMatchingCorrectnessTest.php on line 558

Warning: Undefined property: class@anonymous::$insert_id in D:\meowseo\tests\properties\Property14RedirectMatchingCorrectnessTest.php on line 558

Warning: Undefined property: class@anonymous::$insert_id in D:\meowseo\tests\properties\Property14RedirectMatchingCorrectnessTest.php on line 558

Warning: Undefined property: class@anonymous::$insert_id in D:\meowseo\tests\properties\Property14RedirectMatchingCorrectnessTest.php on line 558

Warning: Undefined property: class@anonymous::$insert_id in D:\meowseo\tests\properties\Property14RedirectMatchingCorrectnessTest.php on line 558

Warning: Undefined property: class@anonymous::$insert_id in D:\meowseo\tests\properties\Property14RedirectMatchingCorrectnessTest.php on line 558

Warning: Undefined property: class@anonymous::$insert_id in D:\meowseo\tests\properties\Property14RedirectMatchingCorrectnessTest.php on line 558

Warning: Undefined property: class@anonymous::$insert_id in D:\meowseo\tests\properties\Property14RedirectMatchingCorrectnessTest.php on line 558

Warning: Undefined property: class@anonymous::$insert_id in D:\meowseo\tests\properties\Property14RedirectMatchingCorrectnessTest.php on line 558

Warning: Undefined property: class@anonymous::$insert_id in D:\meowseo\tests\properties\Property14RedirectMatchingCorrectnessTest.php on line 558

Warning: Undefined property: class@anonymous::$insert_id in D:\meowseo\tests\properties\Property14RedirectMatchingCorrectnessTest.php on line 558

Warning: Undefined property: class@anonymous::$insert_id in D:\meowseo\tests\properties\Property14RedirectMatchingCorrectnessTest.php on line 558

Warning: Undefined property: class@anonymous::$insert_id in D:\meowseo\tests\properties\Property14RedirectMatchingCorrectnessTest.php on line 558

Warning: Undefined property: class@anonymous::$insert_id in D:\meowseo\tests\properties\Property14RedirectMatchingCorrectnessTest.php on line 558

Warning: Undefined property: class@anonymous::$insert_id in D:\meowseo\tests\properties\Property14RedirectMatchingCorrectnessTest.php on line 558

Warning: Undefined property: class@anonymous::$insert_id in D:\meowseo\tests\properties\Property14RedirectMatchingCorrectnessTest.php on line 558

Warning: Undefined property: class@anonymous::$insert_id in D:\meowseo\tests\properties\Property14RedirectMatchingCorrectnessTest.php on line 558

Warning: Undefined property: class@anonymous::$insert_id in D:\meowseo\tests\properties\Property14RedirectMatchingCorrectnessTest.php on line 558

Warning: Undefined property: class@anonymous::$insert_id in D:\meowseo\tests\properties\Property14RedirectMatchingCorrectnessTest.php on line 558

Warning: Undefined property: class@anonymous::$insert_id in D:\meowseo\tests\properties\Property14RedirectMatchingCorrectnessTest.php on line 558

Warning: Undefined property: class@anonymous::$insert_id in D:\meowseo\tests\properties\Property14RedirectMatchingCorrectnessTest.php on line 558

Warning: Undefined property: class@anonymous::$insert_id in D:\meowseo\tests\properties\Property14RedirectMatchingCorrectnessTest.php on line 558

Warning: Undefined property: class@anonymous::$insert_id in D:\meowseo\tests\properties\Property14RedirectMatchingCorrectnessTest.php on line 558

Warning: Undefined property: class@anonymous::$insert_id in D:\meowseo\tests\properties\Property14RedirectMatchingCorrectnessTest.php on line 558

Warning: Undefined property: class@anonymous::$insert_id in D:\meowseo\tests\properties\Property14RedirectMatchingCorrectnessTest.php on line 558

Warning: Undefined property: class@anonymous::$insert_id in D:\meowseo\tests\properties\Property14RedirectMatchingCorrectnessTest.php on line 558

Warning: Undefined property: class@anonymous::$insert_id in D:\meowseo\tests\properties\Property14RedirectMatchingCorrectnessTest.php on line 558

Warning: Undefined property: class@anonymous::$insert_id in D:\meowseo\tests\properties\Property14RedirectMatchingCorrectnessTest.php on line 558

Warning: Undefined property: class@anonymous::$insert_id in D:\meowseo\tests\properties\Property14RedirectMatchingCorrectnessTest.php on line 558

Warning: Undefined property: class@anonymous::$insert_id in D:\meowseo\tests\properties\Property14RedirectMatchingCorrectnessTest.php on line 558

Warning: Undefined property: class@anonymous::$insert_id in D:\meowseo\tests\properties\Property14RedirectMatchingCorrectnessTest.php on line 558

Warning: Undefined property: class@anonymous::$insert_id in D:\meowseo\tests\properties\Property14RedirectMatchingCorrectnessTest.php on line 558

Warning: Undefined property: class@anonymous::$insert_id in D:\meowseo\tests\properties\Property14RedirectMatchingCorrectnessTest.php on line 558

Warning: Undefined property: class@anonymous::$insert_id in D:\meowseo\tests\properties\Property14RedirectMatchingCorrectnessTest.php on line 558

Warning: Undefined property: class@anonymous::$insert_id in D:\meowseo\tests\properties\Property14RedirectMatchingCorrectnessTest.php on line 558

Warning: Undefined property: class@anonymous::$insert_id in D:\meowseo\tests\properties\Property14RedirectMatchingCorrectnessTest.php on line 558

Warning: Undefined property: class@anonymous::$insert_id in D:\meowseo\tests\properties\Property14RedirectMatchingCorrectnessTest.php on line 558

Warning: Undefined property: class@anonymous::$insert_id in D:\meowseo\tests\properties\Property14RedirectMatchingCorrectnessTest.php on line 558

Warning: Undefined property: class@anonymous::$insert_id in D:\meowseo\tests\properties\Property14RedirectMatchingCorrectnessTest.php on line 558

Warning: Undefined property: class@anonymous::$insert_id in D:\meowseo\tests\properties\Property14RedirectMatchingCorrectnessTest.php on line 558

Warning: Undefined property: class@anonymous::$insert_id in D:\meowseo\tests\properties\Property14RedirectMatchingCorrectnessTest.php on line 558

Warning: Undefined property: class@anonymous::$insert_id in D:\meowseo\tests\properties\Property14RedirectMatchingCorrectnessTest.php on line 558

Warning: Undefined property: class@anonymous::$insert_id in D:\meowseo\tests\properties\Property14RedirectMatchingCorrectnessTest.php on line 558

Warning: Undefined property: class@anonymous::$insert_id in D:\meowseo\tests\properties\Property14RedirectMatchingCorrectnessTest.php on line 558

Warning: Undefined property: class@anonymous::$insert_id in D:\meowseo\tests\properties\Property14RedirectMatchingCorrectnessTest.php on line 558

Warning: Undefined property: class@anonymous::$insert_id in D:\meowseo\tests\properties\Property14RedirectMatchingCorrectnessTest.php on line 558

Warning: Undefined property: class@anonymous::$insert_id in D:\meowseo\tests\properties\Property14RedirectMatchingCorrectnessTest.php on line 558

Warning: Undefined property: class@anonymous::$insert_id in D:\meowseo\tests\properties\Property14RedirectMatchingCorrectnessTest.php on line 558

Warning: Undefined property: class@anonymous::$insert_id in D:\meowseo\tests\properties\Property14RedirectMatchingCorrectnessTest.php on line 558

Warning: Undefined property: class@anonymous::$insert_id in D:\meowseo\tests\properties\Property14RedirectMatchingCorrectnessTest.php on line 558

Warning: Undefined property: class@anonymous::$insert_id in D:\meowseo\tests\properties\Property14RedirectMatchingCorrectnessTest.php on line 558

Warning: Undefined property: class@anonymous::$insert_id in D:\meowseo\tests\properties\Property14RedirectMatchingCorrectnessTest.php on line 558

Warning: Undefined property: class@anonymous::$insert_id in D:\meowseo\tests\properties\Property14RedirectMatchingCorrectnessTest.php on line 558

Warning: Undefined property: class@anonymous::$insert_id in D:\meowseo\tests\properties\Property14RedirectMatchingCorrectnessTest.php on line 558

Warning: Undefined property: class@anonymous::$insert_id in D:\meowseo\tests\properties\Property14RedirectMatchingCorrectnessTest.php on line 558

Warning: Undefined property: class@anonymous::$insert_id in D:\meowseo\tests\properties\Property14RedirectMatchingCorrectnessTest.php on line 558

Warning: Undefined property: class@anonymous::$insert_id in D:\meowseo\tests\properties\Property14RedirectMatchingCorrectnessTest.php on line 558

Warning: Undefined property: class@anonymous::$insert_id in D:\meowseo\tests\properties\Property14RedirectMatchingCorrectnessTest.php on line 558

Warning: Undefined property: class@anonymous::$insert_id in D:\meowseo\tests\properties\Property14RedirectMatchingCorrectnessTest.php on line 558

Warning: Undefined property: class@anonymous::$insert_id in D:\meowseo\tests\properties\Property14RedirectMatchingCorrectnessTest.php on line 558

Warning: Undefined property: class@anonymous::$insert_id in D:\meowseo\tests\properties\Property14RedirectMatchingCorrectnessTest.php on line 558

Warning: Undefined property: class@anonymous::$insert_id in D:\meowseo\tests\properties\Property14RedirectMatchingCorrectnessTest.php on line 558

Warning: Undefined property: class@anonymous::$insert_id in D:\meowseo\tests\properties\Property14RedirectMatchingCorrectnessTest.php on line 558

Warning: Undefined property: class@anonymous::$insert_id in D:\meowseo\tests\properties\Property14RedirectMatchingCorrectnessTest.php on line 558

Warning: Undefined property: class@anonymous::$insert_id in D:\meowseo\tests\properties\Property14RedirectMatchingCorrectnessTest.php on line 558

Warning: Undefined property: class@anonymous::$insert_id in D:\meowseo\tests\properties\Property14RedirectMatchingCorrectnessTest.php on line 558

Warning: Undefined property: class@anonymous::$insert_id in D:\meowseo\tests\properties\Property14RedirectMatchingCorrectnessTest.php on line 558

Warning: Undefined property: class@anonymous::$insert_id in D:\meowseo\tests\properties\Property14RedirectMatchingCorrectnessTest.php on line 558

Warning: Undefined property: class@anonymous::$insert_id in D:\meowseo\tests\properties\Property14RedirectMatchingCorrectnessTest.php on line 558

Warning: Undefined property: class@anonymous::$insert_id in D:\meowseo\tests\properties\Property14RedirectMatchingCorrectnessTest.php on line 558

Warning: Undefined property: class@anonymous::$insert_id in D:\meowseo\tests\properties\Property14RedirectMatchingCorrectnessTest.php on line 558

Warning: Undefined property: class@anonymous::$insert_id in D:\meowseo\tests\properties\Property14RedirectMatchingCorrectnessTest.php on line 558

Warning: Undefined property: class@anonymous::$insert_id in D:\meowseo\tests\properties\Property14RedirectMatchingCorrectnessTest.php on line 558

Warning: Undefined property: class@anonymous::$insert_id in D:\meowseo\tests\properties\Property14RedirectMatchingCorrectnessTest.php on line 558

Warning: Undefined property: class@anonymous::$insert_id in D:\meowseo\tests\properties\Property14RedirectMatchingCorrectnessTest.php on line 558

Warning: Undefined property: class@anonymous::$insert_id in D:\meowseo\tests\properties\Property14RedirectMatchingCorrectnessTest.php on line 558

Warning: Undefined property: class@anonymous::$insert_id in D:\meowseo\tests\properties\Property14RedirectMatchingCorrectnessTest.php on line 558

Warning: Undefined property: class@anonymous::$insert_id in D:\meowseo\tests\properties\Property14RedirectMatchingCorrectnessTest.php on line 558

Warning: Undefined property: class@anonymous::$insert_id in D:\meowseo\tests\properties\Property14RedirectMatchingCorrectnessTest.php on line 558

Warning: Undefined property: class@anonymous::$insert_id in D:\meowseo\tests\properties\Property14RedirectMatchingCorrectnessTest.php on line 558

Warning: Undefined property: class@anonymous::$insert_id in D:\meowseo\tests\properties\Property14RedirectMatchingCorrectnessTest.php on line 558

Warning: Undefined property: class@anonymous::$insert_id in D:\meowseo\tests\properties\Property14RedirectMatchingCorrectnessTest.php on line 558

Warning: Undefined property: class@anonymous::$insert_id in D:\meowseo\tests\properties\Property14RedirectMatchingCorrectnessTest.php on line 558

Warning: Undefined property: class@anonymous::$insert_id in D:\meowseo\tests\properties\Property14RedirectMatchingCorrectnessTest.php on line 558

Warning: Undefined property: class@anonymous::$insert_id in D:\meowseo\tests\properties\Property14RedirectMatchingCorrectnessTest.php on line 558

Warning: Undefined property: class@anonymous::$insert_id in D:\meowseo\tests\properties\Property14RedirectMatchingCorrectnessTest.php on line 558

Warning: Undefined property: class@anonymous::$insert_id in D:\meowseo\tests\properties\Property14RedirectMatchingCorrectnessTest.php on line 558

Warning: Undefined property: class@anonymous::$insert_id in D:\meowseo\tests\properties\Property14RedirectMatchingCorrectnessTest.php on line 558

Warning: Undefined property: class@anonymous::$insert_id in D:\meowseo\tests\properties\Property14RedirectMatchingCorrectnessTest.php on line 558

Warning: Undefined property: class@anonymous::$insert_id in D:\meowseo\tests\properties\Property14RedirectMatchingCorrectnessTest.php on line 558

Warning: Undefined property: class@anonymous::$insert_id in D:\meowseo\tests\properties\Property14RedirectMatchingCorrectnessTest.php on line 558

Warning: Undefined property: class@anonymous::$insert_id in D:\meowseo\tests\properties\Property14RedirectMatchingCorrectnessTest.php on line 558

Warning: Undefined property: class@anonymous::$insert_id in D:\meowseo\tests\properties\Property14RedirectMatchingCorrectnessTest.php on line 558

Warning: Undefined property: class@anonymous::$insert_id in D:\meowseo\tests\properties\Property14RedirectMatchingCorrectnessTest.php on line 558

Warning: Undefined property: class@anonymous::$insert_id in D:\meowseo\tests\properties\Property14RedirectMatchingCorrectnessTest.php on line 558

Warning: Undefined property: class@anonymous::$insert_id in D:\meowseo\tests\properties\Property14RedirectMatchingCorrectnessTest.php on line 558

Warning: Undefined property: class@anonymous::$insert_id in D:\meowseo\tests\properties\Property14RedirectMatchingCorrectnessTest.php on line 558

Warning: Undefined property: class@anonymous::$insert_id in D:\meowseo\tests\properties\Property14RedirectMatchingCorrectnessTest.php on line 558

Warning: Undefined property: class@anonymous::$insert_id in D:\meowseo\tests\properties\Property14RedirectMatchingCorrectnessTest.php on line 558

Warning: Undefined property: class@anonymous::$insert_id in D:\meowseo\tests\properties\Property14RedirectMatchingCorrectnessTest.php on line 558

Warning: Undefined property: class@anonymous::$insert_id in D:\meowseo\tests\properties\Property14RedirectMatchingCorrectnessTest.php on line 558

Warning: Undefined property: class@anonymous::$insert_id in D:\meowseo\tests\properties\Property14RedirectMatchingCorrectnessTest.php on line 558

Warning: Undefined property: class@anonymous::$insert_id in D:\meowseo\tests\properties\Property14RedirectMatchingCorrectnessTest.php on line 558

Warning: Undefined property: class@anonymous::$insert_id in D:\meowseo\tests\properties\Property14RedirectMatchingCorrectnessTest.php on line 558

Warning: Undefined property: class@anonymous::$insert_id in D:\meowseo\tests\properties\Property14RedirectMatchingCorrectnessTest.php on line 558

Warning: Undefined property: class@anonymous::$insert_id in D:\meowseo\tests\properties\Property14RedirectMatchingCorrectnessTest.php on line 558

Warning: Undefined property: class@anonymous::$insert_id in D:\meowseo\tests\properties\Property14RedirectMatchingCorrectnessTest.php on line 558

Warning: Undefined property: class@anonymous::$insert_id in D:\meowseo\tests\properties\Property14RedirectMatchingCorrectnessTest.php on line 558

Warning: Undefined property: class@anonymous::$insert_id in D:\meowseo\tests\properties\Property14RedirectMatchingCorrectnessTest.php on line 558

Warning: Undefined property: class@anonymous::$insert_id in D:\meowseo\tests\properties\Property14RedirectMatchingCorrectnessTest.php on line 558

Warning: Undefined property: class@anonymous::$insert_id in D:\meowseo\tests\properties\Property14RedirectMatchingCorrectnessTest.php on line 558

Warning: Undefined property: class@anonymous::$insert_id in D:\meowseo\tests\properties\Property14RedirectMatchingCorrectnessTest.php on line 558

Warning: Undefined property: class@anonymous::$insert_id in D:\meowseo\tests\properties\Property14RedirectMatchingCorrectnessTest.php on line 558

Warning: Undefined property: class@anonymous::$insert_id in D:\meowseo\tests\properties\Property14RedirectMatchingCorrectnessTest.php on line 558

Warning: Undefined property: class@anonymous::$insert_id in D:\meowseo\tests\properties\Property14RedirectMatchingCorrectnessTest.php on line 558

Warning: Undefined property: class@anonymous::$insert_id in D:\meowseo\tests\properties\Property14RedirectMatchingCorrectnessTest.php on line 558

Warning: Undefined property: class@anonymous::$insert_id in D:\meowseo\tests\properties\Property14RedirectMatchingCorrectnessTest.php on line 558

Warning: Undefined property: class@anonymous::$insert_id in D:\meowseo\tests\properties\Property14RedirectMatchingCorrectnessTest.php on line 558

Warning: Undefined property: class@anonymous::$insert_id in D:\meowseo\tests\properties\Property14RedirectMatchingCorrectnessTest.php on line 558

Warning: Undefined property: class@anonymous::$insert_id in D:\meowseo\tests\properties\Property14RedirectMatchingCorrectnessTest.php on line 558

Warning: Undefined property: class@anonymous::$insert_id in D:\meowseo\tests\properties\Property14RedirectMatchingCorrectnessTest.php on line 558

Warning: Undefined property: class@anonymous::$insert_id in D:\meowseo\tests\properties\Property14RedirectMatchingCorrectnessTest.php on line 558

Warning: Undefined property: class@anonymous::$insert_id in D:\meowseo\tests\properties\Property14RedirectMatchingCorrectnessTest.php on line 558

Warning: Undefined property: class@anonymous::$insert_id in D:\meowseo\tests\properties\Property14RedirectMatchingCorrectnessTest.php on line 558

Warning: Undefined property: class@anonymous::$insert_id in D:\meowseo\tests\properties\Property14RedirectMatchingCorrectnessTest.php on line 558

Warning: Undefined property: class@anonymous::$insert_id in D:\meowseo\tests\properties\Property14RedirectMatchingCorrectnessTest.php on line 558

Warning: Undefined property: class@anonymous::$insert_id in D:\meowseo\tests\properties\Property14RedirectMatchingCorrectnessTest.php on line 558

Warning: Undefined property: class@anonymous::$insert_id in D:\meowseo\tests\properties\Property14RedirectMatchingCorrectnessTest.php on line 558

Warning: Undefined property: class@anonymous::$insert_id in D:\meowseo\tests\properties\Property14RedirectMatchingCorrectnessTest.php on line 558

Warning: Undefined property: class@anonymous::$insert_id in D:\meowseo\tests\properties\Property14RedirectMatchingCorrectnessTest.php on line 558

Warning: Undefined property: class@anonymous::$insert_id in D:\meowseo\tests\properties\Property14RedirectMatchingCorrectnessTest.php on line 558

Warning: Undefined property: class@anonymous::$insert_id in D:\meowseo\tests\properties\Property14RedirectMatchingCorrectnessTest.php on line 558

Warning: Undefined property: class@anonymous::$insert_id in D:\meowseo\tests\properties\Property14RedirectMatchingCorrectnessTest.php on line 558

Warning: Undefined property: class@anonymous::$insert_id in D:\meowseo\tests\properties\Property14RedirectMatchingCorrectnessTest.php on line 558

Warning: Undefined property: class@anonymous::$insert_id in D:\meowseo\tests\properties\Property14RedirectMatchingCorrectnessTest.php on line 558

Warning: Undefined property: class@anonymous::$insert_id in D:\meowseo\tests\properties\Property14RedirectMatchingCorrectnessTest.php on line 558

Warning: Undefined property: class@anonymous::$insert_id in D:\meowseo\tests\properties\Property14RedirectMatchingCorrectnessTest.php on line 558

Warning: Undefined property: class@anonymous::$insert_id in D:\meowseo\tests\properties\Property14RedirectMatchingCorrectnessTest.php on line 558

Warning: Undefined property: class@anonymous::$insert_id in D:\meowseo\tests\properties\Property14RedirectMatchingCorrectnessTest.php on line 558

Warning: Undefined property: class@anonymous::$insert_id in D:\meowseo\tests\properties\Property14RedirectMatchingCorrectnessTest.php on line 558

Warning: Undefined property: class@anonymous::$insert_id in D:\meowseo\tests\properties\Property14RedirectMatchingCorrectnessTest.php on line 558

Warning: Undefined property: class@anonymous::$insert_id in D:\meowseo\tests\properties\Property14RedirectMatchingCorrectnessTest.php on line 558

Warning: Undefined property: class@anonymous::$insert_id in D:\meowseo\tests\properties\Property14RedirectMatchingCorrectnessTest.php on line 558

Warning: Undefined property: class@anonymous::$insert_id in D:\meowseo\tests\properties\Property14RedirectMatchingCorrectnessTest.php on line 558

Warning: Undefined property: class@anonymous::$insert_id in D:\meowseo\tests\properties\Property14RedirectMatchingCorrectnessTest.php on line 558

Warning: Undefined property: class@anonymous::$insert_id in D:\meowseo\tests\properties\Property14RedirectMatchingCorrectnessTest.php on line 558

Warning: Undefined property: class@anonymous::$insert_id in D:\meowseo\tests\properties\Property14RedirectMatchingCorrectnessTest.php on line 558

Warning: Undefined property: class@anonymous::$insert_id in D:\meowseo\tests\properties\Property14RedirectMatchingCorrectnessTest.php on line 558

Warning: Undefined property: class@anonymous::$insert_id in D:\meowseo\tests\properties\Property14RedirectMatchingCorrectnessTest.php on line 558

Warning: Undefined property: class@anonymous::$insert_id in D:\meowseo\tests\properties\Property14RedirectMatchingCorrectnessTest.php on line 558

Warning: Undefined property: class@anonymous::$insert_id in D:\meowseo\tests\properties\Property14RedirectMatchingCorrectnessTest.php on line 558

Warning: Undefined property: class@anonymous::$insert_id in D:\meowseo\tests\properties\Property14RedirectMatchingCorrectnessTest.php on line 558

Warning: Undefined property: class@anonymous::$insert_id in D:\meowseo\tests\properties\Property14RedirectMatchingCorrectnessTest.php on line 558

Warning: Undefined property: class@anonymous::$insert_id in D:\meowseo\tests\properties\Property14RedirectMatchingCorrectnessTest.php on line 558

Warning: Undefined property: class@anonymous::$insert_id in D:\meowseo\tests\properties\Property14RedirectMatchingCorrectnessTest.php on line 558

Warning: Undefined property: class@anonymous::$insert_id in D:\meowseo\tests\properties\Property14RedirectMatchingCorrectnessTest.php on line 558

Warning: Undefined property: class@anonymous::$insert_id in D:\meowseo\tests\properties\Property14RedirectMatchingCorrectnessTest.php on line 558

Warning: Undefined property: class@anonymous::$insert_id in D:\meowseo\tests\properties\Property14RedirectMatchingCorrectnessTest.php on line 558

Warning: Undefined property: class@anonymous::$insert_id in D:\meowseo\tests\properties\Property14RedirectMatchingCorrectnessTest.php on line 558

Warning: Undefined property: class@anonymous::$insert_id in D:\meowseo\tests\properties\Property14RedirectMatchingCorrectnessTest.php on line 558

Warning: Undefined property: class@anonymous::$insert_id in D:\meowseo\tests\properties\Property14RedirectMatchingCorrectnessTest.php on line 558

Warning: Undefined property: class@anonymous::$insert_id in D:\meowseo\tests\properties\Property14RedirectMatchingCorrectnessTest.php on line 558

Warning: Undefined property: class@anonymous::$insert_id in D:\meowseo\tests\properties\Property14RedirectMatchingCorrectnessTest.php on line 558

Warning: Undefined property: class@anonymous::$insert_id in D:\meowseo\tests\properties\Property14RedirectMatchingCorrectnessTest.php on line 558

Warning: Undefined property: class@anonymous::$insert_id in D:\meowseo\tests\properties\Property14RedirectMatchingCorrectnessTest.php on line 558

Warning: Undefined property: class@anonymous::$insert_id in D:\meowseo\tests\properties\Property14RedirectMatchingCorrectnessTest.php on line 558

Warning: Undefined property: class@anonymous::$insert_id in D:\meowseo\tests\properties\Property14RedirectMatchingCorrectnessTest.php on line 558

Warning: Undefined property: class@anonymous::$insert_id in D:\meowseo\tests\properties\Property14RedirectMatchingCorrectnessTest.php on line 558

Warning: Undefined property: class@anonymous::$insert_id in D:\meowseo\tests\properties\Property14RedirectMatchingCorrectnessTest.php on line 558

Warning: Undefined property: class@anonymous::$insert_id in D:\meowseo\tests\properties\Property14RedirectMatchingCorrectnessTest.php on line 558

Warning: Undefined property: class@anonymous::$insert_id in D:\meowseo\tests\properties\Property14RedirectMatchingCorrectnessTest.php on line 558

Warning: Undefined property: class@anonymous::$insert_id in D:\meowseo\tests\properties\Property14RedirectMatchingCorrectnessTest.php on line 558

Warning: Undefined property: class@anonymous::$insert_id in D:\meowseo\tests\properties\Property14RedirectMatchingCorrectnessTest.php on line 558

Warning: Undefined property: class@anonymous::$insert_id in D:\meowseo\tests\properties\Property14RedirectMatchingCorrectnessTest.php on line 558

Warning: Undefined property: class@anonymous::$insert_id in D:\meowseo\tests\properties\Property14RedirectMatchingCorrectnessTest.php on line 558

Warning: Undefined property: class@anonymous::$insert_id in D:\meowseo\tests\properties\Property14RedirectMatchingCorrectnessTest.php on line 558

Warning: Undefined property: class@anonymous::$insert_id in D:\meowseo\tests\properties\Property14RedirectMatchingCorrectnessTest.php on line 558

Warning: Undefined property: class@anonymous::$insert_id in D:\meowseo\tests\properties\Property14RedirectMatchingCorrectnessTest.php on line 558

Warning: Undefined property: class@anonymous::$insert_id in D:\meowseo\tests\properties\Property14RedirectMatchingCorrectnessTest.php on line 558

Warning: Undefined property: class@anonymous::$insert_id in D:\meowseo\tests\properties\Property14RedirectMatchingCorrectnessTest.php on line 558

Warning: Undefined property: class@anonymous::$insert_id in D:\meowseo\tests\properties\Property14RedirectMatchingCorrectnessTest.php on line 558

Warning: Undefined property: class@anonymous::$insert_id in D:\meowseo\tests\properties\Property14RedirectMatchingCorrectnessTest.php on line 558

Warning: Undefined property: class@anonymous::$insert_id in D:\meowseo\tests\properties\Property14RedirectMatchingCorrectnessTest.php on line 558

Warning: Undefined property: class@anonymous::$insert_id in D:\meowseo\tests\properties\Property14RedirectMatchingCorrectnessTest.php on line 558

Warning: Undefined property: class@anonymous::$insert_id in D:\meowseo\tests\properties\Property14RedirectMatchingCorrectnessTest.php on line 558

Warning: Undefined property: class@anonymous::$insert_id in D:\meowseo\tests\properties\Property14RedirectMatchingCorrectnessTest.php on line 558

Warning: Undefined property: class@anonymous::$insert_id in D:\meowseo\tests\properties\Property14RedirectMatchingCorrectnessTest.php on line 558

Warning: Undefined property: class@anonymous::$insert_id in D:\meowseo\tests\properties\Property14RedirectMatchingCorrectnessTest.php on line 558

Warning: Undefined property: class@anonymous::$insert_id in D:\meowseo\tests\properties\Property14RedirectMatchingCorrectnessTest.php on line 558

Warning: Undefined property: class@anonymous::$insert_id in D:\meowseo\tests\properties\Property14RedirectMatchingCorrectnessTest.php on line 558

Warning: Undefined property: class@anonymous::$insert_id in D:\meowseo\tests\properties\Property14RedirectMatchingCorrectnessTest.php on line 558

Warning: Undefined property: class@anonymous::$insert_id in D:\meowseo\tests\properties\Property14RedirectMatchingCorrectnessTest.php on line 558

Warning: Undefined property: class@anonymous::$insert_id in D:\meowseo\tests\properties\Property14RedirectMatchingCorrectnessTest.php on line 558

Warning: Undefined property: class@anonymous::$insert_id in D:\meowseo\tests\properties\Property14RedirectMatchingCorrectnessTest.php on line 558

Warning: Undefined property: class@anonymous::$insert_id in D:\meowseo\tests\properties\Property14RedirectMatchingCorrectnessTest.php on line 558

Warning: Undefined property: class@anonymous::$insert_id in D:\meowseo\tests\properties\Property14RedirectMatchingCorrectnessTest.php on line 558

Warning: Undefined property: class@anonymous::$insert_id in D:\meowseo\tests\properties\Property14RedirectMatchingCorrectnessTest.php on line 558

Warning: Undefined property: class@anonymous::$insert_id in D:\meowseo\tests\properties\Property14RedirectMatchingCorrectnessTest.php on line 558

Warning: Undefined property: class@anonymous::$insert_id in D:\meowseo\tests\properties\Property14RedirectMatchingCorrectnessTest.php on line 558

Warning: Undefined property: class@anonymous::$insert_id in D:\meowseo\tests\properties\Property14RedirectMatchingCorrectnessTest.php on line 558

Warning: Undefined property: class@anonymous::$insert_id in D:\meowseo\tests\properties\Property14RedirectMatchingCorrectnessTest.php on line 558

Warning: Undefined property: class@anonymous::$insert_id in D:\meowseo\tests\properties\Property14RedirectMatchingCorrectnessTest.php on line 558

Warning: Undefined property: class@anonymous::$insert_id in D:\meowseo\tests\properties\Property14RedirectMatchingCorrectnessTest.php on line 558

Warning: Undefined property: class@anonymous::$insert_id in D:\meowseo\tests\properties\Property14RedirectMatchingCorrectnessTest.php on line 558

Warning: Undefined property: class@anonymous::$insert_id in D:\meowseo\tests\properties\Property14RedirectMatchingCorrectnessTest.php on line 558

Warning: Undefined property: class@anonymous::$insert_id in D:\meowseo\tests\properties\Property14RedirectMatchingCorrectnessTest.php on line 558

Warning: Undefined property: class@anonymous::$insert_id in D:\meowseo\tests\properties\Property14RedirectMatchingCorrectnessTest.php on line 558

Warning: Undefined property: class@anonymous::$insert_id in D:\meowseo\tests\properties\Property14RedirectMatchingCorrectnessTest.php on line 558

Warning: Undefined property: class@anonymous::$insert_id in D:\meowseo\tests\properties\Property14RedirectMatchingCorrectnessTest.php on line 558

Warning: Undefined property: class@anonymous::$insert_id in D:\meowseo\tests\properties\Property14RedirectMatchingCorrectnessTest.php on line 558

Warning: Undefined property: class@anonymous::$insert_id in D:\meowseo\tests\properties\Property14RedirectMatchingCorrectnessTest.php on line 558

Warning: Undefined property: class@anonymous::$insert_id in D:\meowseo\tests\properties\Property14RedirectMatchingCorrectnessTest.php on line 558

Warning: Undefined property: class@anonymous::$insert_id in D:\meowseo\tests\properties\Property14RedirectMatchingCorrectnessTest.php on line 558

Warning: Undefined property: class@anonymous::$insert_id in D:\meowseo\tests\properties\Property14RedirectMatchingCorrectnessTest.php on line 558

Warning: Undefined property: class@anonymous::$insert_id in D:\meowseo\tests\properties\Property14RedirectMatchingCorrectnessTest.php on line 558

Warning: Undefined property: class@anonymous::$insert_id in D:\meowseo\tests\properties\Property14RedirectMatchingCorrectnessTest.php on line 558

Warning: Undefined property: class@anonymous::$insert_id in D:\meowseo\tests\properties\Property14RedirectMatchingCorrectnessTest.php on line 558

Warning: Undefined property: class@anonymous::$insert_id in D:\meowseo\tests\properties\Property14RedirectMatchingCorrectnessTest.php on line 558

Warning: Undefined property: class@anonymous::$insert_id in D:\meowseo\tests\properties\Property14RedirectMatchingCorrectnessTest.php on line 558

Warning: Undefined property: class@anonymous::$insert_id in D:\meowseo\tests\properties\Property14RedirectMatchingCorrectnessTest.php on line 558

Warning: Undefined property: class@anonymous::$insert_id in D:\meowseo\tests\properties\Property14RedirectMatchingCorrectnessTest.php on line 558

Warning: Undefined property: class@anonymous::$insert_id in D:\meowseo\tests\properties\Property14RedirectMatchingCorrectnessTest.php on line 558

Warning: Undefined property: class@anonymous::$insert_id in D:\meowseo\tests\properties\Property14RedirectMatchingCorrectnessTest.php on line 558

Warning: Undefined property: class@anonymous::$insert_id in D:\meowseo\tests\properties\Property14RedirectMatchingCorrectnessTest.php on line 558

Warning: Undefined property: class@anonymous::$insert_id in D:\meowseo\tests\properties\Property14RedirectMatchingCorrectnessTest.php on line 558

Warning: Undefined property: class@anonymous::$insert_id in D:\meowseo\tests\properties\Property14RedirectMatchingCorrectnessTest.php on line 558

Warning: Undefined property: class@anonymous::$insert_id in D:\meowseo\tests\properties\Property14RedirectMatchingCorrectnessTest.php on line 558

Warning: Undefined property: class@anonymous::$insert_id in D:\meowseo\tests\properties\Property14RedirectMatchingCorrectnessTest.php on line 558

Warning: Undefined property: class@anonymous::$insert_id in D:\meowseo\tests\properties\Property14RedirectMatchingCorrectnessTest.php on line 558

Warning: Undefined property: class@anonymous::$insert_id in D:\meowseo\tests\properties\Property14RedirectMatchingCorrectnessTest.php on line 558

Warning: Undefined property: class@anonymous::$insert_id in D:\meowseo\tests\properties\Property14RedirectMatchingCorrectnessTest.php on line 558

Warning: Undefined property: class@anonymous::$insert_id in D:\meowseo\tests\properties\Property14RedirectMatchingCorrectnessTest.php on line 558

Warning: Undefined property: class@anonymous::$insert_id in D:\meowseo\tests\properties\Property14RedirectMatchingCorrectnessTest.php on line 558

Warning: Undefined property: class@anonymous::$insert_id in D:\meowseo\tests\properties\Property14RedirectMatchingCorrectnessTest.php on line 558

Warning: Undefined property: class@anonymous::$insert_id in D:\meowseo\tests\properties\Property14RedirectMatchingCorrectnessTest.php on line 558

Warning: Undefined property: class@anonymous::$insert_id in D:\meowseo\tests\properties\Property14RedirectMatchingCorrectnessTest.php on line 558

Warning: Undefined property: class@anonymous::$insert_id in D:\meowseo\tests\properties\Property14RedirectMatchingCorrectnessTest.php on line 558

Warning: Undefined property: class@anonymous::$insert_id in D:\meowseo\tests\properties\Property14RedirectMatchingCorrectnessTest.php on line 558

Warning: Undefined property: class@anonymous::$insert_id in D:\meowseo\tests\properties\Property14RedirectMatchingCorrectnessTest.php on line 558

Warning: Undefined property: class@anonymous::$insert_id in D:\meowseo\tests\properties\Property14RedirectMatchingCorrectnessTest.php on line 558

Warning: Undefined property: class@anonymous::$insert_id in D:\meowseo\tests\properties\Property14RedirectMatchingCorrectnessTest.php on line 558

Warning: Undefined property: class@anonymous::$insert_id in D:\meowseo\tests\properties\Property14RedirectMatchingCorrectnessTest.php on line 558

Warning: Undefined property: class@anonymous::$insert_id in D:\meowseo\tests\properties\Property14RedirectMatchingCorrectnessTest.php on line 558

Warning: Undefined property: class@anonymous::$insert_id in D:\meowseo\tests\properties\Property14RedirectMatchingCorrectnessTest.php on line 558

Warning: Undefined property: class@anonymous::$insert_id in D:\meowseo\tests\properties\Property14RedirectMatchingCorrectnessTest.php on line 558

Warning: Undefined property: class@anonymous::$insert_id in D:\meowseo\tests\properties\Property14RedirectMatchingCorrectnessTest.php on line 558

Warning: Undefined property: class@anonymous::$insert_id in D:\meowseo\tests\properties\Property14RedirectMatchingCorrectnessTest.php on line 558

Warning: Undefined property: class@anonymous::$insert_id in D:\meowseo\tests\properties\Property14RedirectMatchingCorrectnessTest.php on line 558

Warning: Undefined property: class@anonymous::$insert_id in D:\meowseo\tests\properties\Property14RedirectMatchingCorrectnessTest.php on line 558

Warning: Undefined property: class@anonymous::$insert_id in D:\meowseo\tests\properties\Property14RedirectMatchingCorrectnessTest.php on line 558

Warning: Undefined property: class@anonymous::$insert_id in D:\meowseo\tests\properties\Property14RedirectMatchingCorrectnessTest.php on line 558

Warning: Undefined property: class@anonymous::$insert_id in D:\meowseo\tests\properties\Property14RedirectMatchingCorrectnessTest.php on line 558

Warning: Undefined property: class@anonymous::$insert_id in D:\meowseo\tests\properties\Property14RedirectMatchingCorrectnessTest.php on line 558

Warning: Undefined property: class@anonymous::$insert_id in D:\meowseo\tests\properties\Property14RedirectMatchingCorrectnessTest.php on line 558

Warning: Undefined property: class@anonymous::$insert_id in D:\meowseo\tests\properties\Property14RedirectMatchingCorrectnessTest.php on line 558

Warning: Undefined property: class@anonymous::$insert_id in D:\meowseo\tests\properties\Property14RedirectMatchingCorrectnessTest.php on line 558

Warning: Undefined property: class@anonymous::$insert_id in D:\meowseo\tests\properties\Property14RedirectMatchingCorrectnessTest.php on line 558

Warning: Undefined property: class@anonymous::$insert_id in D:\meowseo\tests\properties\Property14RedirectMatchingCorrectnessTest.php on line 558

Warning: Undefined property: class@anonymous::$insert_id in D:\meowseo\tests\properties\Property14RedirectMatchingCorrectnessTest.php on line 558

Warning: Undefined property: class@anonymous::$insert_id in D:\meowseo\tests\properties\Property14RedirectMatchingCorrectnessTest.php on line 558

Warning: Undefined property: class@anonymous::$insert_id in D:\meowseo\tests\properties\Property14RedirectMatchingCorrectnessTest.php on line 558

Warning: Undefined property: class@anonymous::$insert_id in D:\meowseo\tests\properties\Property14RedirectMatchingCorrectnessTest.php on line 558

Warning: Undefined property: class@anonymous::$insert_id in D:\meowseo\tests\properties\Property14RedirectMatchingCorrectnessTest.php on line 558

Warning: Undefined property: class@anonymous::$insert_id in D:\meowseo\tests\properties\Property14RedirectMatchingCorrectnessTest.php on line 558

Warning: Undefined property: class@anonymous::$insert_id in D:\meowseo\tests\properties\Property14RedirectMatchingCorrectnessTest.php on line 558

Warning: Undefined property: class@anonymous::$insert_id in D:\meowseo\tests\properties\Property14RedirectMatchingCorrectnessTest.php on line 558

Warning: Undefined property: class@anonymous::$insert_id in D:\meowseo\tests\properties\Property14RedirectMatchingCorrectnessTest.php on line 558

Warning: Undefined property: class@anonymous::$insert_id in D:\meowseo\tests\properties\Property14RedirectMatchingCorrectnessTest.php on line 558

Warning: Undefined property: class@anonymous::$insert_id in D:\meowseo\tests\properties\Property14RedirectMatchingCorrectnessTest.php on line 558

Warning: Undefined property: class@anonymous::$insert_id in D:\meowseo\tests\properties\Property14RedirectMatchingCorrectnessTest.php on line 558

Warning: Undefined property: class@anonymous::$insert_id in D:\meowseo\tests\properties\Property14RedirectMatchingCorrectnessTest.php on line 558

Warning: Undefined property: class@anonymous::$insert_id in D:\meowseo\tests\properties\Property14RedirectMatchingCorrectnessTest.php on line 558

Warning: Undefined property: class@anonymous::$insert_id in D:\meowseo\tests\properties\Property14RedirectMatchingCorrectnessTest.php on line 558

Warning: Undefined property: class@anonymous::$insert_id in D:\meowseo\tests\properties\Property14RedirectMatchingCorrectnessTest.php on line 558

Warning: Undefined property: class@anonymous::$insert_id in D:\meowseo\tests\properties\Property14RedirectMatchingCorrectnessTest.php on line 558

Warning: Undefined property: class@anonymous::$insert_id in D:\meowseo\tests\properties\Property14RedirectMatchingCorrectnessTest.php on line 558

Warning: Undefined property: class@anonymous::$insert_id in D:\meowseo\tests\properties\Property14RedirectMatchingCorrectnessTest.php on line 558

Warning: Undefined property: class@anonymous::$insert_id in D:\meowseo\tests\properties\Property14RedirectMatchingCorrectnessTest.php on line 558

Warning: Undefined property: class@anonymous::$insert_id in D:\meowseo\tests\properties\Property14RedirectMatchingCorrectnessTest.php on line 558

Warning: Undefined property: class@anonymous::$insert_id in D:\meowseo\tests\properties\Property14RedirectMatchingCorrectnessTest.php on line 558

Warning: Undefined property: class@anonymous::$insert_id in D:\meowseo\tests\properties\Property14RedirectMatchingCorrectnessTest.php on line 558

Warning: Undefined property: class@anonymous::$insert_id in D:\meowseo\tests\properties\Property14RedirectMatchingCorrectnessTest.php on line 558

Warning: Undefined property: class@anonymous::$insert_id in D:\meowseo\tests\properties\Property14RedirectMatchingCorrectnessTest.php on line 558

Warning: Undefined property: class@anonymous::$insert_id in D:\meowseo\tests\properties\Property14RedirectMatchingCorrectnessTest.php on line 558

Warning: Undefined property: class@anonymous::$insert_id in D:\meowseo\tests\properties\Property14RedirectMatchingCorrectnessTest.php on line 558

Warning: Undefined property: class@anonymous::$insert_id in D:\meowseo\tests\properties\Property14RedirectMatchingCorrectnessTest.php on line 558

Warning: Undefined property: class@anonymous::$insert_id in D:\meowseo\tests\properties\Property14RedirectMatchingCorrectnessTest.php on line 558

Warning: Undefined property: class@anonymous::$insert_id in D:\meowseo\tests\properties\Property14RedirectMatchingCorrectnessTest.php on line 558

Warning: Undefined property: class@anonymous::$insert_id in D:\meowseo\tests\properties\Property14RedirectMatchingCorrectnessTest.php on line 558

Warning: Undefined property: class@anonymous::$insert_id in D:\meowseo\tests\properties\Property14RedirectMatchingCorrectnessTest.php on line 558

Warning: Undefined property: class@anonymous::$insert_id in D:\meowseo\tests\properties\Property14RedirectMatchingCorrectnessTest.php on line 558

Warning: Undefined property: class@anonymous::$insert_id in D:\meowseo\tests\properties\Property14RedirectMatchingCorrectnessTest.php on line 558

Warning: Undefined property: class@anonymous::$insert_id in D:\meowseo\tests\properties\Property14RedirectMatchingCorrectnessTest.php on line 558

Warning: Undefined property: class@anonymous::$insert_id in D:\meowseo\tests\properties\Property14RedirectMatchingCorrectnessTest.php on line 558

Warning: Undefined property: class@anonymous::$insert_id in D:\meowseo\tests\properties\Property14RedirectMatchingCorrectnessTest.php on line 558

Warning: Undefined property: class@anonymous::$insert_id in D:\meowseo\tests\properties\Property14RedirectMatchingCorrectnessTest.php on line 558

Warning: Undefined property: class@anonymous::$insert_id in D:\meowseo\tests\properties\Property14RedirectMatchingCorrectnessTest.php on line 558

Warning: Undefined property: class@anonymous::$insert_id in D:\meowseo\tests\properties\Property14RedirectMatchingCorrectnessTest.php on line 558

Warning: Undefined property: class@anonymous::$insert_id in D:\meowseo\tests\properties\Property14RedirectMatchingCorrectnessTest.php on line 558

Warning: Undefined property: class@anonymous::$insert_id in D:\meowseo\tests\properties\Property14RedirectMatchingCorrectnessTest.php on line 558

Warning: Undefined property: class@anonymous::$insert_id in D:\meowseo\tests\properties\Property14RedirectMatchingCorrectnessTest.php on line 558

Warning: Undefined property: class@anonymous::$insert_id in D:\meowseo\tests\properties\Property14RedirectMatchingCorrectnessTest.php on line 558

Warning: Undefined property: class@anonymous::$insert_id in D:\meowseo\tests\properties\Property14RedirectMatchingCorrectnessTest.php on line 558

Warning: Undefined property: class@anonymous::$insert_id in D:\meowseo\tests\properties\Property14RedirectMatchingCorrectnessTest.php on line 558

Warning: Undefined property: class@anonymous::$insert_id in D:\meowseo\tests\properties\Property14RedirectMatchingCorrectnessTest.php on line 558

Warning: Undefined property: class@anonymous::$insert_id in D:\meowseo\tests\properties\Property14RedirectMatchingCorrectnessTest.php on line 558

Warning: Undefined property: class@anonymous::$insert_id in D:\meowseo\tests\properties\Property14RedirectMatchingCorrectnessTest.php on line 558

Warning: Undefined property: class@anonymous::$insert_id in D:\meowseo\tests\properties\Property14RedirectMatchingCorrectnessTest.php on line 558

Warning: Undefined property: class@anonymous::$insert_id in D:\meowseo\tests\properties\Property14RedirectMatchingCorrectnessTest.php on line 558

Warning: Undefined property: class@anonymous::$insert_id in D:\meowseo\tests\properties\Property14RedirectMatchingCorrectnessTest.php on line 558

Warning: Undefined property: class@anonymous::$insert_id in D:\meowseo\tests\properties\Property14RedirectMatchingCorrectnessTest.php on line 558

Warning: Undefined property: class@anonymous::$insert_id in D:\meowseo\tests\properties\Property14RedirectMatchingCorrectnessTest.php on line 558

Warning: Undefined property: class@anonymous::$insert_id in D:\meowseo\tests\properties\Property14RedirectMatchingCorrectnessTest.php on line 558

Warning: Undefined property: class@anonymous::$insert_id in D:\meowseo\tests\properties\Property14RedirectMatchingCorrectnessTest.php on line 558

Warning: Undefined property: class@anonymous::$insert_id in D:\meowseo\tests\properties\Property14RedirectMatchingCorrectnessTest.php on line 558

Warning: Undefined property: class@anonymous::$insert_id in D:\meowseo\tests\properties\Property14RedirectMatchingCorrectnessTest.php on line 558

Warning: Undefined property: class@anonymous::$insert_id in D:\meowseo\tests\properties\Property14RedirectMatchingCorrectnessTest.php on line 558

Warning: Undefined property: class@anonymous::$insert_id in D:\meowseo\tests\properties\Property14RedirectMatchingCorrectnessTest.php on line 558

Warning: Undefined property: class@anonymous::$insert_id in D:\meowseo\tests\properties\Property14RedirectMatchingCorrectnessTest.php on line 558

Warning: Undefined property: class@anonymous::$insert_id in D:\meowseo\tests\properties\Property14RedirectMatchingCorrectnessTest.php on line 558

Warning: Undefined property: class@anonymous::$insert_id in D:\meowseo\tests\properties\Property14RedirectMatchingCorrectnessTest.php on line 558

Warning: Undefined property: class@anonymous::$insert_id in D:\meowseo\tests\properties\Property14RedirectMatchingCorrectnessTest.php on line 558

Warning: Undefined property: class@anonymous::$insert_id in D:\meowseo\tests\properties\Property14RedirectMatchingCorrectnessTest.php on line 558

Warning: Undefined property: class@anonymous::$insert_id in D:\meowseo\tests\properties\Property14RedirectMatchingCorrectnessTest.php on line 558

Warning: Undefined property: class@anonymous::$insert_id in D:\meowseo\tests\properties\Property14RedirectMatchingCorrectnessTest.php on line 558

Warning: Undefined property: class@anonymous::$insert_id in D:\meowseo\tests\properties\Property14RedirectMatchingCorrectnessTest.php on line 558

Warning: Undefined property: class@anonymous::$insert_id in D:\meowseo\tests\properties\Property14RedirectMatchingCorrectnessTest.php on line 558

Warning: Undefined property: class@anonymous::$insert_id in D:\meowseo\tests\properties\Property14RedirectMatchingCorrectnessTest.php on line 558

Warning: Undefined property: class@anonymous::$insert_id in D:\meowseo\tests\properties\Property14RedirectMatchingCorrectnessTest.php on line 558

Warning: Undefined property: class@anonymous::$insert_id in D:\meowseo\tests\properties\Property14RedirectMatchingCorrectnessTest.php on line 558

Warning: Undefined property: class@anonymous::$insert_id in D:\meowseo\tests\properties\Property14RedirectMatchingCorrectnessTest.php on line 558

Warning: Undefined property: class@anonymous::$insert_id in D:\meowseo\tests\properties\Property14RedirectMatchingCorrectnessTest.php on line 558

Warning: Undefined property: class@anonymous::$insert_id in D:\meowseo\tests\properties\Property14RedirectMatchingCorrectnessTest.php on line 558

Warning: Undefined property: class@anonymous::$insert_id in D:\meowseo\tests\properties\Property14RedirectMatchingCorrectnessTest.php on line 558

Warning: Undefined property: class@anonymous::$insert_id in D:\meowseo\tests\properties\Property14RedirectMatchingCorrectnessTest.php on line 558

Warning: Undefined property: class@anonymous::$insert_id in D:\meowseo\tests\properties\Property14RedirectMatchingCorrectnessTest.php on line 558

Warning: Undefined property: class@anonymous::$insert_id in D:\meowseo\tests\properties\Property14RedirectMatchingCorrectnessTest.php on line 558

Warning: Undefined property: class@anonymous::$insert_id in D:\meowseo\tests\properties\Property14RedirectMatchingCorrectnessTest.php on line 558

Warning: Undefined property: class@anonymous::$insert_id in D:\meowseo\tests\properties\Property14RedirectMatchingCorrectnessTest.php on line 558

Warning: Undefined property: class@anonymous::$insert_id in D:\meowseo\tests\properties\Property14RedirectMatchingCorrectnessTest.php on line 558

Warning: Undefined property: class@anonymous::$insert_id in D:\meowseo\tests\properties\Property14RedirectMatchingCorrectnessTest.php on line 558

Warning: Undefined property: class@anonymous::$insert_id in D:\meowseo\tests\properties\Property14RedirectMatchingCorrectnessTest.php on line 558

Warning: Undefined property: class@anonymous::$insert_id in D:\meowseo\tests\properties\Property14RedirectMatchingCorrectnessTest.php on line 558

Warning: Undefined property: class@anonymous::$insert_id in D:\meowseo\tests\properties\Property14RedirectMatchingCorrectnessTest.php on line 558

Warning: Undefined property: class@anonymous::$insert_id in D:\meowseo\tests\properties\Property14RedirectMatchingCorrectnessTest.php on line 558

Warning: Undefined property: class@anonymous::$insert_id in D:\meowseo\tests\properties\Property14RedirectMatchingCorrectnessTest.php on line 558

Warning: Undefined property: class@anonymous::$insert_id in D:\meowseo\tests\properties\Property14RedirectMatchingCorrectnessTest.php on line 558

Warning: Undefined property: class@anonymous::$insert_id in D:\meowseo\tests\properties\Property14RedirectMatchingCorrectnessTest.php on line 558

Warning: Undefined property: class@anonymous::$insert_id in D:\meowseo\tests\properties\Property14RedirectMatchingCorrectnessTest.php on line 558

Warning: Undefined property: class@anonymous::$insert_id in D:\meowseo\tests\properties\Property14RedirectMatchingCorrectnessTest.php on line 558

Warning: Undefined property: class@anonymous::$insert_id in D:\meowseo\tests\properties\Property14RedirectMatchingCorrectnessTest.php on line 558

Warning: Undefined property: class@anonymous::$insert_id in D:\meowseo\tests\properties\Property14RedirectMatchingCorrectnessTest.php on line 558

Warning: Undefined property: class@anonymous::$insert_id in D:\meowseo\tests\properties\Property14RedirectMatchingCorrectnessTest.php on line 558

Warning: Undefined property: class@anonymous::$insert_id in D:\meowseo\tests\properties\Property14RedirectMatchingCorrectnessTest.php on line 558

Warning: Undefined property: class@anonymous::$insert_id in D:\meowseo\tests\properties\Property14RedirectMatchingCorrectnessTest.php on line 558

Warning: Undefined property: class@anonymous::$insert_id in D:\meowseo\tests\properties\Property14RedirectMatchingCorrectnessTest.php on line 558

Warning: Undefined property: class@anonymous::$insert_id in D:\meowseo\tests\properties\Property14RedirectMatchingCorrectnessTest.php on line 558

Warning: Undefined property: class@anonymous::$insert_id in D:\meowseo\tests\properties\Property14RedirectMatchingCorrectnessTest.php on line 558

Warning: Undefined property: class@anonymous::$insert_id in D:\meowseo\tests\properties\Property14RedirectMatchingCorrectnessTest.php on line 558

Warning: Undefined property: class@anonymous::$insert_id in D:\meowseo\tests\properties\Property14RedirectMatchingCorrectnessTest.php on line 558

Warning: Undefined property: class@anonymous::$insert_id in D:\meowseo\tests\properties\Property14RedirectMatchingCorrectnessTest.php on line 558

Warning: Undefined property: class@anonymous::$insert_id in D:\meowseo\tests\properties\Property14RedirectMatchingCorrectnessTest.php on line 558

Warning: Undefined property: class@anonymous::$insert_id in D:\meowseo\tests\properties\Property14RedirectMatchingCorrectnessTest.php on line 558

Warning: Undefined property: class@anonymous::$insert_id in D:\meowseo\tests\properties\Property14RedirectMatchingCorrectnessTest.php on line 558

Warning: Undefined property: class@anonymous::$insert_id in D:\meowseo\tests\properties\Property14RedirectMatchingCorrectnessTest.php on line 558

Warning: Undefined property: class@anonymous::$insert_id in D:\meowseo\tests\properties\Property14RedirectMatchingCorrectnessTest.php on line 558

Warning: Undefined property: class@anonymous::$insert_id in D:\meowseo\tests\properties\Property14RedirectMatchingCorrectnessTest.php on line 558

Warning: Undefined property: class@anonymous::$insert_id in D:\meowseo\tests\properties\Property14RedirectMatchingCorrectnessTest.php on line 558

Warning: Undefined property: class@anonymous::$insert_id in D:\meowseo\tests\properties\Property14RedirectMatchingCorrectnessTest.php on line 558

Warning: Undefined property: class@anonymous::$insert_id in D:\meowseo\tests\properties\Property14RedirectMatchingCorrectnessTest.php on line 558

Warning: Undefined property: class@anonymous::$insert_id in D:\meowseo\tests\properties\Property14RedirectMatchingCorrectnessTest.php on line 558

Warning: Undefined property: class@anonymous::$insert_id in D:\meowseo\tests\properties\Property14RedirectMatchingCorrectnessTest.php on line 558

Warning: Undefined property: class@anonymous::$insert_id in D:\meowseo\tests\properties\Property14RedirectMatchingCorrectnessTest.php on line 558

Warning: Undefined property: class@anonymous::$insert_id in D:\meowseo\tests\properties\Property14RedirectMatchingCorrectnessTest.php on line 558

Warning: Undefined property: class@anonymous::$insert_id in D:\meowseo\tests\properties\Property14RedirectMatchingCorrectnessTest.php on line 558

Warning: Undefined property: class@anonymous::$insert_id in D:\meowseo\tests\properties\Property14RedirectMatchingCorrectnessTest.php on line 558

Warning: Undefined property: class@anonymous::$insert_id in D:\meowseo\tests\properties\Property14RedirectMatchingCorrectnessTest.php on line 558

Warning: Undefined property: class@anonymous::$insert_id in D:\meowseo\tests\properties\Property14RedirectMatchingCorrectnessTest.php on line 558

Warning: Undefined property: class@anonymous::$insert_id in D:\meowseo\tests\properties\Property14RedirectMatchingCorrectnessTest.php on line 558

Warning: Undefined property: class@anonymous::$insert_id in D:\meowseo\tests\properties\Property14RedirectMatchingCorrectnessTest.php on line 558

Warning: Undefined property: class@anonymous::$insert_id in D:\meowseo\tests\properties\Property14RedirectMatchingCorrectnessTest.php on line 558

Warning: Undefined property: class@anonymous::$insert_id in D:\meowseo\tests\properties\Property14RedirectMatchingCorrectnessTest.php on line 558

Warning: Undefined property: class@anonymous::$insert_id in D:\meowseo\tests\properties\Property14RedirectMatchingCorrectnessTest.php on line 558

Warning: Undefined property: class@anonymous::$insert_id in D:\meowseo\tests\properties\Property14RedirectMatchingCorrectnessTest.php on line 558

Warning: Undefined property: class@anonymous::$insert_id in D:\meowseo\tests\properties\Property14RedirectMatchingCorrectnessTest.php on line 558

Warning: Undefined property: class@anonymous::$insert_id in D:\meowseo\tests\properties\Property14RedirectMatchingCorrectnessTest.php on line 558

Warning: Undefined property: class@anonymous::$insert_id in D:\meowseo\tests\properties\Property14RedirectMatchingCorrectnessTest.php on line 558

Warning: Undefined property: class@anonymous::$insert_id in D:\meowseo\tests\properties\Property14RedirectMatchingCorrectnessTest.php on line 558

Warning: Undefined property: class@anonymous::$insert_id in D:\meowseo\tests\properties\Property14RedirectMatchingCorrectnessTest.php on line 558

Warning: Undefined property: class@anonymous::$insert_id in D:\meowseo\tests\properties\Property14RedirectMatchingCorrectnessTest.php on line 558

Warning: Undefined property: class@anonymous::$insert_id in D:\meowseo\tests\properties\Property14RedirectMatchingCorrectnessTest.php on line 558

Warning: Undefined property: class@anonymous::$insert_id in D:\meowseo\tests\properties\Property14RedirectMatchingCorrectnessTest.php on line 558

Warning: Undefined property: class@anonymous::$insert_id in D:\meowseo\tests\properties\Property14RedirectMatchingCorrectnessTest.php on line 558

Warning: Undefined property: class@anonymous::$insert_id in D:\meowseo\tests\properties\Property14RedirectMatchingCorrectnessTest.php on line 558

Warning: Undefined property: class@anonymous::$insert_id in D:\meowseo\tests\properties\Property14RedirectMatchingCorrectnessTest.php on line 558

Warning: Undefined property: class@anonymous::$insert_id in D:\meowseo\tests\properties\Property14RedirectMatchingCorrectnessTest.php on line 558

Warning: Undefined property: class@anonymous::$insert_id in D:\meowseo\tests\properties\Property14RedirectMatchingCorrectnessTest.php on line 558

Warning: Undefined property: class@anonymous::$insert_id in D:\meowseo\tests\properties\Property14RedirectMatchingCorrectnessTest.php on line 558

Warning: Undefined property: class@anonymous::$insert_id in D:\meowseo\tests\properties\Property14RedirectMatchingCorrectnessTest.php on line 558

Warning: Undefined property: class@anonymous::$insert_id in D:\meowseo\tests\properties\Property14RedirectMatchingCorrectnessTest.php on line 558

Warning: Undefined property: class@anonymous::$insert_id in D:\meowseo\tests\properties\Property14RedirectMatchingCorrectnessTest.php on line 558

Warning: Undefined property: class@anonymous::$insert_id in D:\meowseo\tests\properties\Property14RedirectMatchingCorrectnessTest.php on line 558

Warning: Undefined property: class@anonymous::$insert_id in D:\meowseo\tests\properties\Property14RedirectMatchingCorrectnessTest.php on line 558

Warning: Undefined property: class@anonymous::$insert_id in D:\meowseo\tests\properties\Property14RedirectMatchingCorrectnessTest.php on line 558

Warning: Undefined property: class@anonymous::$insert_id in D:\meowseo\tests\properties\Property14RedirectMatchingCorrectnessTest.php on line 558

Warning: Undefined property: class@anonymous::$insert_id in D:\meowseo\tests\properties\Property14RedirectMatchingCorrectnessTest.php on line 558

Warning: Undefined property: class@anonymous::$insert_id in D:\meowseo\tests\properties\Property14RedirectMatchingCorrectnessTest.php on line 558

Warning: Undefined property: class@anonymous::$insert_id in D:\meowseo\tests\properties\Property14RedirectMatchingCorrectnessTest.php on line 558

Warning: Undefined property: class@anonymous::$insert_id in D:\meowseo\tests\properties\Property14RedirectMatchingCorrectnessTest.php on line 558

Warning: Undefined property: class@anonymous::$insert_id in D:\meowseo\tests\properties\Property14RedirectMatchingCorrectnessTest.php on line 558

Warning: Undefined property: class@anonymous::$insert_id in D:\meowseo\tests\properties\Property14RedirectMatchingCorrectnessTest.php on line 558

Warning: Undefined property: class@anonymous::$insert_id in D:\meowseo\tests\properties\Property14RedirectMatchingCorrectnessTest.php on line 558

Warning: Undefined property: class@anonymous::$insert_id in D:\meowseo\tests\properties\Property14RedirectMatchingCorrectnessTest.php on line 558

Warning: Undefined property: class@anonymous::$insert_id in D:\meowseo\tests\properties\Property14RedirectMatchingCorrectnessTest.php on line 558

Warning: Undefined property: class@anonymous::$insert_id in D:\meowseo\tests\properties\Property14RedirectMatchingCorrectnessTest.php on line 558

Warning: Undefined property: class@anonymous::$insert_id in D:\meowseo\tests\properties\Property14RedirectMatchingCorrectnessTest.php on line 558

Warning: Undefined property: class@anonymous::$insert_id in D:\meowseo\tests\properties\Property14RedirectMatchingCorrectnessTest.php on line 558

Warning: Undefined property: class@anonymous::$insert_id in D:\meowseo\tests\properties\Property14RedirectMatchingCorrectnessTest.php on line 558

Warning: Undefined property: class@anonymous::$insert_id in D:\meowseo\tests\properties\Property14RedirectMatchingCorrectnessTest.php on line 558

Warning: Undefined property: class@anonymous::$insert_id in D:\meowseo\tests\properties\Property14RedirectMatchingCorrectnessTest.php on line 558

Warning: Undefined property: class@anonymous::$insert_id in D:\meowseo\tests\properties\Property14RedirectMatchingCorrectnessTest.php on line 558

Warning: Undefined property: class@anonymous::$insert_id in D:\meowseo\tests\properties\Property14RedirectMatchingCorrectnessTest.php on line 558

Warning: Undefined property: class@anonymous::$insert_id in D:\meowseo\tests\properties\Property14RedirectMatchingCorrectnessTest.php on line 558

Warning: Undefined property: class@anonymous::$insert_id in D:\meowseo\tests\properties\Property14RedirectMatchingCorrectnessTest.php on line 558

Warning: Undefined property: class@anonymous::$insert_id in D:\meowseo\tests\properties\Property14RedirectMatchingCorrectnessTest.php on line 558

Warning: Undefined property: class@anonymous::$insert_id in D:\meowseo\tests\properties\Property14RedirectMatchingCorrectnessTest.php on line 558

Warning: Undefined property: class@anonymous::$insert_id in D:\meowseo\tests\properties\Property14RedirectMatchingCorrectnessTest.php on line 558

Warning: Undefined property: class@anonymous::$insert_id in D:\meowseo\tests\properties\Property14RedirectMatchingCorrectnessTest.php on line 558

Warning: Undefined property: class@anonymous::$insert_id in D:\meowseo\tests\properties\Property14RedirectMatchingCorrectnessTest.php on line 558

Warning: Undefined property: class@anonymous::$insert_id in D:\meowseo\tests\properties\Property14RedirectMatchingCorrectnessTest.php on line 558

Warning: Undefined property: class@anonymous::$insert_id in D:\meowseo\tests\properties\Property14RedirectMatchingCorrectnessTest.php on line 558

Warning: Undefined property: class@anonymous::$insert_id in D:\meowseo\tests\properties\Property14RedirectMatchingCorrectnessTest.php on line 558

Warning: Undefined property: class@anonymous::$insert_id in D:\meowseo\tests\properties\Property14RedirectMatchingCorrectnessTest.php on line 558

Warning: Undefined property: class@anonymous::$insert_id in D:\meowseo\tests\properties\Property14RedirectMatchingCorrectnessTest.php on line 558

Warning: Undefined property: class@anonymous::$insert_id in D:\meowseo\tests\properties\Property14RedirectMatchingCorrectnessTest.php on line 558

Warning: Undefined property: class@anonymous::$insert_id in D:\meowseo\tests\properties\Property14RedirectMatchingCorrectnessTest.php on line 558

Warning: Undefined property: class@anonymous::$insert_id in D:\meowseo\tests\properties\Property14RedirectMatchingCorrectnessTest.php on line 558

Warning: Undefined property: class@anonymous::$insert_id in D:\meowseo\tests\properties\Property14RedirectMatchingCorrectnessTest.php on line 558

Warning: Undefined property: class@anonymous::$insert_id in D:\meowseo\tests\properties\Property14RedirectMatchingCorrectnessTest.php on line 558

Warning: Undefined property: class@anonymous::$insert_id in D:\meowseo\tests\properties\Property14RedirectMatchingCorrectnessTest.php on line 558

Warning: Undefined property: class@anonymous::$insert_id in D:\meowseo\tests\properties\Property14RedirectMatchingCorrectnessTest.php on line 558

Warning: Undefined property: class@anonymous::$insert_id in D:\meowseo\tests\properties\Property14RedirectMatchingCorrectnessTest.php on line 558

Warning: Undefined property: class@anonymous::$insert_id in D:\meowseo\tests\properties\Property14RedirectMatchingCorrectnessTest.php on line 558

Warning: Undefined property: class@anonymous::$insert_id in D:\meowseo\tests\properties\Property14RedirectMatchingCorrectnessTest.php on line 558

Warning: Undefined property: class@anonymous::$insert_id in D:\meowseo\tests\properties\Property14RedirectMatchingCorrectnessTest.php on line 558

Warning: Undefined property: class@anonymous::$insert_id in D:\meowseo\tests\properties\Property14RedirectMatchingCorrectnessTest.php on line 558

Warning: Undefined property: class@anonymous::$insert_id in D:\meowseo\tests\properties\Property14RedirectMatchingCorrectnessTest.php on line 558

Warning: Undefined property: class@anonymous::$insert_id in D:\meowseo\tests\properties\Property14RedirectMatchingCorrectnessTest.php on line 558

Warning: Undefined property: class@anonymous::$insert_id in D:\meowseo\tests\properties\Property14RedirectMatchingCorrectnessTest.php on line 558

Warning: Undefined property: class@anonymous::$insert_id in D:\meowseo\tests\properties\Property14RedirectMatchingCorrectnessTest.php on line 558

Warning: Undefined property: class@anonymous::$insert_id in D:\meowseo\tests\properties\Property14RedirectMatchingCorrectnessTest.php on line 558

Warning: Undefined property: class@anonymous::$insert_id in D:\meowseo\tests\properties\Property14RedirectMatchingCorrectnessTest.php on line 558

Warning: Undefined property: class@anonymous::$insert_id in D:\meowseo\tests\properties\Property14RedirectMatchingCorrectnessTest.php on line 558

Warning: Undefined property: class@anonymous::$insert_id in D:\meowseo\tests\properties\Property14RedirectMatchingCorrectnessTest.php on line 558

Warning: Undefined property: class@anonymous::$insert_id in D:\meowseo\tests\properties\Property14RedirectMatchingCorrectnessTest.php on line 558

Warning: Undefined property: class@anonymous::$insert_id in D:\meowseo\tests\properties\Property14RedirectMatchingCorrectnessTest.php on line 558

Warning: Undefined property: class@anonymous::$insert_id in D:\meowseo\tests\properties\Property14RedirectMatchingCorrectnessTest.php on line 558

Warning: Undefined property: class@anonymous::$insert_id in D:\meowseo\tests\properties\Property14RedirectMatchingCorrectnessTest.php on line 558

Warning: Undefined property: class@anonymous::$insert_id in D:\meowseo\tests\properties\Property14RedirectMatchingCorrectnessTest.php on line 558

Warning: Undefined property: class@anonymous::$insert_id in D:\meowseo\tests\properties\Property14RedirectMatchingCorrectnessTest.php on line 558

Warning: Undefined property: class@anonymous::$insert_id in D:\meowseo\tests\properties\Property14RedirectMatchingCorrectnessTest.php on line 558

Warning: Undefined property: class@anonymous::$insert_id in D:\meowseo\tests\properties\Property14RedirectMatchingCorrectnessTest.php on line 558

Warning: Undefined property: class@anonymous::$insert_id in D:\meowseo\tests\properties\Property14RedirectMatchingCorrectnessTest.php on line 558

Warning: Undefined property: class@anonymous::$insert_id in D:\meowseo\tests\properties\Property14RedirectMatchingCorrectnessTest.php on line 558

Warning: Undefined property: class@anonymous::$insert_id in D:\meowseo\tests\properties\Property14RedirectMatchingCorrectnessTest.php on line 558

Warning: Undefined property: class@anonymous::$insert_id in D:\meowseo\tests\properties\Property14RedirectMatchingCorrectnessTest.php on line 558

Warning: Undefined property: class@anonymous::$insert_id in D:\meowseo\tests\properties\Property14RedirectMatchingCorrectnessTest.php on line 558

Warning: Undefined property: class@anonymous::$insert_id in D:\meowseo\tests\properties\Property14RedirectMatchingCorrectnessTest.php on line 558

Warning: Undefined property: class@anonymous::$insert_id in D:\meowseo\tests\properties\Property14RedirectMatchingCorrectnessTest.php on line 558

Warning: Undefined property: class@anonymous::$insert_id in D:\meowseo\tests\properties\Property14RedirectMatchingCorrectnessTest.php on line 558

Warning: Undefined property: class@anonymous::$insert_id in D:\meowseo\tests\properties\Property14RedirectMatchingCorrectnessTest.php on line 558

Warning: Undefined property: class@anonymous::$insert_id in D:\meowseo\tests\properties\Property14RedirectMatchingCorrectnessTest.php on line 558

Warning: Undefined property: class@anonymous::$insert_id in D:\meowseo\tests\properties\Property14RedirectMatchingCorrectnessTest.php on line 558

Warning: Undefined property: class@anonymous::$insert_id in D:\meowseo\tests\properties\Property14RedirectMatchingCorrectnessTest.php on line 558

Warning: Undefined property: class@anonymous::$insert_id in D:\meowseo\tests\properties\Property14RedirectMatchingCorrectnessTest.php on line 558

Warning: Undefined property: class@anonymous::$insert_id in D:\meowseo\tests\properties\Property14RedirectMatchingCorrectnessTest.php on line 558

Warning: Undefined property: class@anonymous::$insert_id in D:\meowseo\tests\properties\Property14RedirectMatchingCorrectnessTest.php on line 558

Warning: Undefined property: class@anonymous::$insert_id in D:\meowseo\tests\properties\Property14RedirectMatchingCorrectnessTest.php on line 558

Warning: Undefined property: class@anonymous::$insert_id in D:\meowseo\tests\properties\Property14RedirectMatchingCorrectnessTest.php on line 558

Warning: Undefined property: class@anonymous::$insert_id in D:\meowseo\tests\properties\Property14RedirectMatchingCorrectnessTest.php on line 558

Warning: Undefined property: class@anonymous::$insert_id in D:\meowseo\tests\properties\Property14RedirectMatchingCorrectnessTest.php on line 558

Warning: Undefined property: class@anonymous::$insert_id in D:\meowseo\tests\properties\Property14RedirectMatchingCorrectnessTest.php on line 558

Warning: Undefined property: class@anonymous::$insert_id in D:\meowseo\tests\properties\Property14RedirectMatchingCorrectnessTest.php on line 558

Warning: Undefined property: class@anonymous::$insert_id in D:\meowseo\tests\properties\Property14RedirectMatchingCorrectnessTest.php on line 558

Warning: Undefined property: class@anonymous::$insert_id in D:\meowseo\tests\properties\Property14RedirectMatchingCorrectnessTest.php on line 558

Warning: Undefined property: class@anonymous::$insert_id in D:\meowseo\tests\properties\Property14RedirectMatchingCorrectnessTest.php on line 558

Warning: Undefined property: class@anonymous::$insert_id in D:\meowseo\tests\properties\Property14RedirectMatchingCorrectnessTest.php on line 558

Warning: Undefined property: class@anonymous::$insert_id in D:\meowseo\tests\properties\Property14RedirectMatchingCorrectnessTest.php on line 558

Warning: Undefined property: class@anonymous::$insert_id in D:\meowseo\tests\properties\Property14RedirectMatchingCorrectnessTest.php on line 558

Warning: Undefined property: class@anonymous::$insert_id in D:\meowseo\tests\properties\Property14RedirectMatchingCorrectnessTest.php on line 558

--

There was 1 incomplete test:

1) MeowSEO\Tests\Integration\GSCQueueRateLimitTest::test_duplicate_job_prevention
Duplicate prevention works in production but mock DB has JSON comparison limitations

D:\meowseo\tests\integration\GSCQueueRateLimitTest.php:195

--

There were 198 skipped tests:

1) MeowSEO\Tests\Test_Breadcrumbs::test_breadcrumbs_includes_product_cat_taxonomy
WooCommerce is not active

D:\meowseo\tests\BreadcrumbsTest.php:67

2) MeowSEO\Tests\Test_Breadcrumbs::test_breadcrumbs_includes_shop_page_for_product_categories
WooCommerce is not active

D:\meowseo\tests\BreadcrumbsTest.php:95

3) MeowSEO\Tests\Test_Breadcrumbs::test_breadcrumbs_includes_category_hierarchy
WooCommerce is not active

D:\meowseo\tests\BreadcrumbsTest.php:123

4) MeowSEO\Tests\E2E\ArchiveTitlePatternsE2ETest::test_category_archive_title
WordPress test framework is not available. These tests require a full WordPress installation with the WordPress Test Suite.

D:\meowseo\tests\e2e\ArchiveTitlePatternsE2ETest.php:74

5) MeowSEO\Tests\E2E\ArchiveTitlePatternsE2ETest::test_tag_archive_title
WordPress test framework is not available. These tests require a full WordPress installation with the WordPress Test Suite.

D:\meowseo\tests\e2e\ArchiveTitlePatternsE2ETest.php:74

6) MeowSEO\Tests\E2E\ArchiveTitlePatternsE2ETest::test_author_page_title
WordPress test framework is not available. These tests require a full WordPress installation with the WordPress Test Suite.

D:\meowseo\tests\e2e\ArchiveTitlePatternsE2ETest.php:74

7) MeowSEO\Tests\E2E\ArchiveTitlePatternsE2ETest::test_search_results_title
WordPress test framework is not available. These tests require a full WordPress installation with the WordPress Test Suite.

D:\meowseo\tests\e2e\ArchiveTitlePatternsE2ETest.php:74

8) MeowSEO\Tests\E2E\ArchiveTitlePatternsE2ETest::test_date_archive_title
WordPress test framework is not available. These tests require a full WordPress installation with the WordPress Test Suite.

D:\meowseo\tests\e2e\ArchiveTitlePatternsE2ETest.php:74

9) MeowSEO\Tests\E2E\ArchiveTitlePatternsE2ETest::test_404_page_title
WordPress test framework is not available. These tests require a full WordPress installation with the WordPress Test Suite.

D:\meowseo\tests\e2e\ArchiveTitlePatternsE2ETest.php:74

10) MeowSEO\Tests\E2E\ArchiveTitlePatternsE2ETest::test_pagination_variable
WordPress test framework is not available. These tests require a full WordPress installation with the WordPress Test Suite.

D:\meowseo\tests\e2e\ArchiveTitlePatternsE2ETest.php:74

11) MeowSEO\Tests\E2E\ArchiveTitlePatternsE2ETest::test_all_variables_replaced
WordPress test framework is not available. These tests require a full WordPress installation with the WordPress Test Suite.

D:\meowseo\tests\e2e\ArchiveTitlePatternsE2ETest.php:74

12) MeowSEO\Tests\E2E\ArchiveTitlePatternsE2ETest::test_title_output_structure
WordPress test framework is not available. These tests require a full WordPress installation with the WordPress Test Suite.

D:\meowseo\tests\e2e\ArchiveTitlePatternsE2ETest.php:74

13) MeowSEO\Tests\E2E\ArchiveTitlePatternsE2ETest::test_custom_taxonomy_archive_title
WordPress test framework is not available. These tests require a full WordPress installation with the WordPress Test Suite.

D:\meowseo\tests\e2e\ArchiveTitlePatternsE2ETest.php:74

14) MeowSEO\Tests\E2E\ArchiveTitlePatternsE2ETest::test_year_date_archive_title
WordPress test framework is not available. These tests require a full WordPress installation with the WordPress Test Suite.

D:\meowseo\tests\e2e\ArchiveTitlePatternsE2ETest.php:74

15) MeowSEO\Tests\E2E\ArchiveTitlePatternsE2ETest::test_day_date_archive_title
WordPress test framework is not available. These tests require a full WordPress installation with the WordPress Test Suite.

D:\meowseo\tests\e2e\ArchiveTitlePatternsE2ETest.php:74

16) MeowSEO\Tests\E2E\ArchiveTitlePatternsE2ETest::test_empty_search_query
WordPress test framework is not available. These tests require a full WordPress installation with the WordPress Test Suite.

D:\meowseo\tests\e2e\ArchiveTitlePatternsE2ETest.php:74

17) MeowSEO\Tests\E2E\ArchiveTitlePatternsE2ETest::test_pattern_with_multiple_variables
WordPress test framework is not available. These tests require a full WordPress installation with the WordPress Test Suite.

D:\meowseo\tests\e2e\ArchiveTitlePatternsE2ETest.php:74

18) MeowSEO\Tests\E2E\ArchiveTitlePatternsE2ETest::test_homepage_title
WordPress test framework is not available. These tests require a full WordPress installation with the WordPress Test Suite.

D:\meowseo\tests\e2e\ArchiveTitlePatternsE2ETest.php:74

19) MeowSEO\Tests\E2E\ArchiveTitlePatternsE2ETest::test_posttype_variable
WordPress test framework is not available. These tests require a full WordPress installation with the WordPress Test Suite.

D:\meowseo\tests\e2e\ArchiveTitlePatternsE2ETest.php:74

20) MeowSEO\Tests\Integration\MetaModuleRealHooksTest::test_wp_head_output_contains_all_expected_tags
WordPress test framework is not available. These tests require a full WordPress installation with the WordPress Test Suite.

D:\meowseo\tests\integration\MetaModuleRealHooksTest.php:33

21) MeowSEO\Tests\Integration\MetaModuleRealHooksTest::test_document_title_parts_filter_returns_empty_array
WordPress test framework is not available. These tests require a full WordPress installation with the WordPress Test Suite.

D:\meowseo\tests\integration\MetaModuleRealHooksTest.php:33

22) MeowSEO\Tests\Integration\MetaModuleRealHooksTest::test_no_duplicate_title_tags_output
WordPress test framework is not available. These tests require a full WordPress installation with the WordPress Test Suite.

D:\meowseo\tests\integration\MetaModuleRealHooksTest.php:33

23) MeowSEO\Tests\Integration\MetaModuleRealHooksTest::test_meta_tag_output_order
WordPress test framework is not available. These tests require a full WordPress installation with the WordPress Test Suite.

D:\meowseo\tests\integration\MetaModuleRealHooksTest.php:33

24) MeowSEO\Tests\Integration\MetaModuleRealHooksTest::test_title_tag_uses_custom_seo_title
WordPress test framework is not available. These tests require a full WordPress installation with the WordPress Test Suite.

D:\meowseo\tests\integration\MetaModuleRealHooksTest.php:33

25) MeowSEO\Tests\Integration\MetaModuleRealHooksTest::test_meta_description_uses_custom_value
WordPress test framework is not available. These tests require a full WordPress installation with the WordPress Test Suite.

D:\meowseo\tests\integration\MetaModuleRealHooksTest.php:33

26) MeowSEO\Tests\Integration\MetaModuleRealHooksTest::test_canonical_url_is_output
WordPress test framework is not available. These tests require a full WordPress installation with the WordPress Test Suite.

D:\meowseo\tests\integration\MetaModuleRealHooksTest.php:33

27) MeowSEO\Tests\Integration\MetaModuleRealHooksTest::test_robots_meta_tag_is_output
WordPress test framework is not available. These tests require a full WordPress installation with the WordPress Test Suite.

D:\meowseo\tests\integration\MetaModuleRealHooksTest.php:33

28) MeowSEO\Tests\Integration\MetaModuleRealHooksTest::test_no_duplicate_meta_description_tags
WordPress test framework is not available. These tests require a full WordPress installation with the WordPress Test Suite.

D:\meowseo\tests\integration\MetaModuleRealHooksTest.php:33

29) MeowSEO\Tests\Integration\MetaModuleRealHooksTest::test_no_duplicate_canonical_tags
WordPress test framework is not available. These tests require a full WordPress installation with the WordPress Test Suite.

D:\meowseo\tests\integration\MetaModuleRealHooksTest.php:33

30) MeowSEO\Tests\Integration\MetaModuleRealHooksTest::test_theme_title_tag_support_is_removed
WordPress test framework is not available. These tests require a full WordPress installation with the WordPress Test Suite.

D:\meowseo\tests\integration\MetaModuleRealHooksTest.php:33

31) MeowSEO\Tests\Integration\PerformanceBenchmarkTest::test_database_queries_with_cache
WordPress test framework is not available. These tests require a full WordPress installation with the WordPress Test Suite.

D:\meowseo\tests\integration\PerformanceBenchmarkTest.php:33

32) MeowSEO\Tests\Integration\PerformanceBenchmarkTest::test_memory_usage
WordPress test framework is not available. These tests require a full WordPress installation with the WordPress Test Suite.

D:\meowseo\tests\integration\PerformanceBenchmarkTest.php:33

33) MeowSEO\Tests\Integration\PerformanceBenchmarkTest::test_execution_time
WordPress test framework is not available. These tests require a full WordPress installation with the WordPress Test Suite.

D:\meowseo\tests\integration\PerformanceBenchmarkTest.php:33

34) MeowSEO\Tests\Integration\PerformanceBenchmarkTest::test_cache_hit_rate
WordPress test framework is not available. These tests require a full WordPress installation with the WordPress Test Suite.

D:\meowseo\tests\integration\PerformanceBenchmarkTest.php:33

35) MeowSEO\Tests\Integration\PerformanceBenchmarkTest::test_performance_with_large_content
WordPress test framework is not available. These tests require a full WordPress installation with the WordPress Test Suite.

D:\meowseo\tests\integration\PerformanceBenchmarkTest.php:33

36) MeowSEO\Tests\Integration\PerformanceBenchmarkTest::test_performance_with_many_meta_fields
WordPress test framework is not available. These tests require a full WordPress installation with the WordPress Test Suite.

D:\meowseo\tests\integration\PerformanceBenchmarkTest.php:33

37) MeowSEO\Tests\Integration\PluginCompatibilityTest::test_hreflang_output_with_wpml
WordPress test framework is not available. These tests require a full WordPress installation with the WordPress Test Suite.

D:\meowseo\tests\integration\PluginCompatibilityTest.php:33

38) MeowSEO\Tests\Integration\PluginCompatibilityTest::test_hreflang_output_with_polylang
WordPress test framework is not available. These tests require a full WordPress installation with the WordPress Test Suite.

D:\meowseo\tests\integration\PluginCompatibilityTest.php:33

39) MeowSEO\Tests\Integration\PluginCompatibilityTest::test_no_hreflang_without_multilingual_plugins
WordPress test framework is not available. These tests require a full WordPress installation with the WordPress Test Suite.

D:\meowseo\tests\integration\PluginCompatibilityTest.php:33

40) MeowSEO\Tests\Integration\PluginCompatibilityTest::test_no_conflicts_with_yoast
WordPress test framework is not available. These tests require a full WordPress installation with the WordPress Test Suite.

D:\meowseo\tests\integration\PluginCompatibilityTest.php:33

41) MeowSEO\Tests\Integration\PluginCompatibilityTest::test_no_conflicts_with_rankmath
WordPress test framework is not available. These tests require a full WordPress installation with the WordPress Test Suite.

D:\meowseo\tests\integration\PluginCompatibilityTest.php:33

42) MeowSEO\Tests\Integration\PluginCompatibilityTest::test_document_title_parts_filter_returns_empty
WordPress test framework is not available. These tests require a full WordPress installation with the WordPress Test Suite.

D:\meowseo\tests\integration\PluginCompatibilityTest.php:33

43) MeowSEO\Tests\Integration\ThemeCompatibilityTest::test_no_duplicate_title_tags_twentytwentyfour
WordPress test framework is not available. These tests require a full WordPress installation with the WordPress Test Suite.

D:\meowseo\tests\integration\ThemeCompatibilityTest.php:45

44) MeowSEO\Tests\Integration\ThemeCompatibilityTest::test_no_duplicate_meta_description_astra
WordPress test framework is not available. These tests require a full WordPress installation with the WordPress Test Suite.

D:\meowseo\tests\integration\ThemeCompatibilityTest.php:45

45) MeowSEO\Tests\Integration\ThemeCompatibilityTest::test_correct_hook_priority_generatepress
WordPress test framework is not available. These tests require a full WordPress installation with the WordPress Test Suite.

D:\meowseo\tests\integration\ThemeCompatibilityTest.php:45

46) MeowSEO\Tests\Integration\ThemeCompatibilityTest::test_meta_tag_output_order_all_themes
WordPress test framework is not available. These tests require a full WordPress installation with the WordPress Test Suite.

D:\meowseo\tests\integration\ThemeCompatibilityTest.php:45

47) MeowSEO\Tests\Modules\AI\GeneratorTest::test_build_text_prompt_includes_post_title
Requires WordPress context for wp_trim_words() function.

D:\meowseo\tests\modules\ai\GeneratorTest.php:107

48) MeowSEO\Tests\Modules\AI\GeneratorTest::test_build_text_prompt_includes_article_content
Requires WordPress context for wp_trim_words() function.

D:\meowseo\tests\modules\ai\GeneratorTest.php:116

49) MeowSEO\Tests\Modules\AI\GeneratorTest::test_build_text_prompt_includes_json_format
Requires WordPress context for wp_trim_words() function.

D:\meowseo\tests\modules\ai\GeneratorTest.php:125

50) MeowSEO\Tests\Modules\AI\GeneratorTest::test_build_text_prompt_includes_character_limits
Requires WordPress context for wp_trim_words() function.

D:\meowseo\tests\modules\ai\GeneratorTest.php:134

51) MeowSEO\Tests\Modules\AI\GeneratorTest::test_build_text_prompt_includes_excerpt
Requires WordPress context for wp_trim_words() function.

D:\meowseo\tests\modules\ai\GeneratorTest.php:202

52) MeowSEO\Tests\Modules\AI\GeneratorTest::test_build_text_prompt_generates_excerpt_from_content
Requires WordPress context for wp_trim_words() function.

D:\meowseo\tests\modules\ai\GeneratorTest.php:211

53) MeowSEO\Tests\Modules\AI\GeneratorTest::test_build_text_prompt_includes_custom_instructions_when_set
Requires WordPress context for wp_trim_words() function.

D:\meowseo\tests\modules\ai\GeneratorTest.php:220

54) MeowSEO\Tests\Modules\AI\GeneratorTest::test_build_text_prompt_includes_language_preference
Requires WordPress context for wp_trim_words() function.

D:\meowseo\tests\modules\ai\GeneratorTest.php:229

55) MeowSEO\Tests\Modules\AI\GeneratorTest::test_build_text_prompt_does_not_include_language_for_auto
Requires WordPress context for wp_trim_words() function.

D:\meowseo\tests\modules\ai\GeneratorTest.php:238

56) MeowSEO\Tests\Modules\AI\GeneratorTest::test_build_text_prompt_includes_all_required_output_fields
Requires WordPress context for wp_trim_words() function.

D:\meowseo\tests\modules\ai\GeneratorTest.php:299

57) MeowSEO\Tests\Modules\AI\GeneratorTest::test_build_text_prompt_truncates_content_to_max_words
Requires WordPress context for wp_trim_words() function.

D:\meowseo\tests\modules\ai\GeneratorTest.php:327

58) MeowSEO\Tests\Modules\AI\GeneratorTest::test_build_text_prompt_handles_empty_categories_and_tags
Requires WordPress context for wp_trim_words() function.

D:\meowseo\tests\modules\ai\GeneratorTest.php:336

59) MeowSEO\Tests\Modules\AI\GeneratorTest::test_save_image_to_media_library_uses_60_second_timeout
Requires WordPress context for wp_remote_get() and media_handle_sideload() functions.

D:\meowseo\tests\modules\ai\GeneratorTest.php:347

60) MeowSEO\Tests\Modules\AI\GeneratorTest::test_save_image_to_media_library_saves_to_temp_file
Requires WordPress context for wp_tempnam() and file operations.

D:\meowseo\tests\modules\ai\GeneratorTest.php:358

61) MeowSEO\Tests\Modules\AI\GeneratorTest::test_save_image_to_media_library_uploads_to_media_library
Requires WordPress context for media_handle_sideload() function.

D:\meowseo\tests\modules\ai\GeneratorTest.php:369

62) MeowSEO\Tests\Modules\AI\GeneratorTest::test_save_image_to_media_library_sets_featured_image
Requires WordPress context for set_post_thumbnail() function.

D:\meowseo\tests\modules\ai\GeneratorTest.php:380

63) MeowSEO\Tests\Modules\AI\GeneratorTest::test_save_image_to_media_library_sets_alt_text_to_post_title
Requires WordPress context for update_post_meta() function.

D:\meowseo\tests\modules\ai\GeneratorTest.php:391

64) MeowSEO\Tests\Modules\AI\GeneratorTest::test_save_image_to_media_library_sets_image_title_to_post_title
Requires WordPress context for media_handle_sideload() function.

D:\meowseo\tests\modules\ai\GeneratorTest.php:402

65) MeowSEO\Tests\Modules\AI\GeneratorTest::test_save_image_to_media_library_returns_null_on_download_failure
Requires WordPress context for wp_remote_get() function.

D:\meowseo\tests\modules\ai\GeneratorTest.php:413

66) MeowSEO\Tests\Modules\AI\GeneratorTest::test_save_image_to_media_library_returns_null_on_upload_failure
Requires WordPress context for media_handle_sideload() function.

D:\meowseo\tests\modules\ai\GeneratorTest.php:424

67) MeowSEO\Tests\Modules\AI\GeneratorTest::test_save_image_to_media_library_cleans_up_temp_file_on_failure
Requires WordPress context for file operations.

D:\meowseo\tests\modules\ai\GeneratorTest.php:435

68) MeowSEO\Tests\Modules\AI\GeneratorTest::test_save_image_to_media_library_returns_attachment_id_on_success
Requires WordPress context for media_handle_sideload() function.

D:\meowseo\tests\modules\ai\GeneratorTest.php:446

69) MeowSEO\Tests\Modules\Import\ImportSystemEndToEndTest::test_yoast_termmeta_import
Term creation requires full WordPress environment

D:\meowseo\tests\modules\import\ImportSystemEndToEndTest.php:185

70) MeowSEO\Tests\Modules\Import\ImportSystemEndToEndTest::test_import_manager_workflow
Transient API not fully functional in test environment

D:\meowseo\tests\modules\import\ImportSystemEndToEndTest.php:366

71) MeowSEO\Tests\Modules\Import\ImportSystemEndToEndTest::test_import_cancellation
Transient API not fully functional in test environment

D:\meowseo\tests\modules\import\ImportSystemEndToEndTest.php:421

72) MeowSEO\Tests\Modules\Meta\GlobalSEOTest::test_get_current_page_type_returns_string
Global_SEO tests require WordPress test framework with query context

D:\meowseo\tests\modules\meta\GlobalSEOTest.php:60

73) MeowSEO\Tests\Modules\Meta\GlobalSEOTest::test_get_current_page_type_returns_valid_type
Global_SEO tests require WordPress test framework with query context

D:\meowseo\tests\modules\meta\GlobalSEOTest.php:60

74) MeowSEO\Tests\Modules\Meta\GlobalSEOTest::test_get_title_returns_string
Global_SEO tests require WordPress test framework with query context

D:\meowseo\tests\modules\meta\GlobalSEOTest.php:60

75) MeowSEO\Tests\Modules\Meta\GlobalSEOTest::test_get_description_returns_string
Global_SEO tests require WordPress test framework with query context

D:\meowseo\tests\modules\meta\GlobalSEOTest.php:60

76) MeowSEO\Tests\Modules\Meta\GlobalSEOTest::test_get_robots_returns_string
Global_SEO tests require WordPress test framework with query context

D:\meowseo\tests\modules\meta\GlobalSEOTest.php:60

77) MeowSEO\Tests\Modules\Meta\GlobalSEOTest::test_get_robots_contains_google_discover_directives
Global_SEO tests require WordPress test framework with query context

D:\meowseo\tests\modules\meta\GlobalSEOTest.php:60

78) MeowSEO\Tests\Modules\Meta\GlobalSEOTest::test_get_canonical_returns_string
Global_SEO tests require WordPress test framework with query context

D:\meowseo\tests\modules\meta\GlobalSEOTest.php:60

79) MeowSEO\Tests\Modules\Meta\GlobalSEOTest::test_get_canonical_returns_non_empty
Global_SEO tests require WordPress test framework with query context

D:\meowseo\tests\modules\meta\GlobalSEOTest.php:60

80) MeowSEO\Tests\Modules\Meta\GlobalSEOTest::test_constructor_accepts_dependencies
Global_SEO tests require WordPress test framework with query context

D:\meowseo\tests\modules\meta\GlobalSEOTest.php:60

81) MeowSEO\Tests\Modules\Meta\GlobalSEOTest::test_all_public_methods_exist
Global_SEO tests require WordPress test framework with query context

D:\meowseo\tests\modules\meta\GlobalSEOTest.php:60

82) MeowSEO\Tests\Modules\Meta\MetaAnalysisTest::test_get_seo_analysis_returns_valid_structure
Meta analysis tests require WordPress test framework

D:\meowseo\tests\modules\meta\MetaAnalysisTest.php:27

83) MeowSEO\Tests\Modules\Meta\MetaAnalysisTest::test_seo_analysis_score_is_bounded
Meta analysis tests require WordPress test framework

D:\meowseo\tests\modules\meta\MetaAnalysisTest.php:27

84) MeowSEO\Tests\Modules\Meta\MetaAnalysisTest::test_seo_analysis_checks_is_array
Meta analysis tests require WordPress test framework

D:\meowseo\tests\modules\meta\MetaAnalysisTest.php:27

85) MeowSEO\Tests\Modules\Meta\MetaAnalysisTest::test_seo_analysis_color_is_valid
Meta analysis tests require WordPress test framework

D:\meowseo\tests\modules\meta\MetaAnalysisTest.php:27

86) MeowSEO\Tests\Modules\Meta\MetaAnalysisTest::test_get_readability_analysis_returns_valid_structure
Meta analysis tests require WordPress test framework

D:\meowseo\tests\modules\meta\MetaAnalysisTest.php:27

87) MeowSEO\Tests\Modules\Meta\MetaAnalysisTest::test_readability_analysis_score_is_bounded
Meta analysis tests require WordPress test framework

D:\meowseo\tests\modules\meta\MetaAnalysisTest.php:27

88) MeowSEO\Tests\Modules\Meta\MetaAnalysisTest::test_readability_analysis_with_empty_content
Meta analysis tests require WordPress test framework

D:\meowseo\tests\modules\meta\MetaAnalysisTest.php:27

89) MeowSEO\Tests\Modules\Meta\MetaAnalysisTest::test_seo_analysis_with_custom_content_and_keyword
Meta analysis tests require WordPress test framework

D:\meowseo\tests\modules\meta\MetaAnalysisTest.php:27

90) MeowSEO\Tests\Modules\Meta\MetaAnalysisTest::test_seo_analysis_uses_postmeta_focus_keyword
Meta analysis tests require WordPress test framework

D:\meowseo\tests\modules\meta\MetaAnalysisTest.php:27

91) MeowSEO\Tests\Modules\Meta\MetaAnalysisTest::test_seo_analysis_with_invalid_post
Meta analysis tests require WordPress test framework

D:\meowseo\tests\modules\meta\MetaAnalysisTest.php:27

92) MeowSEO\Tests\Modules\Schema\SchemaBuilderTest::test_build_website_returns_correct_structure
WordPress functions already defined. These tests require Brain\Monkey mocking which cannot override existing functions.

D:\meowseo\tests\modules\schema\SchemaBuilderTest.php:48

93) MeowSEO\Tests\Modules\Schema\SchemaBuilderTest::test_build_organization_returns_correct_structure
WordPress functions already defined. These tests require Brain\Monkey mocking which cannot override existing functions.

D:\meowseo\tests\modules\schema\SchemaBuilderTest.php:48

94) MeowSEO\Tests\Modules\Schema\SchemaBuilderTest::test_build_faq_returns_correct_structure
WordPress functions already defined. These tests require Brain\Monkey mocking which cannot override existing functions.

D:\meowseo\tests\modules\schema\SchemaBuilderTest.php:48

95) MeowSEO\Tests\Modules\Schema\SchemaBuilderTest::test_build_faq_returns_empty_for_empty_items
WordPress functions already defined. These tests require Brain\Monkey mocking which cannot override existing functions.

D:\meowseo\tests\modules\schema\SchemaBuilderTest.php:48

96) MeowSEO\Tests\Modules\Schema\SchemaBuilderTest::test_to_json_returns_valid_json
WordPress functions already defined. These tests require Brain\Monkey mocking which cannot override existing functions.

D:\meowseo\tests\modules\schema\SchemaBuilderTest.php:48

97) MeowSEO\Tests\Modules\Sitemap\SitemapGeneratorTest::test_generate_index
WordPress functions already defined. These tests require Brain\Monkey mocking which cannot override existing functions.

D:\meowseo\tests\modules\sitemap\SitemapGeneratorTest.php:44

98) MeowSEO\Tests\Modules\Sitemap\SitemapGeneratorTest::test_generate_child
WordPress functions already defined. These tests require Brain\Monkey mocking which cannot override existing functions.

D:\meowseo\tests\modules\sitemap\SitemapGeneratorTest.php:44

99) MeowSEO\Tests\Modules\Sitemap\SitemapGeneratorTest::test_delete_sitemap
WordPress functions already defined. These tests require Brain\Monkey mocking which cannot override existing functions.

D:\meowseo\tests\modules\sitemap\SitemapGeneratorTest.php:44

100) MeowSEO\Tests\Modules\Sitemap\SitemapGeneratorTest::test_delete_nonexistent_sitemap
WordPress functions already defined. These tests require Brain\Monkey mocking which cannot override existing functions.

D:\meowseo\tests\modules\sitemap\SitemapGeneratorTest.php:44

101) MeowSEO\Tests\Modules\Sitemap\SitemapIntegrationTest::test_sitemap_module_loads
WordPress functions already defined. These tests require Brain\Monkey mocking which cannot override existing functions.

D:\meowseo\tests\modules\sitemap\SitemapIntegrationTest.php:32

102) MeowSEO\Tests\Modules\Sitemap\SitemapIntegrationTest::test_sitemap_module_not_loaded_when_disabled
WordPress functions already defined. These tests require Brain\Monkey mocking which cannot override existing functions.

D:\meowseo\tests\modules\sitemap\SitemapIntegrationTest.php:32

103) MeowSEO\Tests\Modules\Sitemap\SitemapRequirementsTest::test_requirement_6_1_generates_physical_files
WordPress functions already defined. These tests require Brain\Monkey mocking which cannot override existing functions.

D:\meowseo\tests\modules\sitemap\SitemapRequirementsTest.php:33

104) MeowSEO\Tests\Modules\Sitemap\SitemapRequirementsTest::test_requirement_6_2_cache_stores_paths
WordPress functions already defined. These tests require Brain\Monkey mocking which cannot override existing functions.

D:\meowseo\tests\modules\sitemap\SitemapRequirementsTest.php:33

105) MeowSEO\Tests\Modules\Sitemap\SitemapRequirementsTest::test_requirement_6_4_lock_pattern_implemented
WordPress functions already defined. These tests require Brain\Monkey mocking which cannot override existing functions.

D:\meowseo\tests\modules\sitemap\SitemapRequirementsTest.php:33

106) MeowSEO\Tests\Modules\Sitemap\SitemapRequirementsTest::test_requirement_6_7_image_entries_supported
WordPress functions already defined. These tests require Brain\Monkey mocking which cannot override existing functions.

D:\meowseo\tests\modules\sitemap\SitemapRequirementsTest.php:33

107) MeowSEO\Tests\Modules\Sitemap\SitemapRequirementsTest::test_requirement_6_8_noindex_posts_excluded
WordPress functions already defined. These tests require Brain\Monkey mocking which cannot override existing functions.

D:\meowseo\tests\modules\sitemap\SitemapRequirementsTest.php:33

108) MeowSEO\Tests\Modules\Sitemap\SitemapRequirementsTest::test_xml_structure_is_valid
WordPress functions already defined. These tests require Brain\Monkey mocking which cannot override existing functions.

D:\meowseo\tests\modules\sitemap\SitemapRequirementsTest.php:33

109) MeowSEO\Tests\Modules\Sitemap\SitemapTest::test_get_id
WordPress functions already defined. These tests require Brain\Monkey mocking which cannot override existing functions.

D:\meowseo\tests\modules\sitemap\SitemapTest.php:31

110) MeowSEO\Tests\Modules\Sitemap\SitemapTest::test_boot
WordPress functions already defined. These tests require Brain\Monkey mocking which cannot override existing functions.

D:\meowseo\tests\modules\sitemap\SitemapTest.php:31

111) MeowSEO\Tests\Modules\Social\SocialModuleTest::test_get_social_data_defaults
Social module tests require WordPress test framework with factory support

D:\meowseo\tests\modules\social\SocialModuleTest.php:66

112) MeowSEO\Tests\Modules\Social\SocialModuleTest::test_get_social_data_with_overrides
Social module tests require WordPress test framework with factory support

D:\meowseo\tests\modules\social\SocialModuleTest.php:73

113) MeowSEO\Tests\Modules\Social\SocialModuleTest::test_social_image_fallback
Social module tests require WordPress test framework with factory support

D:\meowseo\tests\modules\social\SocialModuleTest.php:80

114) MeowSEO\Tests\Modules\Social\SocialModuleTest::test_cache_invalidation
Social module tests require WordPress test framework with factory support

D:\meowseo\tests\modules\social\SocialModuleTest.php:87

115) MeowSEO\Tests\Modules\Social\SocialModuleTest::test_og_type_for_post_types
Social module tests require WordPress test framework with factory support

D:\meowseo\tests\modules\social\SocialModuleTest.php:94

116) MeowSEO\Tests\Modules\WooCommerce\WooCommerceModuleTest::test_generate_product_schema_returns_empty_for_nonexistent_product
WooCommerce is not active

D:\meowseo\tests\modules\woocommerce\WooCommerceModuleTest.php:95

117) MeowSEO\Tests\Modules\WooCommerce\WooCommerceModuleTest::test_generate_product_schema_includes_required_fields
WooCommerce is not active

D:\meowseo\tests\modules\woocommerce\WooCommerceModuleTest.php:112

118) MeowSEO\Tests\Modules\WooCommerce\WooCommerceModuleTest::test_generate_product_schema_includes_description
WooCommerce is not active

D:\meowseo\tests\modules\woocommerce\WooCommerceModuleTest.php:148

119) MeowSEO\Tests\Modules\WooCommerce\WooCommerceModuleTest::test_generate_product_schema_includes_sku
WooCommerce is not active

D:\meowseo\tests\modules\woocommerce\WooCommerceModuleTest.php:176

120) MeowSEO\Tests\Modules\WooCommerce\WooCommerceModuleTest::test_generate_product_schema_includes_offers_with_price
WooCommerce is not active

D:\meowseo\tests\modules\woocommerce\WooCommerceModuleTest.php:204

121) MeowSEO\Tests\Modules\WooCommerce\WooCommerceModuleTest::test_generate_product_schema_availability_in_stock
WooCommerce is not active

D:\meowseo\tests\modules\woocommerce\WooCommerceModuleTest.php:246

122) MeowSEO\Tests\Modules\WooCommerce\WooCommerceModuleTest::test_generate_product_schema_availability_out_of_stock
WooCommerce is not active

D:\meowseo\tests\modules\woocommerce\WooCommerceModuleTest.php:277

123) MeowSEO\Tests\Modules\WooCommerce\WooCommerceModuleTest::test_generate_product_schema_includes_aggregate_rating_with_reviews
WooCommerce is not active

D:\meowseo\tests\modules\woocommerce\WooCommerceModuleTest.php:308

124) MeowSEO\Tests\Modules\WooCommerce\WooCommerceModuleTest::test_generate_product_schema_no_aggregate_rating_without_reviews
WooCommerce is not active

D:\meowseo\tests\modules\woocommerce\WooCommerceModuleTest.php:350

125) MeowSEO\Tests\Modules\WooCommerce\WooCommerceModuleTest::test_generate_product_schema_validates_schema
WooCommerce is not active

D:\meowseo\tests\modules\woocommerce\WooCommerceModuleTest.php:378

126) MeowSEO\Tests\Modules\WooCommerce\WooCommerceModuleTest::test_add_product_sitemap_metadata_adds_priority_and_changefreq
WooCommerce is not active

D:\meowseo\tests\modules\woocommerce\WooCommerceModuleTest.php:482

127) MeowSEO\Tests\Modules\WooCommerce\WooCommerceModuleTest::test_add_products_to_sitemap_adds_products
WooCommerce is not active

D:\meowseo\tests\modules\woocommerce\WooCommerceModuleTest.php:565

128) MeowSEO\Tests\Modules\WooCommerce\WooCommerceModuleTest::test_add_products_to_sitemap_excludes_out_of_stock_when_enabled
WooCommerce is not active

D:\meowseo\tests\modules\woocommerce\WooCommerceModuleTest.php:605

129) MeowSEO\Tests\Modules\WooCommerce\WooCommerceModuleTest::test_add_products_to_sitemap_includes_out_of_stock_when_disabled
WooCommerce is not active

D:\meowseo\tests\modules\woocommerce\WooCommerceModuleTest.php:642

130) MeowSEO\Tests\Modules\WooCommerce\WooCommerceModuleTest::test_add_products_to_sitemap_uses_product_modified_date
WooCommerce is not active

D:\meowseo\tests\modules\woocommerce\WooCommerceModuleTest.php:677

131) MeowSEO\Tests\Modules\WooCommerce\WooCommerceModuleTest::test_get_product_meta_returns_empty_when_not_on_product_page
WooCommerce is not active

D:\meowseo\tests\modules\woocommerce\WooCommerceModuleTest.php:726

132) MeowSEO\Tests\Modules\WooCommerce\WooCommerceModuleTest::test_get_product_meta_includes_required_fields_for_category
WooCommerce is not active

D:\meowseo\tests\modules\woocommerce\WooCommerceModuleTest.php:744

133) MeowSEO\Tests\Modules\WooCommerce\WooCommerceModuleTest::test_get_product_meta_uses_category_description
WooCommerce is not active

D:\meowseo\tests\modules\woocommerce\WooCommerceModuleTest.php:774

134) MeowSEO\Tests\Modules\WooCommerce\WooCommerceModuleTest::test_get_product_meta_generates_fallback_description
WooCommerce is not active

D:\meowseo\tests\modules\woocommerce\WooCommerceModuleTest.php:804

135) MeowSEO\Tests\Modules\WooCommerce\WooCommerceModuleTest::test_get_product_meta_returns_meta_for_shop_page
WooCommerce is not active

D:\meowseo\tests\modules\woocommerce\WooCommerceModuleTest.php:832

136) MeowSEO\Tests\Modules\WooCommerce\WooCommerceModuleTest::test_generate_product_breadcrumbs_returns_empty_for_nonexistent_product
WooCommerce is not active

D:\meowseo\tests\modules\woocommerce\WooCommerceModuleTest.php:867

137) MeowSEO\Tests\Modules\WooCommerce\WooCommerceModuleTest::test_generate_product_breadcrumbs_includes_home_and_shop
WooCommerce is not active

D:\meowseo\tests\modules\woocommerce\WooCommerceModuleTest.php:884

138) MeowSEO\Tests\Modules\WooCommerce\WooCommerceModuleTest::test_generate_product_breadcrumbs_includes_product_title
WooCommerce is not active

D:\meowseo\tests\modules\woocommerce\WooCommerceModuleTest.php:932

139) MeowSEO\Tests\Modules\WooCommerce\WooCommerceModuleTest::test_generate_product_breadcrumbs_includes_category_hierarchy
WooCommerce is not active

D:\meowseo\tests\modules\woocommerce\WooCommerceModuleTest.php:963

140) MeowSEO\Tests\Modules\WooCommerce\WooCommerceModuleTest::test_generate_product_breadcrumbs_uses_primary_category
WooCommerce is not active

D:\meowseo\tests\modules\woocommerce\WooCommerceModuleTest.php:1022

141) MeowSEO\Tests\Modules\WooCommerce\WooCommerceModuleTest::test_generate_product_breadcrumbs_generates_schema
WooCommerce is not active

D:\meowseo\tests\modules\woocommerce\WooCommerceModuleTest.php:1075

142) MeowSEO\Tests\Modules\WooCommerce\WooCommerceModuleTest::test_generate_product_breadcrumbs_schema_positions_are_sequential
WooCommerce is not active

D:\meowseo\tests\modules\woocommerce\WooCommerceModuleTest.php:1124

143) MeowSEO\Tests\Modules\WooCommerce\WooCommerceModuleTest::test_generate_product_breadcrumbs_schema_includes_item_urls
WooCommerce is not active

D:\meowseo\tests\modules\woocommerce\WooCommerceModuleTest.php:1155

144) MeowSEO\Tests\Modules\WooCommerce\WooCommerceModuleTest::test_generate_product_breadcrumbs_returns_consistent_structure
WooCommerce is not active

D:\meowseo\tests\modules\woocommerce\WooCommerceModuleTest.php:1187

145) MeowSEO\Tests\Properties\MetaProperty03GoogleDiscoverDirectivesTest::test_google_discover_directives_always_present
This test requires WordPress test framework with factory support

D:\meowseo\tests\properties\MetaPropertyTestCase.php:30

146) MeowSEO\Tests\Properties\MetaProperty04CanonicalPaginationStrippingTest::test_canonical_strips_pagination_params
This test requires WordPress test framework with factory support

D:\meowseo\tests\properties\MetaPropertyTestCase.php:30

147) MeowSEO\Tests\Properties\MetaProperty05CanonicalAlwaysPresentTest::test_canonical_always_present
This test requires WordPress test framework with factory support

D:\meowseo\tests\properties\MetaPropertyTestCase.php:30

148) MeowSEO\Tests\Properties\MetaProperty08TwitterCardIndependenceTest::test_twitter_card_independence
This test requires WordPress test framework with factory support

D:\meowseo\tests\properties\MetaPropertyTestCase.php:30

149) MeowSEO\Tests\Properties\MetaProperty08TwitterCardIndependenceTest::test_twitter_description_independence
This test requires WordPress test framework with factory support

D:\meowseo\tests\properties\MetaPropertyTestCase.php:30

150) MeowSEO\Tests\Properties\MetaProperty10TitleFallbackChainTest::test_title_fallback_chain_completeness
This test requires WordPress test framework with factory support

D:\meowseo\tests\properties\MetaPropertyTestCase.php:30

151) MeowSEO\Tests\Properties\MetaProperty10TitleFallbackChainTest::test_title_never_empty_with_empty_inputs
This test requires WordPress test framework with factory support

D:\meowseo\tests\properties\MetaPropertyTestCase.php:30

152) MeowSEO\Tests\Properties\MetaProperty11DescriptionFallbackChainTest::test_description_fallback_chain_completeness
This test requires WordPress test framework with factory support

D:\meowseo\tests\properties\MetaPropertyTestCase.php:30

153) MeowSEO\Tests\Properties\MetaProperty11DescriptionFallbackChainTest::test_description_empty_when_all_sources_empty
This test requires WordPress test framework with factory support

D:\meowseo\tests\properties\MetaPropertyTestCase.php:30

154) MeowSEO\Tests\Properties\MetaProperty12DescriptionTruncationTest::test_description_truncation_strips_html
This test requires WordPress test framework with factory support

D:\meowseo\tests\properties\MetaPropertyTestCase.php:30

155) MeowSEO\Tests\Properties\MetaProperty12DescriptionTruncationTest::test_description_truncation_strips_shortcodes
This test requires WordPress test framework with factory support

D:\meowseo\tests\properties\MetaPropertyTestCase.php:30

156) MeowSEO\Tests\Properties\MetaProperty12DescriptionTruncationTest::test_long_text_truncated_to_160_chars
This test requires WordPress test framework with factory support

D:\meowseo\tests\properties\MetaPropertyTestCase.php:30

157) MeowSEO\Tests\Properties\MetaProperty13OGImageFallbackChainTest::test_og_image_uses_custom_when_set
This test requires WordPress test framework with factory support

D:\meowseo\tests\properties\MetaPropertyTestCase.php:30

158) MeowSEO\Tests\Properties\MetaProperty13OGImageFallbackChainTest::test_og_image_empty_when_no_sources
This test requires WordPress test framework with factory support

D:\meowseo\tests\properties\MetaPropertyTestCase.php:30

159) MeowSEO\Tests\Properties\MetaProperty13OGImageFallbackChainTest::test_og_image_result_structure
This test requires WordPress test framework with factory support

D:\meowseo\tests\properties\MetaPropertyTestCase.php:30

160) MeowSEO\Tests\Properties\MetaProperty14OGImageDimensionValidationTest::test_og_image_dimension_validation
This test requires WordPress test framework with factory support

D:\meowseo\tests\properties\MetaPropertyTestCase.php:30

161) MeowSEO\Tests\Properties\MetaProperty15OGImageReturnStructureTest::test_og_image_return_structure
This test requires WordPress test framework with factory support

D:\meowseo\tests\properties\MetaPropertyTestCase.php:30

162) MeowSEO\Tests\Properties\MetaProperty16CanonicalFallbackChainTest::test_canonical_uses_custom_when_set
This test requires WordPress test framework with factory support

D:\meowseo\tests\properties\MetaPropertyTestCase.php:30

163) MeowSEO\Tests\Properties\MetaProperty16CanonicalFallbackChainTest::test_canonical_never_empty
This test requires WordPress test framework with factory support

D:\meowseo\tests\properties\MetaPropertyTestCase.php:30

164) MeowSEO\Tests\Properties\MetaProperty17RobotsDirectiveMergingTest::test_robots_directive_merging
This test requires WordPress test framework with factory support

D:\meowseo\tests\properties\MetaPropertyTestCase.php:30

165) MeowSEO\Tests\Property11SitemapCacheStorageTest::test_sitemap_cache_stores_paths_not_xml_content
WordPress functions already defined. These tests require Brain\Monkey mocking which cannot override existing functions.

D:\meowseo\tests\properties\Property11SitemapCacheStorageTest.php:42

166) MeowSEO\Tests\Property11SitemapCacheStorageTest::test_cached_sitemap_paths_are_always_strings
WordPress functions already defined. These tests require Brain\Monkey mocking which cannot override existing functions.

D:\meowseo\tests\properties\Property11SitemapCacheStorageTest.php:42

167) MeowSEO\Tests\Property11SitemapCacheStorageTest::test_cached_sitemap_paths_never_contain_xml_markup
WordPress functions already defined. These tests require Brain\Monkey mocking which cannot override existing functions.

D:\meowseo\tests\properties\Property11SitemapCacheStorageTest.php:42

168) MeowSEO\Tests\Property11SitemapCacheStorageTest::test_cached_sitemap_paths_are_valid_filesystem_paths
WordPress functions already defined. These tests require Brain\Monkey mocking which cannot override existing functions.

D:\meowseo\tests\properties\Property11SitemapCacheStorageTest.php:42

169) MeowSEO\Tests\Property11SitemapCacheStorageTest::test_cached_sitemap_paths_follow_naming_convention
WordPress functions already defined. These tests require Brain\Monkey mocking which cannot override existing functions.

D:\meowseo\tests\properties\Property11SitemapCacheStorageTest.php:42

170) MeowSEO\Tests\Property11SitemapCacheStorageTest::test_cached_sitemap_paths_are_deterministic
WordPress functions already defined. These tests require Brain\Monkey mocking which cannot override existing functions.

D:\meowseo\tests\properties\Property11SitemapCacheStorageTest.php:42

171) MeowSEO\Tests\Property11SitemapCacheStorageTest::test_cached_sitemap_paths_do_not_contain_xml_content_indicators
WordPress functions already defined. These tests require Brain\Monkey mocking which cannot override existing functions.

D:\meowseo\tests\properties\Property11SitemapCacheStorageTest.php:42

172) MeowSEO\Tests\Property16_404HitCountPreservationTest::test_404_flush_preserves_total_hit_counts
Skipping due to wpdb mock limitations with Eris property-based testing

D:\meowseo\tests\properties\Property16_404HitCountPreservationTest.php:303

173) MeowSEO\Tests\Property16_404HitCountPreservationTest::test_hit_counts_incremented_not_overwritten
Skipping due to wpdb mock limitations with Eris property-based testing

D:\meowseo\tests\properties\Property16_404HitCountPreservationTest.php:364

174) MeowSEO\Tests\Property16_404HitCountPreservationTest::test_multiple_urls_tracked_independently
Skipping due to wpdb mock limitations with Eris property-based testing

D:\meowseo\tests\properties\Property16_404HitCountPreservationTest.php:438

175) MeowSEO\Tests\Property16_404HitCountPreservationTest::test_last_seen_timestamp_updated_to_most_recent
Skipping due to wpdb mock limitations with Eris property-based testing

D:\meowseo\tests\properties\Property16_404HitCountPreservationTest.php:499

176) MeowSEO\Tests\Property16_404HitCountPreservationTest::test_aggregated_hits_correctly_summed
Skipping due to wpdb mock limitations with Eris property-based testing

D:\meowseo\tests\properties\Property16_404HitCountPreservationTest.php:573

177) MeowSEO\Tests\Property16_404HitCountPreservationTest::test_hit_count_never_decreases
Skipping due to wpdb mock limitations with Eris property-based testing

D:\meowseo\tests\properties\Property16_404HitCountPreservationTest.php:630

178) MeowSEO\Tests\Property16_404HitCountPreservationTest::test_concurrent_flushes_preserve_hit_counts
Skipping due to wpdb mock limitations with Eris property-based testing

D:\meowseo\tests\properties\Property16_404HitCountPreservationTest.php:683

179) MeowSEO\Tests\Property16_404HitCountPreservationTest::test_first_seen_timestamp_preserved
Skipping due to wpdb mock limitations with Eris property-based testing

D:\meowseo\tests\properties\Property16_404HitCountPreservationTest.php:739

180) MeowSEO\Tests\Property17_GSCQueueProcessingLimitTest::test_gsc_queue_processor_respects_10_item_limit
Skipping due to wpdb mock limitations with Eris property-based testing

D:\meowseo\tests\properties\Property17_GSCQueueProcessingLimitTest.php:244

181) MeowSEO\Tests\Property17_GSCQueueProcessingLimitTest::test_queue_returns_exactly_10_when_more_available
Skipping due to wpdb mock limitations with Eris property-based testing

D:\meowseo\tests\properties\Property17_GSCQueueProcessingLimitTest.php:295

182) MeowSEO\Tests\Property17_GSCQueueProcessingLimitTest::test_queue_returns_fewer_than_10_when_fewer_available
Skipping due to wpdb mock limitations with Eris property-based testing

D:\meowseo\tests\properties\Property17_GSCQueueProcessingLimitTest.php:335

183) MeowSEO\Tests\Property17_GSCQueueProcessingLimitTest::test_only_pending_entries_fetched
Skipping due to wpdb mock limitations with Eris property-based testing

D:\meowseo\tests\properties\Property17_GSCQueueProcessingLimitTest.php:375

184) MeowSEO\Tests\Property17_GSCQueueProcessingLimitTest::test_entries_with_future_retry_after_not_fetched
Skipping due to wpdb mock limitations with Eris property-based testing

D:\meowseo\tests\properties\Property17_GSCQueueProcessingLimitTest.php:437

185) MeowSEO\Tests\Property17_GSCQueueProcessingLimitTest::test_queue_entries_ordered_by_creation_time
Skipping due to wpdb mock limitations with Eris property-based testing

D:\meowseo\tests\properties\Property17_GSCQueueProcessingLimitTest.php:493

186) MeowSEO\Tests\Property17_GSCQueueProcessingLimitTest::test_multiple_consecutive_fetches_process_all_entries
Skipping due to wpdb mock limitations with Eris property-based testing

D:\meowseo\tests\properties\Property17_GSCQueueProcessingLimitTest.php:542

187) MeowSEO\Tests\Property17_GSCQueueProcessingLimitTest::test_empty_queue_returns_empty_array
Skipping due to wpdb mock limitations with Eris property-based testing

D:\meowseo\tests\properties\Property17_GSCQueueProcessingLimitTest.php:595

188) MeowSEO\Tests\Property17_GSCQueueProcessingLimitTest::test_limit_parameter_is_respected
Skipping due to wpdb mock limitations with Eris property-based testing

D:\meowseo\tests\properties\Property17_GSCQueueProcessingLimitTest.php:617

189) MeowSEO\Tests\Property18_GSCExponentialBackoffTest::test_exponential_backoff_delay_is_correct
Skipping due to wpdb mock limitations with Eris property-based testing

D:\meowseo\tests\properties\Property18_GSCExponentialBackoffTest.php:238

190) MeowSEO\Tests\Property18_GSCExponentialBackoffTest::test_backoff_increases_exponentially_with_attempts
Skipping due to wpdb mock limitations with Eris property-based testing

D:\meowseo\tests\properties\Property18_GSCExponentialBackoffTest.php:305

191) MeowSEO\Tests\Property18_GSCExponentialBackoffTest::test_backoff_formula_produces_correct_values
Skipping due to wpdb mock limitations with Eris property-based testing

D:\meowseo\tests\properties\Property18_GSCExponentialBackoffTest.php:355

192) MeowSEO\Tests\Property18_GSCExponentialBackoffTest::test_backoff_prevents_immediate_retry
Skipping due to wpdb mock limitations with Eris property-based testing

D:\meowseo\tests\properties\Property18_GSCExponentialBackoffTest.php:386

193) MeowSEO\Tests\Property18_GSCExponentialBackoffTest::test_backoff_applied_consistently
Skipping due to wpdb mock limitations with Eris property-based testing

D:\meowseo\tests\properties\Property18_GSCExponentialBackoffTest.php:442

194) MeowSEO\Tests\Property18_GSCExponentialBackoffTest::test_backoff_handles_maximum_attempts
Skipping due to wpdb mock limitations with Eris property-based testing

D:\meowseo\tests\properties\Property18_GSCExponentialBackoffTest.php:489

195) MeowSEO\Tests\Property18_GSCExponentialBackoffTest::test_backoff_delay_is_in_seconds
Skipping due to wpdb mock limitations with Eris property-based testing

D:\meowseo\tests\properties\Property18_GSCExponentialBackoffTest.php:537

196) MeowSEO\Tests\Property18_GSCExponentialBackoffTest::test_multiple_rate_limits_accumulate_backoff
Skipping due to wpdb mock limitations with Eris property-based testing

D:\meowseo\tests\properties\Property18_GSCExponentialBackoffTest.php:591

197) MeowSEO\Tests\Property28NonceVerificationTest::test_delete_request_with_invalid_nonce_returns_403
Skipping due to Eris/WP_UnitTestCase compatibility issues

D:\meowseo\tests\properties\Property28NonceVerificationTest.php:125

198) MeowSEO\Tests\Property28NonceVerificationTest::test_delete_request_without_manage_options_returns_403
Skipping due to Eris/WP_UnitTestCase compatibility issues

D:\meowseo\tests\properties\Property28NonceVerificationTest.php:191

FAILURES!
Tests: 1389, Assertions: 136897, Failures: 22, Skipped: 198, Incomplete: 1, Risky: 3.
